Linear part:
dh(pk(x),y) = dh(pk(y),x)
Completing equations...
Completed equations:
dh(pk(x),y) = dh(pk(y),x)
Convergent part: No equation.
Process 0 (that is, the initial process):
{1}new siA: exponent;
{2}let SA: G = pk(siA) in
{3}new srB: exponent;
{4}let SB: G = pk(srB) in
{5}new psk: key;
{6}out(net, (SA,SB));
(
    {7}!
    {8}let si: exponent = siA in
    {9}let psk_1: key = psk in
    {10}event InitiatorBegin(SA,SB);
    {11}new ei: exponent;
    {12}let Ei: G = pk(ei) in
    {13}let ck1: key = kdf1(CK0,g2b(Ei)) in
    {14}let hi1: bitstring = hT1(SB,Ei) in
    {15}let es: key = dh(SB,ei) in
    {16}let ck2: key = kdf2a(ck1,k2b(es)) in
    {17}let k1: key = kdf2b(ck1,k2b(es)) in
    {18}let msgStatic: bitstring = aead(k1,zero_nonce,g2b(SA),hi1) in
    {19}let hi2: bitstring = hT2(SB,Ei,msgStatic) in
    {20}let ss: key = dh(SB,si) in
    {21}let ck3: key = kdf2a(ck2,k2b(ss)) in
    {22}let k2: key = kdf2b(ck2,k2b(ss)) in
    {23}new tai64n: bitstring;
    {24}let msgTs: bitstring = aead(k2,zero_nonce,tai64n,hi2) in
    {25}let hi3: bitstring = hT3(SB,Ei,msgStatic,msgTs) in
    {26}let mac1: bitstring = mac(hash(concat(LABEL_MAC1,g2b(SB))),concat(g2b(Ei),concat(msgStatic,msgTs))) in
    {27}out(net, (Ei,msgStatic,msgTs,mac1));
    {28}in(net, (Er: G,msgEmpty: bitstring,mac1r: bitstring));
    {29}let ck4: key = kdf1(ck3,g2b(Er)) in
    {30}let hi4: bitstring = hT4(SB,Ei,msgStatic,msgTs,Er) in
    {31}let ck5: key = kdf1(ck4,k2b(dh(Er,ei))) in
    {32}let ck6: key = kdf1(ck5,k2b(dh(Er,si))) in
    {33}let ck7: key = kdf3a(ck6,k2b(psk_1)) in
    {34}let tau: key = kdf3b(ck6,k2b(psk_1)) in
    {35}let k3: key = kdf3c(ck6,k2b(psk_1)) in
    {36}let hi5: bitstring = hT5(SB,Ei,msgStatic,msgTs,Er,tau) in
    {37}let =EMPTY = aead_dec(k3,zero_nonce,msgEmpty,hi5) in
    {38}let tkI: key = kdf2a(ck7,KEMPTY) in
    {39}let tkR: key = kdf2b(ck7,KEMPTY) in
    {40}event InitiatorDone(SA,SB,tkI,tkR);
    {41}out(net, aead(tkI,zero_nonce,witnessI,EMPTY))
) | (
    {42}!
    {43}let sr: exponent = srB in
    {44}let psk_2: key = psk in
    {45}in(net, (Ei_1: G,msgStatic_1: bitstring,msgTs_1: bitstring,mac1_1: bitstring));
    {46}let ck1_1: key = kdf1(CK0,g2b(Ei_1)) in
    {47}let hr1: bitstring = hT1(SB,Ei_1) in
    {48}let es_1: key = dh(Ei_1,sr) in
    {49}let ck2_1: key = kdf2a(ck1_1,k2b(es_1)) in
    {50}let k1_1: key = kdf2b(ck1_1,k2b(es_1)) in
    {51}let g2b(Si: G) = aead_dec(k1_1,zero_nonce,msgStatic_1,hr1) in
    {52}let hr2: bitstring = hT2(SB,Ei_1,msgStatic_1) in
    {53}let ss_1: key = dh(Si,sr) in
    {54}let ck3_1: key = kdf2a(ck2_1,k2b(ss_1)) in
    {55}let k2_1: key = kdf2b(ck2_1,k2b(ss_1)) in
    {56}let tai64n_1: bitstring = aead_dec(k2_1,zero_nonce,msgTs_1,hr2) in
    {57}let hr3: bitstring = hT3(SB,Ei_1,msgStatic_1,msgTs_1) in
    {58}new er: exponent;
    {59}let Er_1: G = pk(er) in
    {60}let ck4_1: key = kdf1(ck3_1,g2b(Er_1)) in
    {61}let hr4: bitstring = hT4(SB,Ei_1,msgStatic_1,msgTs_1,Er_1) in
    {62}let ck5_1: key = kdf1(ck4_1,k2b(dh(Ei_1,er))) in
    {63}let ck6_1: key = kdf1(ck5_1,k2b(dh(Si,er))) in
    {64}let ck7_1: key = kdf3a(ck6_1,k2b(psk_2)) in
    {65}let tau_1: key = kdf3b(ck6_1,k2b(psk_2)) in
    {66}let k3_1: key = kdf3c(ck6_1,k2b(psk_2)) in
    {67}let hr5: bitstring = hT5(SB,Ei_1,msgStatic_1,msgTs_1,Er_1,tau_1) in
    {68}let msgEmpty_1: bitstring = aead(k3_1,zero_nonce,EMPTY,hr5) in
    {69}let mac1r_1: bitstring = mac(hash(concat(LABEL_MAC1,g2b(Si))),concat(g2b(Er_1),msgEmpty_1)) in
    {70}let tkI_1: key = kdf2a(ck7_1,KEMPTY) in
    {71}let tkR_1: key = kdf2b(ck7_1,KEMPTY) in
    {72}event ResponderBegin(Si,SB,tkI_1,tkR_1);
    {73}out(net, (Er_1,msgEmpty_1,mac1r_1));
    {74}in(net, ct: bitstring);
    {75}let pt: bitstring = aead_dec(tkI_1,zero_nonce,ct,EMPTY) in
    {76}event ResponderDone(Si,SB,tkI_1,tkR_1);
    {77}out(net, aead(tkR_1,zero_nonce,witnessR,EMPTY))
) | (
    {78}phase 1;
    {79}out(net, (siA,srB))
)

--  Process 1 (that is, process 0, with let moved downwards):
{1}new siA: exponent;
{3}new srB: exponent;
{5}new psk: key;
{4}let SB: G = pk(srB) in
{2}let SA: G = pk(siA) in
{6}out(net, (SA,SB));
(
    {7}!
    {10}event InitiatorBegin(SA,SB);
    {11}new ei: exponent;
    {23}new tai64n: bitstring;
    {8}let si: exponent = siA in
    {20}let ss: key = dh(SB,si) in
    {15}let es: key = dh(SB,ei) in
    {12}let Ei: G = pk(ei) in
    {13}let ck1: key = kdf1(CK0,g2b(Ei)) in
    {16}let ck2: key = kdf2a(ck1,k2b(es)) in
    {22}let k2: key = kdf2b(ck2,k2b(ss)) in
    {17}let k1: key = kdf2b(ck1,k2b(es)) in
    {14}let hi1: bitstring = hT1(SB,Ei) in
    {18}let msgStatic: bitstring = aead(k1,zero_nonce,g2b(SA),hi1) in
    {19}let hi2: bitstring = hT2(SB,Ei,msgStatic) in
    {24}let msgTs: bitstring = aead(k2,zero_nonce,tai64n,hi2) in
    {26}let mac1: bitstring = mac(hash(concat(LABEL_MAC1,g2b(SB))),concat(g2b(Ei),concat(msgStatic,msgTs))) in
    {27}out(net, (Ei,msgStatic,msgTs,mac1));
    {28}in(net, (Er: G,msgEmpty: bitstring,mac1r: bitstring));
    {21}let ck3: key = kdf2a(ck2,k2b(ss)) in
    {29}let ck4: key = kdf1(ck3,g2b(Er)) in
    {31}let ck5: key = kdf1(ck4,k2b(dh(Er,ei))) in
    {32}let ck6: key = kdf1(ck5,k2b(dh(Er,si))) in
    {9}let psk_1: key = psk in
    {34}let tau: key = kdf3b(ck6,k2b(psk_1)) in
    {36}let hi5: bitstring = hT5(SB,Ei,msgStatic,msgTs,Er,tau) in
    {35}let k3: key = kdf3c(ck6,k2b(psk_1)) in
    {37}let =EMPTY = aead_dec(k3,zero_nonce,msgEmpty,hi5) in
    {33}let ck7: key = kdf3a(ck6,k2b(psk_1)) in
    {39}let tkR: key = kdf2b(ck7,KEMPTY) in
    {38}let tkI: key = kdf2a(ck7,KEMPTY) in
    {40}event InitiatorDone(SA,SB,tkI,tkR);
    {41}out(net, aead(tkI,zero_nonce,witnessI,EMPTY))
) | (
    {42}!
    {45}in(net, (Ei_1: G,msgStatic_1: bitstring,msgTs_1: bitstring,mac1_1: bitstring));
    {43}let sr: exponent = srB in
    {48}let es_1: key = dh(Ei_1,sr) in
    {46}let ck1_1: key = kdf1(CK0,g2b(Ei_1)) in
    {50}let k1_1: key = kdf2b(ck1_1,k2b(es_1)) in
    {47}let hr1: bitstring = hT1(SB,Ei_1) in
    {51}let g2b(Si: G) = aead_dec(k1_1,zero_nonce,msgStatic_1,hr1) in
    {53}let ss_1: key = dh(Si,sr) in
    {49}let ck2_1: key = kdf2a(ck1_1,k2b(es_1)) in
    {55}let k2_1: key = kdf2b(ck2_1,k2b(ss_1)) in
    {52}let hr2: bitstring = hT2(SB,Ei_1,msgStatic_1) in
    {56}let tai64n_1: bitstring = aead_dec(k2_1,zero_nonce,msgTs_1,hr2) in
    {58}new er: exponent;
    {59}let Er_1: G = pk(er) in
    {54}let ck3_1: key = kdf2a(ck2_1,k2b(ss_1)) in
    {60}let ck4_1: key = kdf1(ck3_1,g2b(Er_1)) in
    {62}let ck5_1: key = kdf1(ck4_1,k2b(dh(Ei_1,er))) in
    {63}let ck6_1: key = kdf1(ck5_1,k2b(dh(Si,er))) in
    {44}let psk_2: key = psk in
    {64}let ck7_1: key = kdf3a(ck6_1,k2b(psk_2)) in
    {71}let tkR_1: key = kdf2b(ck7_1,KEMPTY) in
    {70}let tkI_1: key = kdf2a(ck7_1,KEMPTY) in
    {72}event ResponderBegin(Si,SB,tkI_1,tkR_1);
    {65}let tau_1: key = kdf3b(ck6_1,k2b(psk_2)) in
    {67}let hr5: bitstring = hT5(SB,Ei_1,msgStatic_1,msgTs_1,Er_1,tau_1) in
    {66}let k3_1: key = kdf3c(ck6_1,k2b(psk_2)) in
    {68}let msgEmpty_1: bitstring = aead(k3_1,zero_nonce,EMPTY,hr5) in
    {69}let mac1r_1: bitstring = mac(hash(concat(LABEL_MAC1,g2b(Si))),concat(g2b(Er_1),msgEmpty_1)) in
    {73}out(net, (Er_1,msgEmpty_1,mac1r_1));
    {74}in(net, ct: bitstring);
    {75}let pt: bitstring = aead_dec(tkI_1,zero_nonce,ct,EMPTY) in
    {76}event ResponderDone(Si,SB,tkI_1,tkR_1);
    {77}out(net, aead(tkR_1,zero_nonce,witnessR,EMPTY))
) | (
    {78}phase 1;
    {79}out(net, (siA,srB))
)

-- Query 
   not attacker_p1(witnessI[])
   not attacker_p1(witnessR[])
 in process 1.
Translating the process into Horn clauses...
Completing...
200 rules inserted. Base: 194 rules (86 with conclusion selected). Queue: 118 rules.
400 rules inserted. Base: 309 rules (88 with conclusion selected). Queue: 147 rules.
600 rules inserted. Base: 472 rules (114 with conclusion selected). Queue: 156 rules.
800 rules inserted. Base: 612 rules (127 with conclusion selected). Queue: 172 rules.
1000 rules inserted. Base: 718 rules (138 with conclusion selected). Queue: 249 rules.
1200 rules inserted. Base: 842 rules (138 with conclusion selected). Queue: 409 rules.
1400 rules inserted. Base: 941 rules (138 with conclusion selected). Queue: 567 rules.
1600 rules inserted. Base: 992 rules (138 with conclusion selected). Queue: 636 rules.
1800 rules inserted. Base: 1023 rules (138 with conclusion selected). Queue: 708 rules.
2000 rules inserted. Base: 1030 rules (138 with conclusion selected). Queue: 719 rules.
2200 rules inserted. Base: 1185 rules (142 with conclusion selected). Queue: 838 rules.
2400 rules inserted. Base: 1305 rules (147 with conclusion selected). Queue: 862 rules.
2600 rules inserted. Base: 1422 rules (151 with conclusion selected). Queue: 793 rules.
2800 rules inserted. Base: 1549 rules (154 with conclusion selected). Queue: 791 rules.
3000 rules inserted. Base: 1593 rules (154 with conclusion selected). Queue: 925 rules.
3200 rules inserted. Base: 1639 rules (154 with conclusion selected). Queue: 972 rules.
3400 rules inserted. Base: 1713 rules (154 with conclusion selected). Queue: 955 rules.
select attacker(pk(x))/-5000
3600 rules inserted. Base: 1750 rules (155 with conclusion selected). Queue: 948 rules.
3800 rules inserted. Base: 1771 rules (158 with conclusion selected). Queue: 939 rules.
4000 rules inserted. Base: 1799 rules (161 with conclusion selected). Queue: 927 rules.
4200 rules inserted. Base: 1876 rules (171 with conclusion selected). Queue: 894 rules.
4400 rules inserted. Base: 2003 rules (190 with conclusion selected). Queue: 845 rules.
4600 rules inserted. Base: 2091 rules (192 with conclusion selected). Queue: 950 rules.
4800 rules inserted. Base: 2187 rules (192 with conclusion selected). Queue: 875 rules.
5000 rules inserted. Base: 2283 rules (192 with conclusion selected). Queue: 790 rules.
5200 rules inserted. Base: 2479 rules (196 with conclusion selected). Queue: 981 rules.
5400 rules inserted. Base: 2571 rules (198 with conclusion selected). Queue: 1251 rules.
5600 rules inserted. Base: 2710 rules (198 with conclusion selected). Queue: 1289 rules.
5800 rules inserted. Base: 2893 rules (198 with conclusion selected). Queue: 1137 rules.
6000 rules inserted. Base: 2946 rules (198 with conclusion selected). Queue: 1292 rules.
6200 rules inserted. Base: 2995 rules (198 with conclusion selected). Queue: 1448 rules.
6400 rules inserted. Base: 2968 rules (198 with conclusion selected). Queue: 1645 rules.
6600 rules inserted. Base: 2988 rules (198 with conclusion selected). Queue: 1625 rules.
6800 rules inserted. Base: 3022 rules (198 with conclusion selected). Queue: 1965 rules.
7000 rules inserted. Base: 3096 rules (198 with conclusion selected). Queue: 1929 rules.
7200 rules inserted. Base: 3125 rules (198 with conclusion selected). Queue: 2140 rules.
7400 rules inserted. Base: 3191 rules (198 with conclusion selected). Queue: 2106 rules.
7600 rules inserted. Base: 3259 rules (198 with conclusion selected). Queue: 2299 rules.
7800 rules inserted. Base: 3312 rules (199 with conclusion selected). Queue: 2383 rules.
8000 rules inserted. Base: 3409 rules (199 with conclusion selected). Queue: 2432 rules.
8200 rules inserted. Base: 3609 rules (199 with conclusion selected). Queue: 2234 rules.
8400 rules inserted. Base: 3656 rules (199 with conclusion selected). Queue: 2196 rules.
8600 rules inserted. Base: 3656 rules (199 with conclusion selected). Queue: 2281 rules.
8800 rules inserted. Base: 3698 rules (199 with conclusion selected). Queue: 2324 rules.
9000 rules inserted. Base: 3871 rules (199 with conclusion selected). Queue: 2158 rules.
9200 rules inserted. Base: 3879 rules (199 with conclusion selected). Queue: 2212 rules.
9400 rules inserted. Base: 3985 rules (199 with conclusion selected). Queue: 2177 rules.
9600 rules inserted. Base: 4092 rules (199 with conclusion selected). Queue: 2080 rules.
9800 rules inserted. Base: 4099 rules (199 with conclusion selected). Queue: 2156 rules.
10000 rules inserted. Base: 4243 rules (199 with conclusion selected). Queue: 2050 rules.
10200 rules inserted. Base: 4251 rules (199 with conclusion selected). Queue: 2116 rules.
10400 rules inserted. Base: 4287 rules (199 with conclusion selected). Queue: 2137 rules.
10600 rules inserted. Base: 4371 rules (199 with conclusion selected). Queue: 2053 rules.
10800 rules inserted. Base: 4392 rules (199 with conclusion selected). Queue: 2032 rules.
11000 rules inserted. Base: 4407 rules (199 with conclusion selected). Queue: 2017 rules.
11200 rules inserted. Base: 4536 rules (199 with conclusion selected). Queue: 1950 rules.
11400 rules inserted. Base: 4553 rules (199 with conclusion selected). Queue: 1933 rules.
11600 rules inserted. Base: 4669 rules (199 with conclusion selected). Queue: 1872 rules.
11800 rules inserted. Base: 4689 rules (199 with conclusion selected). Queue: 1852 rules.
12000 rules inserted. Base: 4773 rules (199 with conclusion selected). Queue: 1813 rules.
12200 rules inserted. Base: 4809 rules (199 with conclusion selected). Queue: 1771 rules.
12400 rules inserted. Base: 4863 rules (199 with conclusion selected). Queue: 1715 rules.
12600 rules inserted. Base: 4990 rules (199 with conclusion selected). Queue: 1593 rules.
12800 rules inserted. Base: 5190 rules (199 with conclusion selected). Queue: 1393 rules.
13000 rules inserted. Base: 5390 rules (199 with conclusion selected). Queue: 1193 rules.
13200 rules inserted. Base: 5553 rules (199 with conclusion selected). Queue: 1084 rules.
13400 rules inserted. Base: 5742 rules (199 with conclusion selected). Queue: 898 rules.
13600 rules inserted. Base: 5932 rules (199 with conclusion selected). Queue: 744 rules.
13800 rules inserted. Base: 6110 rules (199 with conclusion selected). Queue: 606 rules.
14000 rules inserted. Base: 6242 rules (199 with conclusion selected). Queue: 470 rules.
14200 rules inserted. Base: 6300 rules (199 with conclusion selected). Queue: 394 rules.
14400 rules inserted. Base: 6423 rules (199 with conclusion selected). Queue: 326 rules.
14600 rules inserted. Base: 6599 rules (199 with conclusion selected). Queue: 171 rules.
14800 rules inserted. Base: 6712 rules (199 with conclusion selected). Queue: 135 rules.
15000 rules inserted. Base: 6589 rules (199 with conclusion selected). Queue: 117 rules.
15200 rules inserted. Base: 6592 rules (199 with conclusion selected). Queue: 96 rules.
Starting query not attacker_p1(witnessI[])
RESULT not attacker_p1(witnessI[]) is true.
Starting query not attacker_p1(witnessR[])
RESULT not attacker_p1(witnessR[]) is true.

--------------------------------------------------------------
Verification summary:

Query not attacker_p1(witnessI[]) is true.

Query not attacker_p1(witnessR[]) is true.

--------------------------------------------------------------

