Linear part:
dh(pk(x),y) = dh(pk(y),x)
Completing equations...
Completed equations:
dh(pk(x),y) = dh(pk(y),x)
Convergent part: No equation.
Process 0 (that is, the initial process):
{1}new siA: exponent;
{2}let SA: G = pk(siA) in
{3}new srB: exponent;
{4}let SB: G = pk(srB) in
{5}new psk: key;
{6}out(net, (SA,SB));
(
    {7}!
    {8}let si: exponent = siA in
    {9}let psk_1: key = psk in
    {10}event InitiatorBegin(SA,SB);
    {11}new ei: exponent;
    {12}let Ei: G = pk(ei) in
    {13}let ck1: key = kdf1(CK0,g2b(Ei)) in
    {14}let hi1: bitstring = hT1(SB,Ei) in
    {15}let es: key = dh(SB,ei) in
    {16}let ck2: key = kdf2a(ck1,k2b(es)) in
    {17}let k1: key = kdf2b(ck1,k2b(es)) in
    {18}let msgStatic: bitstring = aead(k1,zero_nonce,g2b(SA),hi1) in
    {19}let hi2: bitstring = hT2(SB,Ei,msgStatic) in
    {20}let ss: key = dh(SB,si) in
    {21}let ck3: key = kdf2a(ck2,k2b(ss)) in
    {22}let k2: key = kdf2b(ck2,k2b(ss)) in
    {23}new tai64n: bitstring;
    {24}let msgTs: bitstring = aead(k2,zero_nonce,tai64n,hi2) in
    {25}let hi3: bitstring = hT3(SB,Ei,msgStatic,msgTs) in
    {26}let mac1: bitstring = mac(hash(concat(LABEL_MAC1,g2b(SB))),concat(g2b(Ei),concat(msgStatic,msgTs))) in
    {27}out(net, (Ei,msgStatic,msgTs,mac1));
    {28}in(net, (Er: G,msgEmpty: bitstring,mac1r: bitstring));
    {29}let ck4: key = kdf1(ck3,g2b(Er)) in
    {30}let hi4: bitstring = hT4(SB,Ei,msgStatic,msgTs,Er) in
    {31}let ck5: key = kdf1(ck4,k2b(dh(Er,ei))) in
    {32}let ck6: key = kdf1(ck5,k2b(dh(Er,si))) in
    {33}let ck7: key = kdf3a(ck6,k2b(psk_1)) in
    {34}let tau: key = kdf3b(ck6,k2b(psk_1)) in
    {35}let k3: key = kdf3c(ck6,k2b(psk_1)) in
    {36}let hi5: bitstring = hT5(SB,Ei,msgStatic,msgTs,Er,tau) in
    {37}let =EMPTY = aead_dec(k3,zero_nonce,msgEmpty,hi5) in
    {38}let tkI: key = kdf2a(ck7,KEMPTY) in
    {39}let tkR: key = kdf2b(ck7,KEMPTY) in
    {40}event InitiatorDone(SA,SB,tkI,tkR);
    {41}out(net, aead(tkI,zero_nonce,witnessI,EMPTY))
) | (
    {42}!
    {43}let sr: exponent = srB in
    {44}let psk_2: key = psk in
    {45}in(net, (Ei_1: G,msgStatic_1: bitstring,msgTs_1: bitstring,mac1_1: bitstring));
    {46}let ck1_1: key = kdf1(CK0,g2b(Ei_1)) in
    {47}let hr1: bitstring = hT1(SB,Ei_1) in
    {48}let es_1: key = dh(Ei_1,sr) in
    {49}let ck2_1: key = kdf2a(ck1_1,k2b(es_1)) in
    {50}let k1_1: key = kdf2b(ck1_1,k2b(es_1)) in
    {51}let g2b(Si: G) = aead_dec(k1_1,zero_nonce,msgStatic_1,hr1) in
    {52}let hr2: bitstring = hT2(SB,Ei_1,msgStatic_1) in
    {53}let ss_1: key = dh(Si,sr) in
    {54}let ck3_1: key = kdf2a(ck2_1,k2b(ss_1)) in
    {55}let k2_1: key = kdf2b(ck2_1,k2b(ss_1)) in
    {56}let tai64n_1: bitstring = aead_dec(k2_1,zero_nonce,msgTs_1,hr2) in
    {57}let hr3: bitstring = hT3(SB,Ei_1,msgStatic_1,msgTs_1) in
    {58}new er: exponent;
    {59}let Er_1: G = pk(er) in
    {60}let ck4_1: key = kdf1(ck3_1,g2b(Er_1)) in
    {61}let hr4: bitstring = hT4(SB,Ei_1,msgStatic_1,msgTs_1,Er_1) in
    {62}let ck5_1: key = kdf1(ck4_1,k2b(dh(Ei_1,er))) in
    {63}let ck6_1: key = kdf1(ck5_1,k2b(dh(Si,er))) in
    {64}let ck7_1: key = kdf3a(ck6_1,k2b(psk_2)) in
    {65}let tau_1: key = kdf3b(ck6_1,k2b(psk_2)) in
    {66}let k3_1: key = kdf3c(ck6_1,k2b(psk_2)) in
    {67}let hr5: bitstring = hT5(SB,Ei_1,msgStatic_1,msgTs_1,Er_1,tau_1) in
    {68}let msgEmpty_1: bitstring = aead(k3_1,zero_nonce,EMPTY,hr5) in
    {69}let mac1r_1: bitstring = mac(hash(concat(LABEL_MAC1,g2b(Si))),concat(g2b(Er_1),msgEmpty_1)) in
    {70}let tkI_1: key = kdf2a(ck7_1,KEMPTY) in
    {71}let tkR_1: key = kdf2b(ck7_1,KEMPTY) in
    {72}event ResponderBegin(Si,SB,tkI_1,tkR_1);
    {73}out(net, (Er_1,msgEmpty_1,mac1r_1));
    {74}in(net, ct: bitstring);
    {75}let pt: bitstring = aead_dec(tkI_1,zero_nonce,ct,EMPTY) in
    {76}event ResponderDone(Si,SB,tkI_1,tkR_1);
    {77}out(net, aead(tkR_1,zero_nonce,witnessR,EMPTY))
) | (
    {78}phase 1;
    {79}!
    {80}in(net, X: G);
    {81}out(net, dlog(X))
)

--  Process 1 (that is, process 0, with let moved downwards):
{1}new siA: exponent;
{3}new srB: exponent;
{5}new psk: key;
{4}let SB: G = pk(srB) in
{2}let SA: G = pk(siA) in
{6}out(net, (SA,SB));
(
    {7}!
    {10}event InitiatorBegin(SA,SB);
    {11}new ei: exponent;
    {23}new tai64n: bitstring;
    {8}let si: exponent = siA in
    {20}let ss: key = dh(SB,si) in
    {15}let es: key = dh(SB,ei) in
    {12}let Ei: G = pk(ei) in
    {13}let ck1: key = kdf1(CK0,g2b(Ei)) in
    {16}let ck2: key = kdf2a(ck1,k2b(es)) in
    {22}let k2: key = kdf2b(ck2,k2b(ss)) in
    {17}let k1: key = kdf2b(ck1,k2b(es)) in
    {14}let hi1: bitstring = hT1(SB,Ei) in
    {18}let msgStatic: bitstring = aead(k1,zero_nonce,g2b(SA),hi1) in
    {19}let hi2: bitstring = hT2(SB,Ei,msgStatic) in
    {24}let msgTs: bitstring = aead(k2,zero_nonce,tai64n,hi2) in
    {26}let mac1: bitstring = mac(hash(concat(LABEL_MAC1,g2b(SB))),concat(g2b(Ei),concat(msgStatic,msgTs))) in
    {27}out(net, (Ei,msgStatic,msgTs,mac1));
    {28}in(net, (Er: G,msgEmpty: bitstring,mac1r: bitstring));
    {21}let ck3: key = kdf2a(ck2,k2b(ss)) in
    {29}let ck4: key = kdf1(ck3,g2b(Er)) in
    {31}let ck5: key = kdf1(ck4,k2b(dh(Er,ei))) in
    {32}let ck6: key = kdf1(ck5,k2b(dh(Er,si))) in
    {9}let psk_1: key = psk in
    {34}let tau: key = kdf3b(ck6,k2b(psk_1)) in
    {36}let hi5: bitstring = hT5(SB,Ei,msgStatic,msgTs,Er,tau) in
    {35}let k3: key = kdf3c(ck6,k2b(psk_1)) in
    {37}let =EMPTY = aead_dec(k3,zero_nonce,msgEmpty,hi5) in
    {33}let ck7: key = kdf3a(ck6,k2b(psk_1)) in
    {39}let tkR: key = kdf2b(ck7,KEMPTY) in
    {38}let tkI: key = kdf2a(ck7,KEMPTY) in
    {40}event InitiatorDone(SA,SB,tkI,tkR);
    {41}out(net, aead(tkI,zero_nonce,witnessI,EMPTY))
) | (
    {42}!
    {45}in(net, (Ei_1: G,msgStatic_1: bitstring,msgTs_1: bitstring,mac1_1: bitstring));
    {43}let sr: exponent = srB in
    {48}let es_1: key = dh(Ei_1,sr) in
    {46}let ck1_1: key = kdf1(CK0,g2b(Ei_1)) in
    {50}let k1_1: key = kdf2b(ck1_1,k2b(es_1)) in
    {47}let hr1: bitstring = hT1(SB,Ei_1) in
    {51}let g2b(Si: G) = aead_dec(k1_1,zero_nonce,msgStatic_1,hr1) in
    {53}let ss_1: key = dh(Si,sr) in
    {49}let ck2_1: key = kdf2a(ck1_1,k2b(es_1)) in
    {55}let k2_1: key = kdf2b(ck2_1,k2b(ss_1)) in
    {52}let hr2: bitstring = hT2(SB,Ei_1,msgStatic_1) in
    {56}let tai64n_1: bitstring = aead_dec(k2_1,zero_nonce,msgTs_1,hr2) in
    {58}new er: exponent;
    {59}let Er_1: G = pk(er) in
    {54}let ck3_1: key = kdf2a(ck2_1,k2b(ss_1)) in
    {60}let ck4_1: key = kdf1(ck3_1,g2b(Er_1)) in
    {62}let ck5_1: key = kdf1(ck4_1,k2b(dh(Ei_1,er))) in
    {63}let ck6_1: key = kdf1(ck5_1,k2b(dh(Si,er))) in
    {44}let psk_2: key = psk in
    {64}let ck7_1: key = kdf3a(ck6_1,k2b(psk_2)) in
    {71}let tkR_1: key = kdf2b(ck7_1,KEMPTY) in
    {70}let tkI_1: key = kdf2a(ck7_1,KEMPTY) in
    {72}event ResponderBegin(Si,SB,tkI_1,tkR_1);
    {65}let tau_1: key = kdf3b(ck6_1,k2b(psk_2)) in
    {67}let hr5: bitstring = hT5(SB,Ei_1,msgStatic_1,msgTs_1,Er_1,tau_1) in
    {66}let k3_1: key = kdf3c(ck6_1,k2b(psk_2)) in
    {68}let msgEmpty_1: bitstring = aead(k3_1,zero_nonce,EMPTY,hr5) in
    {69}let mac1r_1: bitstring = mac(hash(concat(LABEL_MAC1,g2b(Si))),concat(g2b(Er_1),msgEmpty_1)) in
    {73}out(net, (Er_1,msgEmpty_1,mac1r_1));
    {74}in(net, ct: bitstring);
    {75}let pt: bitstring = aead_dec(tkI_1,zero_nonce,ct,EMPTY) in
    {76}event ResponderDone(Si,SB,tkI_1,tkR_1);
    {77}out(net, aead(tkR_1,zero_nonce,witnessR,EMPTY))
) | (
    {78}phase 1;
    {79}!
    {80}in(net, X: G);
    {81}out(net, dlog(X))
)

-- Query 
   not attacker_p1(witnessI[])
   not attacker_p1(witnessR[])
 in process 1.
Translating the process into Horn clauses...
Completing...
200 rules inserted. Base: 194 rules (86 with conclusion selected). Queue: 119 rules.
400 rules inserted. Base: 313 rules (90 with conclusion selected). Queue: 148 rules.
600 rules inserted. Base: 481 rules (119 with conclusion selected). Queue: 159 rules.
800 rules inserted. Base: 617 rules (130 with conclusion selected). Queue: 168 rules.
1000 rules inserted. Base: 720 rules (143 with conclusion selected). Queue: 245 rules.
1200 rules inserted. Base: 843 rules (143 with conclusion selected). Queue: 407 rules.
1400 rules inserted. Base: 943 rules (143 with conclusion selected). Queue: 565 rules.
1600 rules inserted. Base: 998 rules (143 with conclusion selected). Queue: 628 rules.
1800 rules inserted. Base: 1030 rules (143 with conclusion selected). Queue: 694 rules.
2000 rules inserted. Base: 1029 rules (143 with conclusion selected). Queue: 717 rules.
2200 rules inserted. Base: 1182 rules (146 with conclusion selected). Queue: 837 rules.
2400 rules inserted. Base: 1308 rules (152 with conclusion selected). Queue: 856 rules.
2600 rules inserted. Base: 1419 rules (156 with conclusion selected). Queue: 798 rules.
2800 rules inserted. Base: 1551 rules (159 with conclusion selected). Queue: 785 rules.
3000 rules inserted. Base: 1595 rules (159 with conclusion selected). Queue: 919 rules.
3200 rules inserted. Base: 1641 rules (159 with conclusion selected). Queue: 967 rules.
3400 rules inserted. Base: 1714 rules (159 with conclusion selected). Queue: 951 rules.
select attacker(pk(x))/-5000
3600 rules inserted. Base: 1753 rules (160 with conclusion selected). Queue: 944 rules.
3800 rules inserted. Base: 1774 rules (163 with conclusion selected). Queue: 935 rules.
4000 rules inserted. Base: 1803 rules (166 with conclusion selected). Queue: 922 rules.
4200 rules inserted. Base: 1879 rules (176 with conclusion selected). Queue: 891 rules.
4400 rules inserted. Base: 2003 rules (195 with conclusion selected). Queue: 848 rules.
4600 rules inserted. Base: 2097 rules (198 with conclusion selected). Queue: 938 rules.
4800 rules inserted. Base: 2195 rules (198 with conclusion selected). Queue: 859 rules.
5000 rules inserted. Base: 2291 rules (198 with conclusion selected). Queue: 782 rules.
5200 rules inserted. Base: 2486 rules (204 with conclusion selected). Queue: 966 rules.
5400 rules inserted. Base: 2490 rules (207 with conclusion selected). Queue: 1278 rules.
5600 rules inserted. Base: 2645 rules (207 with conclusion selected). Queue: 1251 rules.
5800 rules inserted. Base: 2807 rules (207 with conclusion selected). Queue: 1114 rules.
6000 rules inserted. Base: 2857 rules (207 with conclusion selected). Queue: 1277 rules.
6200 rules inserted. Base: 2905 rules (207 with conclusion selected). Queue: 1460 rules.
6400 rules inserted. Base: 2973 rules (208 with conclusion selected). Queue: 1602 rules.
6600 rules inserted. Base: 2978 rules (208 with conclusion selected). Queue: 1582 rules.
6800 rules inserted. Base: 3018 rules (208 with conclusion selected). Queue: 1938 rules.
7000 rules inserted. Base: 3047 rules (208 with conclusion selected). Queue: 1890 rules.
7200 rules inserted. Base: 3104 rules (208 with conclusion selected). Queue: 2074 rules.
7400 rules inserted. Base: 3117 rules (208 with conclusion selected). Queue: 2055 rules.
7600 rules inserted. Base: 3186 rules (208 with conclusion selected). Queue: 2227 rules.
7800 rules inserted. Base: 3249 rules (208 with conclusion selected). Queue: 2361 rules.
8000 rules inserted. Base: 3399 rules (208 with conclusion selected). Queue: 2297 rules.
8200 rules inserted. Base: 3547 rules (208 with conclusion selected). Queue: 2149 rules.
8400 rules inserted. Base: 3553 rules (208 with conclusion selected). Queue: 2191 rules.
8600 rules inserted. Base: 3553 rules (208 with conclusion selected). Queue: 2277 rules.
8800 rules inserted. Base: 3656 rules (208 with conclusion selected). Queue: 2183 rules.
9000 rules inserted. Base: 3727 rules (208 with conclusion selected). Queue: 2134 rules.
9200 rules inserted. Base: 3736 rules (208 with conclusion selected). Queue: 2204 rules.
9400 rules inserted. Base: 3905 rules (208 with conclusion selected). Queue: 2045 rules.
9600 rules inserted. Base: 3912 rules (208 with conclusion selected). Queue: 2105 rules.
9800 rules inserted. Base: 4027 rules (208 with conclusion selected). Queue: 2027 rules.
10000 rules inserted. Base: 4045 rules (208 with conclusion selected). Queue: 2071 rules.
10200 rules inserted. Base: 4044 rules (208 with conclusion selected). Queue: 2136 rules.
10400 rules inserted. Base: 4158 rules (208 with conclusion selected). Queue: 2031 rules.
10600 rules inserted. Base: 4182 rules (208 with conclusion selected). Queue: 2007 rules.
10800 rules inserted. Base: 4194 rules (208 with conclusion selected). Queue: 1995 rules.
11000 rules inserted. Base: 4314 rules (208 with conclusion selected). Queue: 1923 rules.
11200 rules inserted. Base: 4334 rules (208 with conclusion selected). Queue: 1903 rules.
11400 rules inserted. Base: 4413 rules (208 with conclusion selected). Queue: 1865 rules.
11600 rules inserted. Base: 4461 rules (208 with conclusion selected). Queue: 1817 rules.
11800 rules inserted. Base: 4517 rules (208 with conclusion selected). Queue: 1794 rules.
12000 rules inserted. Base: 4565 rules (208 with conclusion selected). Queue: 1744 rules.
12200 rules inserted. Base: 4628 rules (208 with conclusion selected). Queue: 1675 rules.
12400 rules inserted. Base: 4736 rules (208 with conclusion selected). Queue: 1572 rules.
12600 rules inserted. Base: 4936 rules (208 with conclusion selected). Queue: 1372 rules.
12800 rules inserted. Base: 5136 rules (208 with conclusion selected). Queue: 1172 rules.
13000 rules inserted. Base: 5300 rules (208 with conclusion selected). Queue: 1044 rules.
13200 rules inserted. Base: 5490 rules (208 with conclusion selected). Queue: 854 rules.
13400 rules inserted. Base: 5681 rules (208 with conclusion selected). Queue: 683 rules.
13600 rules inserted. Base: 5860 rules (208 with conclusion selected). Queue: 524 rules.
13800 rules inserted. Base: 5969 rules (208 with conclusion selected). Queue: 398 rules.
14000 rules inserted. Base: 5993 rules (208 with conclusion selected). Queue: 298 rules.
14200 rules inserted. Base: 6145 rules (208 with conclusion selected). Queue: 129 rules.
14400 rules inserted. Base: 6145 rules (208 with conclusion selected). Queue: 73 rules.
14600 rules inserted. Base: 5844 rules (208 with conclusion selected). Queue: 58 rules.
Starting query not attacker_p1(witnessI[])
RESULT not attacker_p1(witnessI[]) is true.
Starting query not attacker_p1(witnessR[])
RESULT not attacker_p1(witnessR[]) is true.

--------------------------------------------------------------
Verification summary:

Query not attacker_p1(witnessI[]) is true.

Query not attacker_p1(witnessR[]) is true.

--------------------------------------------------------------

