Linear part:
dh(pk(x),y) = dh(pk(y),x)
Completing equations...
Completed equations:
dh(pk(x),y) = dh(pk(y),x)
Convergent part: No equation.
Process 0 (that is, the initial process):
{1}new siA: exponent;
{2}let SA: G = pk(siA) in
{3}new srB: exponent;
{4}let SB: G = pk(srB) in
{5}new psk: key;
{6}out(net, (SA,SB,psk));
(
    {7}!
    {8}let si: exponent = siA in
    {9}let psk_1: key = psk in
    {10}event InitiatorBegin(SA,SB);
    {11}new ei: exponent;
    {12}let Ei: G = pk(ei) in
    {13}let ck1: key = kdf1(CK0,g2b(Ei)) in
    {14}let hi1: bitstring = hT1(SB,Ei) in
    {15}let es: key = dh(SB,ei) in
    {16}let ck2: key = kdf2a(ck1,k2b(es)) in
    {17}let k1: key = kdf2b(ck1,k2b(es)) in
    {18}let msgStatic: bitstring = aead(k1,zero_nonce,g2b(SA),hi1) in
    {19}let hi2: bitstring = hT2(SB,Ei,msgStatic) in
    {20}let ss: key = dh(SB,si) in
    {21}let ck3: key = kdf2a(ck2,k2b(ss)) in
    {22}let k2: key = kdf2b(ck2,k2b(ss)) in
    {23}new tai64n: bitstring;
    {24}let msgTs: bitstring = aead(k2,zero_nonce,tai64n,hi2) in
    {25}let hi3: bitstring = hT3(SB,Ei,msgStatic,msgTs) in
    {26}let mac1: bitstring = mac(hash(concat(LABEL_MAC1,g2b(SB))),concat(g2b(Ei),concat(msgStatic,msgTs))) in
    {27}out(net, (Ei,msgStatic,msgTs,mac1));
    {28}in(net, (Er: G,msgEmpty: bitstring,mac1r: bitstring));
    {29}let ck4: key = kdf1(ck3,g2b(Er)) in
    {30}let hi4: bitstring = hT4(SB,Ei,msgStatic,msgTs,Er) in
    {31}let ck5: key = kdf1(ck4,k2b(dh(Er,ei))) in
    {32}let ck6: key = kdf1(ck5,k2b(dh(Er,si))) in
    {33}let ck7: key = kdf3a(ck6,k2b(psk_1)) in
    {34}let tau: key = kdf3b(ck6,k2b(psk_1)) in
    {35}let k3: key = kdf3c(ck6,k2b(psk_1)) in
    {36}let hi5: bitstring = hT5(SB,Ei,msgStatic,msgTs,Er,tau) in
    {37}let =EMPTY = aead_dec(k3,zero_nonce,msgEmpty,hi5) in
    {38}let tkI: key = kdf2a(ck7,KEMPTY) in
    {39}let tkR: key = kdf2b(ck7,KEMPTY) in
    {40}event InitiatorDone(SA,SB,tkI,tkR);
    {41}out(net, aead(tkI,zero_nonce,witnessI,EMPTY))
) | (
    {42}!
    {43}let sr: exponent = srB in
    {44}let psk_2: key = psk in
    {45}in(net, (Ei_1: G,msgStatic_1: bitstring,msgTs_1: bitstring,mac1_1: bitstring));
    {46}let ck1_1: key = kdf1(CK0,g2b(Ei_1)) in
    {47}let hr1: bitstring = hT1(SB,Ei_1) in
    {48}let es_1: key = dh(Ei_1,sr) in
    {49}let ck2_1: key = kdf2a(ck1_1,k2b(es_1)) in
    {50}let k1_1: key = kdf2b(ck1_1,k2b(es_1)) in
    {51}let g2b(Si: G) = aead_dec(k1_1,zero_nonce,msgStatic_1,hr1) in
    {52}let hr2: bitstring = hT2(SB,Ei_1,msgStatic_1) in
    {53}let ss_1: key = dh(Si,sr) in
    {54}let ck3_1: key = kdf2a(ck2_1,k2b(ss_1)) in
    {55}let k2_1: key = kdf2b(ck2_1,k2b(ss_1)) in
    {56}let tai64n_1: bitstring = aead_dec(k2_1,zero_nonce,msgTs_1,hr2) in
    {57}let hr3: bitstring = hT3(SB,Ei_1,msgStatic_1,msgTs_1) in
    {58}new er: exponent;
    {59}let Er_1: G = pk(er) in
    {60}let ck4_1: key = kdf1(ck3_1,g2b(Er_1)) in
    {61}let hr4: bitstring = hT4(SB,Ei_1,msgStatic_1,msgTs_1,Er_1) in
    {62}let ck5_1: key = kdf1(ck4_1,k2b(dh(Ei_1,er))) in
    {63}let ck6_1: key = kdf1(ck5_1,k2b(dh(Si,er))) in
    {64}let ck7_1: key = kdf3a(ck6_1,k2b(psk_2)) in
    {65}let tau_1: key = kdf3b(ck6_1,k2b(psk_2)) in
    {66}let k3_1: key = kdf3c(ck6_1,k2b(psk_2)) in
    {67}let hr5: bitstring = hT5(SB,Ei_1,msgStatic_1,msgTs_1,Er_1,tau_1) in
    {68}let msgEmpty_1: bitstring = aead(k3_1,zero_nonce,EMPTY,hr5) in
    {69}let mac1r_1: bitstring = mac(hash(concat(LABEL_MAC1,g2b(Si))),concat(g2b(Er_1),msgEmpty_1)) in
    {70}let tkI_1: key = kdf2a(ck7_1,KEMPTY) in
    {71}let tkR_1: key = kdf2b(ck7_1,KEMPTY) in
    {72}event ResponderBegin(Si,SB,tkI_1,tkR_1);
    {73}out(net, (Er_1,msgEmpty_1,mac1r_1));
    {74}in(net, ct: bitstring);
    {75}let pt: bitstring = aead_dec(tkI_1,zero_nonce,ct,EMPTY) in
    {76}event ResponderDone(Si,SB,tkI_1,tkR_1);
    {77}out(net, aead(tkR_1,zero_nonce,witnessR,EMPTY))
) | (
    {78}phase 1;
    {79}!
    {80}in(net, X: G);
    {81}out(net, dlog(X))
)

--  Process 1 (that is, process 0, with let moved downwards):
{1}new siA: exponent;
{3}new srB: exponent;
{5}new psk: key;
{4}let SB: G = pk(srB) in
{2}let SA: G = pk(siA) in
{6}out(net, (SA,SB,psk));
(
    {7}!
    {10}event InitiatorBegin(SA,SB);
    {11}new ei: exponent;
    {23}new tai64n: bitstring;
    {8}let si: exponent = siA in
    {20}let ss: key = dh(SB,si) in
    {15}let es: key = dh(SB,ei) in
    {12}let Ei: G = pk(ei) in
    {13}let ck1: key = kdf1(CK0,g2b(Ei)) in
    {16}let ck2: key = kdf2a(ck1,k2b(es)) in
    {22}let k2: key = kdf2b(ck2,k2b(ss)) in
    {17}let k1: key = kdf2b(ck1,k2b(es)) in
    {14}let hi1: bitstring = hT1(SB,Ei) in
    {18}let msgStatic: bitstring = aead(k1,zero_nonce,g2b(SA),hi1) in
    {19}let hi2: bitstring = hT2(SB,Ei,msgStatic) in
    {24}let msgTs: bitstring = aead(k2,zero_nonce,tai64n,hi2) in
    {26}let mac1: bitstring = mac(hash(concat(LABEL_MAC1,g2b(SB))),concat(g2b(Ei),concat(msgStatic,msgTs))) in
    {27}out(net, (Ei,msgStatic,msgTs,mac1));
    {28}in(net, (Er: G,msgEmpty: bitstring,mac1r: bitstring));
    {21}let ck3: key = kdf2a(ck2,k2b(ss)) in
    {29}let ck4: key = kdf1(ck3,g2b(Er)) in
    {31}let ck5: key = kdf1(ck4,k2b(dh(Er,ei))) in
    {32}let ck6: key = kdf1(ck5,k2b(dh(Er,si))) in
    {9}let psk_1: key = psk in
    {34}let tau: key = kdf3b(ck6,k2b(psk_1)) in
    {36}let hi5: bitstring = hT5(SB,Ei,msgStatic,msgTs,Er,tau) in
    {35}let k3: key = kdf3c(ck6,k2b(psk_1)) in
    {37}let =EMPTY = aead_dec(k3,zero_nonce,msgEmpty,hi5) in
    {33}let ck7: key = kdf3a(ck6,k2b(psk_1)) in
    {39}let tkR: key = kdf2b(ck7,KEMPTY) in
    {38}let tkI: key = kdf2a(ck7,KEMPTY) in
    {40}event InitiatorDone(SA,SB,tkI,tkR);
    {41}out(net, aead(tkI,zero_nonce,witnessI,EMPTY))
) | (
    {42}!
    {45}in(net, (Ei_1: G,msgStatic_1: bitstring,msgTs_1: bitstring,mac1_1: bitstring));
    {43}let sr: exponent = srB in
    {48}let es_1: key = dh(Ei_1,sr) in
    {46}let ck1_1: key = kdf1(CK0,g2b(Ei_1)) in
    {50}let k1_1: key = kdf2b(ck1_1,k2b(es_1)) in
    {47}let hr1: bitstring = hT1(SB,Ei_1) in
    {51}let g2b(Si: G) = aead_dec(k1_1,zero_nonce,msgStatic_1,hr1) in
    {53}let ss_1: key = dh(Si,sr) in
    {49}let ck2_1: key = kdf2a(ck1_1,k2b(es_1)) in
    {55}let k2_1: key = kdf2b(ck2_1,k2b(ss_1)) in
    {52}let hr2: bitstring = hT2(SB,Ei_1,msgStatic_1) in
    {56}let tai64n_1: bitstring = aead_dec(k2_1,zero_nonce,msgTs_1,hr2) in
    {58}new er: exponent;
    {59}let Er_1: G = pk(er) in
    {54}let ck3_1: key = kdf2a(ck2_1,k2b(ss_1)) in
    {60}let ck4_1: key = kdf1(ck3_1,g2b(Er_1)) in
    {62}let ck5_1: key = kdf1(ck4_1,k2b(dh(Ei_1,er))) in
    {63}let ck6_1: key = kdf1(ck5_1,k2b(dh(Si,er))) in
    {44}let psk_2: key = psk in
    {64}let ck7_1: key = kdf3a(ck6_1,k2b(psk_2)) in
    {71}let tkR_1: key = kdf2b(ck7_1,KEMPTY) in
    {70}let tkI_1: key = kdf2a(ck7_1,KEMPTY) in
    {72}event ResponderBegin(Si,SB,tkI_1,tkR_1);
    {65}let tau_1: key = kdf3b(ck6_1,k2b(psk_2)) in
    {67}let hr5: bitstring = hT5(SB,Ei_1,msgStatic_1,msgTs_1,Er_1,tau_1) in
    {66}let k3_1: key = kdf3c(ck6_1,k2b(psk_2)) in
    {68}let msgEmpty_1: bitstring = aead(k3_1,zero_nonce,EMPTY,hr5) in
    {69}let mac1r_1: bitstring = mac(hash(concat(LABEL_MAC1,g2b(Si))),concat(g2b(Er_1),msgEmpty_1)) in
    {73}out(net, (Er_1,msgEmpty_1,mac1r_1));
    {74}in(net, ct: bitstring);
    {75}let pt: bitstring = aead_dec(tkI_1,zero_nonce,ct,EMPTY) in
    {76}event ResponderDone(Si,SB,tkI_1,tkR_1);
    {77}out(net, aead(tkR_1,zero_nonce,witnessR,EMPTY))
) | (
    {78}phase 1;
    {79}!
    {80}in(net, X: G);
    {81}out(net, dlog(X))
)

-- Query 
   not attacker_p1(witnessI[])
   not attacker_p1(witnessR[])
 in process 1.
Translating the process into Horn clauses...
Completing...
200 rules inserted. Base: 194 rules (85 with conclusion selected). Queue: 119 rules.
400 rules inserted. Base: 311 rules (89 with conclusion selected). Queue: 150 rules.
600 rules inserted. Base: 476 rules (118 with conclusion selected). Queue: 160 rules.
800 rules inserted. Base: 614 rules (130 with conclusion selected). Queue: 170 rules.
1000 rules inserted. Base: 718 rules (142 with conclusion selected). Queue: 247 rules.
1200 rules inserted. Base: 841 rules (142 with conclusion selected). Queue: 408 rules.
1400 rules inserted. Base: 943 rules (142 with conclusion selected). Queue: 566 rules.
1600 rules inserted. Base: 994 rules (142 with conclusion selected). Queue: 635 rules.
1800 rules inserted. Base: 1027 rules (142 with conclusion selected). Queue: 708 rules.
2000 rules inserted. Base: 1028 rules (142 with conclusion selected). Queue: 719 rules.
2200 rules inserted. Base: 1182 rules (145 with conclusion selected). Queue: 832 rules.
2400 rules inserted. Base: 1307 rules (151 with conclusion selected). Queue: 857 rules.
2600 rules inserted. Base: 1419 rules (155 with conclusion selected). Queue: 793 rules.
2800 rules inserted. Base: 1546 rules (158 with conclusion selected). Queue: 785 rules.
3000 rules inserted. Base: 1590 rules (158 with conclusion selected). Queue: 919 rules.
3200 rules inserted. Base: 1637 rules (158 with conclusion selected). Queue: 965 rules.
3400 rules inserted. Base: 1710 rules (158 with conclusion selected). Queue: 949 rules.
select attacker(pk(x))/-5000
3600 rules inserted. Base: 1748 rules (159 with conclusion selected). Queue: 944 rules.
3800 rules inserted. Base: 1769 rules (162 with conclusion selected). Queue: 935 rules.
4000 rules inserted. Base: 1799 rules (165 with conclusion selected). Queue: 921 rules.
4200 rules inserted. Base: 1876 rules (175 with conclusion selected). Queue: 889 rules.
4400 rules inserted. Base: 2003 rules (194 with conclusion selected). Queue: 853 rules.
4600 rules inserted. Base: 2097 rules (197 with conclusion selected). Queue: 933 rules.
4800 rules inserted. Base: 2191 rules (197 with conclusion selected). Queue: 858 rules.
5000 rules inserted. Base: 2291 rules (197 with conclusion selected). Queue: 777 rules.
5200 rules inserted. Base: 2486 rules (203 with conclusion selected). Queue: 965 rules.
5400 rules inserted. Base: 2485 rules (206 with conclusion selected). Queue: 1293 rules.
5600 rules inserted. Base: 2645 rules (206 with conclusion selected). Queue: 1249 rules.
5800 rules inserted. Base: 2802 rules (206 with conclusion selected). Queue: 1114 rules.
6000 rules inserted. Base: 2856 rules (206 with conclusion selected). Queue: 1308 rules.
6200 rules inserted. Base: 2900 rules (206 with conclusion selected). Queue: 1460 rules.
6400 rules inserted. Base: 2969 rules (207 with conclusion selected). Queue: 1602 rules.
6600 rules inserted. Base: 2973 rules (207 with conclusion selected). Queue: 1582 rules.
6800 rules inserted. Base: 2997 rules (207 with conclusion selected). Queue: 1929 rules.
7000 rules inserted. Base: 3042 rules (207 with conclusion selected). Queue: 1890 rules.
7200 rules inserted. Base: 3104 rules (207 with conclusion selected). Queue: 2069 rules.
7400 rules inserted. Base: 3112 rules (207 with conclusion selected). Queue: 2055 rules.
7600 rules inserted. Base: 3181 rules (207 with conclusion selected). Queue: 2227 rules.
7800 rules inserted. Base: 3244 rules (207 with conclusion selected). Queue: 2361 rules.
8000 rules inserted. Base: 3399 rules (207 with conclusion selected). Queue: 2292 rules.
8200 rules inserted. Base: 3543 rules (207 with conclusion selected). Queue: 2148 rules.
8400 rules inserted. Base: 3548 rules (207 with conclusion selected). Queue: 2192 rules.
8600 rules inserted. Base: 3548 rules (207 with conclusion selected). Queue: 2282 rules.
8800 rules inserted. Base: 3656 rules (207 with conclusion selected). Queue: 2178 rules.
9000 rules inserted. Base: 3722 rules (207 with conclusion selected). Queue: 2139 rules.
9200 rules inserted. Base: 3736 rules (207 with conclusion selected). Queue: 2205 rules.
9400 rules inserted. Base: 3903 rules (207 with conclusion selected). Queue: 2042 rules.
9600 rules inserted. Base: 3907 rules (207 with conclusion selected). Queue: 2105 rules.
9800 rules inserted. Base: 4024 rules (207 with conclusion selected). Queue: 2025 rules.
10000 rules inserted. Base: 4040 rules (207 with conclusion selected). Queue: 2079 rules.
10200 rules inserted. Base: 4039 rules (207 with conclusion selected). Queue: 2139 rules.
10400 rules inserted. Base: 4154 rules (207 with conclusion selected). Queue: 2030 rules.
10600 rules inserted. Base: 4177 rules (207 with conclusion selected). Queue: 2007 rules.
10800 rules inserted. Base: 4190 rules (207 with conclusion selected). Queue: 1994 rules.
11000 rules inserted. Base: 4309 rules (207 with conclusion selected). Queue: 1923 rules.
11200 rules inserted. Base: 4329 rules (207 with conclusion selected). Queue: 1903 rules.
11400 rules inserted. Base: 4413 rules (207 with conclusion selected). Queue: 1860 rules.
11600 rules inserted. Base: 4456 rules (207 with conclusion selected). Queue: 1817 rules.
11800 rules inserted. Base: 4517 rules (207 with conclusion selected). Queue: 1789 rules.
12000 rules inserted. Base: 4565 rules (207 with conclusion selected). Queue: 1739 rules.
12200 rules inserted. Base: 4623 rules (207 with conclusion selected). Queue: 1675 rules.
12400 rules inserted. Base: 4736 rules (207 with conclusion selected). Queue: 1567 rules.
12600 rules inserted. Base: 4936 rules (207 with conclusion selected). Queue: 1367 rules.
12800 rules inserted. Base: 5136 rules (207 with conclusion selected). Queue: 1167 rules.
13000 rules inserted. Base: 5300 rules (207 with conclusion selected). Queue: 1039 rules.
13200 rules inserted. Base: 5490 rules (207 with conclusion selected). Queue: 851 rules.
13400 rules inserted. Base: 5681 rules (207 with conclusion selected). Queue: 678 rules.
13600 rules inserted. Base: 5860 rules (207 with conclusion selected). Queue: 519 rules.
13800 rules inserted. Base: 5964 rules (207 with conclusion selected). Queue: 397 rules.
14000 rules inserted. Base: 5989 rules (207 with conclusion selected). Queue: 298 rules.
14200 rules inserted. Base: 6145 rules (207 with conclusion selected). Queue: 124 rules.
14400 rules inserted. Base: 6139 rules (207 with conclusion selected). Queue: 73 rules.
14600 rules inserted. Base: 5764 rules (207 with conclusion selected). Queue: 68 rules.
14800 rules inserted. Base: 5432 rules (225 with conclusion selected). Queue: 16 rules.
Starting query not attacker_p1(witnessI[])
goal reachable: attacker_p1(witnessI[])

Derivation:
Abbreviations:
ei_1 = ei[!1 = @sid]
tai64n_2 = tai64n[!1 = @sid]
er_1 = er[mac1_1 = mac1_2,msgTs_1 = aead(kdf2b(kdf2a(kdf1(CK0,g2b(pk(ei_1))),k2b(dh(pk(srB[]),ei_1))),k2b(dh(pk(srB[]),siA[]))),zero_nonce,tai64n_2,hT2(pk(srB[]),pk(ei_1),aead(kdf2b(kdf1(CK0,g2b(pk(ei_1))),k2b(dh(pk(srB[]),ei_1))),zero_nonce,g2b(pk(siA[])),hT1(pk(srB[]),pk(ei_1))))),msgStatic_1 = aead(kdf2b(kdf1(CK0,g2b(pk(ei_1))),k2b(dh(pk(srB[]),ei_1))),zero_nonce,g2b(pk(siA[])),hT1(pk(srB[]),pk(ei_1))),Ei_1 = pk(ei_1),!1 = @sid_1]

1. Using the function EMPTY the attacker may obtain EMPTY in phase 1.
attacker_p1(EMPTY).

2. The attacker has some term mac1r_2.
attacker(mac1r_2).

3. The attacker has some term mac1_2.
attacker(mac1_2).

4. The message (pk(ei_1),aead(kdf2b(kdf1(CK0,g2b(pk(ei_1))),k2b(dh(pk(srB[]),ei_1))),zero_nonce,g2b(pk(siA[])),hT1(pk(srB[]),pk(ei_1))),aead(kdf2b(kdf2a(kdf1(CK0,g2b(pk(ei_1))),k2b(dh(pk(srB[]),ei_1))),k2b(dh(pk(srB[]),siA[]))),zero_nonce,tai64n_2,hT2(pk(srB[]),pk(ei_1),aead(kdf2b(kdf1(CK0,g2b(pk(ei_1))),k2b(dh(pk(srB[]),ei_1))),zero_nonce,g2b(pk(siA[])),hT1(pk(srB[]),pk(ei_1))))),mac(hash(concat(LABEL_MAC1,g2b(pk(srB[])))),concat(g2b(pk(ei_1)),concat(aead(kdf2b(kdf1(CK0,g2b(pk(ei_1))),k2b(dh(pk(srB[]),ei_1))),zero_nonce,g2b(pk(siA[])),hT1(pk(srB[]),pk(ei_1))),aead(kdf2b(kdf2a(kdf1(CK0,g2b(pk(ei_1))),k2b(dh(pk(srB[]),ei_1))),k2b(dh(pk(srB[]),siA[]))),zero_nonce,tai64n_2,hT2(pk(srB[]),pk(ei_1),aead(kdf2b(kdf1(CK0,g2b(pk(ei_1))),k2b(dh(pk(srB[]),ei_1))),zero_nonce,g2b(pk(siA[])),hT1(pk(srB[]),pk(ei_1))))))))) may be sent to the attacker at output {27}.
attacker((pk(ei_1),aead(kdf2b(kdf1(CK0,g2b(pk(ei_1))),k2b(dh(pk(srB[]),ei_1))),zero_nonce,g2b(pk(siA[])),hT1(pk(srB[]),pk(ei_1))),aead(kdf2b(kdf2a(kdf1(CK0,g2b(pk(ei_1))),k2b(dh(pk(srB[]),ei_1))),k2b(dh(pk(srB[]),siA[]))),zero_nonce,tai64n_2,hT2(pk(srB[]),pk(ei_1),aead(kdf2b(kdf1(CK0,g2b(pk(ei_1))),k2b(dh(pk(srB[]),ei_1))),zero_nonce,g2b(pk(siA[])),hT1(pk(srB[]),pk(ei_1))))),mac(hash(concat(LABEL_MAC1,g2b(pk(srB[])))),concat(g2b(pk(ei_1)),concat(aead(kdf2b(kdf1(CK0,g2b(pk(ei_1))),k2b(dh(pk(srB[]),ei_1))),zero_nonce,g2b(pk(siA[])),hT1(pk(srB[]),pk(ei_1))),aead(kdf2b(kdf2a(kdf1(CK0,g2b(pk(ei_1))),k2b(dh(pk(srB[]),ei_1))),k2b(dh(pk(srB[]),siA[]))),zero_nonce,tai64n_2,hT2(pk(srB[]),pk(ei_1),aead(kdf2b(kdf1(CK0,g2b(pk(ei_1))),k2b(dh(pk(srB[]),ei_1))),zero_nonce,g2b(pk(siA[])),hT1(pk(srB[]),pk(ei_1)))))))))).

5. By 4, the attacker may know (pk(ei_1),aead(kdf2b(kdf1(CK0,g2b(pk(ei_1))),k2b(dh(pk(srB[]),ei_1))),zero_nonce,g2b(pk(siA[])),hT1(pk(srB[]),pk(ei_1))),aead(kdf2b(kdf2a(kdf1(CK0,g2b(pk(ei_1))),k2b(dh(pk(srB[]),ei_1))),k2b(dh(pk(srB[]),siA[]))),zero_nonce,tai64n_2,hT2(pk(srB[]),pk(ei_1),aead(kdf2b(kdf1(CK0,g2b(pk(ei_1))),k2b(dh(pk(srB[]),ei_1))),zero_nonce,g2b(pk(siA[])),hT1(pk(srB[]),pk(ei_1))))),mac(hash(concat(LABEL_MAC1,g2b(pk(srB[])))),concat(g2b(pk(ei_1)),concat(aead(kdf2b(kdf1(CK0,g2b(pk(ei_1))),k2b(dh(pk(srB[]),ei_1))),zero_nonce,g2b(pk(siA[])),hT1(pk(srB[]),pk(ei_1))),aead(kdf2b(kdf2a(kdf1(CK0,g2b(pk(ei_1))),k2b(dh(pk(srB[]),ei_1))),k2b(dh(pk(srB[]),siA[]))),zero_nonce,tai64n_2,hT2(pk(srB[]),pk(ei_1),aead(kdf2b(kdf1(CK0,g2b(pk(ei_1))),k2b(dh(pk(srB[]),ei_1))),zero_nonce,g2b(pk(siA[])),hT1(pk(srB[]),pk(ei_1))))))))).
Using the function 3-proj-4-tuple the attacker may obtain aead(kdf2b(kdf2a(kdf1(CK0,g2b(pk(ei_1))),k2b(dh(pk(srB[]),ei_1))),k2b(dh(pk(srB[]),siA[]))),zero_nonce,tai64n_2,hT2(pk(srB[]),pk(ei_1),aead(kdf2b(kdf1(CK0,g2b(pk(ei_1))),k2b(dh(pk(srB[]),ei_1))),zero_nonce,g2b(pk(siA[])),hT1(pk(srB[]),pk(ei_1))))).
attacker(aead(kdf2b(kdf2a(kdf1(CK0,g2b(pk(ei_1))),k2b(dh(pk(srB[]),ei_1))),k2b(dh(pk(srB[]),siA[]))),zero_nonce,tai64n_2,hT2(pk(srB[]),pk(ei_1),aead(kdf2b(kdf1(CK0,g2b(pk(ei_1))),k2b(dh(pk(srB[]),ei_1))),zero_nonce,g2b(pk(siA[])),hT1(pk(srB[]),pk(ei_1)))))).

6. The message (pk(ei_1),aead(kdf2b(kdf1(CK0,g2b(pk(ei_1))),k2b(dh(pk(srB[]),ei_1))),zero_nonce,g2b(pk(siA[])),hT1(pk(srB[]),pk(ei_1))),aead(kdf2b(kdf2a(kdf1(CK0,g2b(pk(ei_1))),k2b(dh(pk(srB[]),ei_1))),k2b(dh(pk(siA[]),srB[]))),zero_nonce,tai64n_2,hT2(pk(srB[]),pk(ei_1),aead(kdf2b(kdf1(CK0,g2b(pk(ei_1))),k2b(dh(pk(srB[]),ei_1))),zero_nonce,g2b(pk(siA[])),hT1(pk(srB[]),pk(ei_1))))),mac(hash(concat(LABEL_MAC1,g2b(pk(srB[])))),concat(g2b(pk(ei_1)),concat(aead(kdf2b(kdf1(CK0,g2b(pk(ei_1))),k2b(dh(pk(srB[]),ei_1))),zero_nonce,g2b(pk(siA[])),hT1(pk(srB[]),pk(ei_1))),aead(kdf2b(kdf2a(kdf1(CK0,g2b(pk(ei_1))),k2b(dh(pk(srB[]),ei_1))),k2b(dh(pk(siA[]),srB[]))),zero_nonce,tai64n_2,hT2(pk(srB[]),pk(ei_1),aead(kdf2b(kdf1(CK0,g2b(pk(ei_1))),k2b(dh(pk(srB[]),ei_1))),zero_nonce,g2b(pk(siA[])),hT1(pk(srB[]),pk(ei_1))))))))) may be sent to the attacker at output {27}.
attacker((pk(ei_1),aead(kdf2b(kdf1(CK0,g2b(pk(ei_1))),k2b(dh(pk(srB[]),ei_1))),zero_nonce,g2b(pk(siA[])),hT1(pk(srB[]),pk(ei_1))),aead(kdf2b(kdf2a(kdf1(CK0,g2b(pk(ei_1))),k2b(dh(pk(srB[]),ei_1))),k2b(dh(pk(siA[]),srB[]))),zero_nonce,tai64n_2,hT2(pk(srB[]),pk(ei_1),aead(kdf2b(kdf1(CK0,g2b(pk(ei_1))),k2b(dh(pk(srB[]),ei_1))),zero_nonce,g2b(pk(siA[])),hT1(pk(srB[]),pk(ei_1))))),mac(hash(concat(LABEL_MAC1,g2b(pk(srB[])))),concat(g2b(pk(ei_1)),concat(aead(kdf2b(kdf1(CK0,g2b(pk(ei_1))),k2b(dh(pk(srB[]),ei_1))),zero_nonce,g2b(pk(siA[])),hT1(pk(srB[]),pk(ei_1))),aead(kdf2b(kdf2a(kdf1(CK0,g2b(pk(ei_1))),k2b(dh(pk(srB[]),ei_1))),k2b(dh(pk(siA[]),srB[]))),zero_nonce,tai64n_2,hT2(pk(srB[]),pk(ei_1),aead(kdf2b(kdf1(CK0,g2b(pk(ei_1))),k2b(dh(pk(srB[]),ei_1))),zero_nonce,g2b(pk(siA[])),hT1(pk(srB[]),pk(ei_1)))))))))).

7. By 6, the attacker may know (pk(ei_1),aead(kdf2b(kdf1(CK0,g2b(pk(ei_1))),k2b(dh(pk(srB[]),ei_1))),zero_nonce,g2b(pk(siA[])),hT1(pk(srB[]),pk(ei_1))),aead(kdf2b(kdf2a(kdf1(CK0,g2b(pk(ei_1))),k2b(dh(pk(srB[]),ei_1))),k2b(dh(pk(siA[]),srB[]))),zero_nonce,tai64n_2,hT2(pk(srB[]),pk(ei_1),aead(kdf2b(kdf1(CK0,g2b(pk(ei_1))),k2b(dh(pk(srB[]),ei_1))),zero_nonce,g2b(pk(siA[])),hT1(pk(srB[]),pk(ei_1))))),mac(hash(concat(LABEL_MAC1,g2b(pk(srB[])))),concat(g2b(pk(ei_1)),concat(aead(kdf2b(kdf1(CK0,g2b(pk(ei_1))),k2b(dh(pk(srB[]),ei_1))),zero_nonce,g2b(pk(siA[])),hT1(pk(srB[]),pk(ei_1))),aead(kdf2b(kdf2a(kdf1(CK0,g2b(pk(ei_1))),k2b(dh(pk(srB[]),ei_1))),k2b(dh(pk(siA[]),srB[]))),zero_nonce,tai64n_2,hT2(pk(srB[]),pk(ei_1),aead(kdf2b(kdf1(CK0,g2b(pk(ei_1))),k2b(dh(pk(srB[]),ei_1))),zero_nonce,g2b(pk(siA[])),hT1(pk(srB[]),pk(ei_1))))))))).
Using the function 2-proj-4-tuple the attacker may obtain aead(kdf2b(kdf1(CK0,g2b(pk(ei_1))),k2b(dh(pk(srB[]),ei_1))),zero_nonce,g2b(pk(siA[])),hT1(pk(srB[]),pk(ei_1))).
attacker(aead(kdf2b(kdf1(CK0,g2b(pk(ei_1))),k2b(dh(pk(srB[]),ei_1))),zero_nonce,g2b(pk(siA[])),hT1(pk(srB[]),pk(ei_1)))).

8. The message (pk(ei_1),aead(kdf2b(kdf1(CK0,g2b(pk(ei_1))),k2b(dh(pk(ei_1),srB[]))),zero_nonce,g2b(pk(siA[])),hT1(pk(srB[]),pk(ei_1))),aead(kdf2b(kdf2a(kdf1(CK0,g2b(pk(ei_1))),k2b(dh(pk(ei_1),srB[]))),k2b(dh(pk(siA[]),srB[]))),zero_nonce,tai64n_2,hT2(pk(srB[]),pk(ei_1),aead(kdf2b(kdf1(CK0,g2b(pk(ei_1))),k2b(dh(pk(ei_1),srB[]))),zero_nonce,g2b(pk(siA[])),hT1(pk(srB[]),pk(ei_1))))),mac(hash(concat(LABEL_MAC1,g2b(pk(srB[])))),concat(g2b(pk(ei_1)),concat(aead(kdf2b(kdf1(CK0,g2b(pk(ei_1))),k2b(dh(pk(ei_1),srB[]))),zero_nonce,g2b(pk(siA[])),hT1(pk(srB[]),pk(ei_1))),aead(kdf2b(kdf2a(kdf1(CK0,g2b(pk(ei_1))),k2b(dh(pk(ei_1),srB[]))),k2b(dh(pk(siA[]),srB[]))),zero_nonce,tai64n_2,hT2(pk(srB[]),pk(ei_1),aead(kdf2b(kdf1(CK0,g2b(pk(ei_1))),k2b(dh(pk(ei_1),srB[]))),zero_nonce,g2b(pk(siA[])),hT1(pk(srB[]),pk(ei_1))))))))) may be sent to the attacker at output {27}.
attacker((pk(ei_1),aead(kdf2b(kdf1(CK0,g2b(pk(ei_1))),k2b(dh(pk(ei_1),srB[]))),zero_nonce,g2b(pk(siA[])),hT1(pk(srB[]),pk(ei_1))),aead(kdf2b(kdf2a(kdf1(CK0,g2b(pk(ei_1))),k2b(dh(pk(ei_1),srB[]))),k2b(dh(pk(siA[]),srB[]))),zero_nonce,tai64n_2,hT2(pk(srB[]),pk(ei_1),aead(kdf2b(kdf1(CK0,g2b(pk(ei_1))),k2b(dh(pk(ei_1),srB[]))),zero_nonce,g2b(pk(siA[])),hT1(pk(srB[]),pk(ei_1))))),mac(hash(concat(LABEL_MAC1,g2b(pk(srB[])))),concat(g2b(pk(ei_1)),concat(aead(kdf2b(kdf1(CK0,g2b(pk(ei_1))),k2b(dh(pk(ei_1),srB[]))),zero_nonce,g2b(pk(siA[])),hT1(pk(srB[]),pk(ei_1))),aead(kdf2b(kdf2a(kdf1(CK0,g2b(pk(ei_1))),k2b(dh(pk(ei_1),srB[]))),k2b(dh(pk(siA[]),srB[]))),zero_nonce,tai64n_2,hT2(pk(srB[]),pk(ei_1),aead(kdf2b(kdf1(CK0,g2b(pk(ei_1))),k2b(dh(pk(ei_1),srB[]))),zero_nonce,g2b(pk(siA[])),hT1(pk(srB[]),pk(ei_1)))))))))).

9. By 8, the attacker may know (pk(ei_1),aead(kdf2b(kdf1(CK0,g2b(pk(ei_1))),k2b(dh(pk(ei_1),srB[]))),zero_nonce,g2b(pk(siA[])),hT1(pk(srB[]),pk(ei_1))),aead(kdf2b(kdf2a(kdf1(CK0,g2b(pk(ei_1))),k2b(dh(pk(ei_1),srB[]))),k2b(dh(pk(siA[]),srB[]))),zero_nonce,tai64n_2,hT2(pk(srB[]),pk(ei_1),aead(kdf2b(kdf1(CK0,g2b(pk(ei_1))),k2b(dh(pk(ei_1),srB[]))),zero_nonce,g2b(pk(siA[])),hT1(pk(srB[]),pk(ei_1))))),mac(hash(concat(LABEL_MAC1,g2b(pk(srB[])))),concat(g2b(pk(ei_1)),concat(aead(kdf2b(kdf1(CK0,g2b(pk(ei_1))),k2b(dh(pk(ei_1),srB[]))),zero_nonce,g2b(pk(siA[])),hT1(pk(srB[]),pk(ei_1))),aead(kdf2b(kdf2a(kdf1(CK0,g2b(pk(ei_1))),k2b(dh(pk(ei_1),srB[]))),k2b(dh(pk(siA[]),srB[]))),zero_nonce,tai64n_2,hT2(pk(srB[]),pk(ei_1),aead(kdf2b(kdf1(CK0,g2b(pk(ei_1))),k2b(dh(pk(ei_1),srB[]))),zero_nonce,g2b(pk(siA[])),hT1(pk(srB[]),pk(ei_1))))))))).
Using the function 1-proj-4-tuple the attacker may obtain pk(ei_1).
attacker(pk(ei_1)).

10. By 9, the attacker may know pk(ei_1).
By 7, the attacker may know aead(kdf2b(kdf1(CK0,g2b(pk(ei_1))),k2b(dh(pk(srB[]),ei_1))),zero_nonce,g2b(pk(siA[])),hT1(pk(srB[]),pk(ei_1))).
By 5, the attacker may know aead(kdf2b(kdf2a(kdf1(CK0,g2b(pk(ei_1))),k2b(dh(pk(srB[]),ei_1))),k2b(dh(pk(srB[]),siA[]))),zero_nonce,tai64n_2,hT2(pk(srB[]),pk(ei_1),aead(kdf2b(kdf1(CK0,g2b(pk(ei_1))),k2b(dh(pk(srB[]),ei_1))),zero_nonce,g2b(pk(siA[])),hT1(pk(srB[]),pk(ei_1))))).
By 3, the attacker may know mac1_2.
Using the function 4-tuple the attacker may obtain (pk(ei_1),aead(kdf2b(kdf1(CK0,g2b(pk(ei_1))),k2b(dh(pk(srB[]),ei_1))),zero_nonce,g2b(pk(siA[])),hT1(pk(srB[]),pk(ei_1))),aead(kdf2b(kdf2a(kdf1(CK0,g2b(pk(ei_1))),k2b(dh(pk(srB[]),ei_1))),k2b(dh(pk(srB[]),siA[]))),zero_nonce,tai64n_2,hT2(pk(srB[]),pk(ei_1),aead(kdf2b(kdf1(CK0,g2b(pk(ei_1))),k2b(dh(pk(srB[]),ei_1))),zero_nonce,g2b(pk(siA[])),hT1(pk(srB[]),pk(ei_1))))),mac1_2).
attacker((pk(ei_1),aead(kdf2b(kdf1(CK0,g2b(pk(ei_1))),k2b(dh(pk(srB[]),ei_1))),zero_nonce,g2b(pk(siA[])),hT1(pk(srB[]),pk(ei_1))),aead(kdf2b(kdf2a(kdf1(CK0,g2b(pk(ei_1))),k2b(dh(pk(srB[]),ei_1))),k2b(dh(pk(srB[]),siA[]))),zero_nonce,tai64n_2,hT2(pk(srB[]),pk(ei_1),aead(kdf2b(kdf1(CK0,g2b(pk(ei_1))),k2b(dh(pk(srB[]),ei_1))),zero_nonce,g2b(pk(siA[])),hT1(pk(srB[]),pk(ei_1))))),mac1_2)).

11. The message (pk(ei_1),aead(kdf2b(kdf1(CK0,g2b(pk(ei_1))),k2b(dh(pk(srB[]),ei_1))),zero_nonce,g2b(pk(siA[])),hT1(pk(srB[]),pk(ei_1))),aead(kdf2b(kdf2a(kdf1(CK0,g2b(pk(ei_1))),k2b(dh(pk(srB[]),ei_1))),k2b(dh(pk(srB[]),siA[]))),zero_nonce,tai64n_2,hT2(pk(srB[]),pk(ei_1),aead(kdf2b(kdf1(CK0,g2b(pk(ei_1))),k2b(dh(pk(srB[]),ei_1))),zero_nonce,g2b(pk(siA[])),hT1(pk(srB[]),pk(ei_1))))),mac1_2) that the attacker may have by 10 may be received at input {45}.
So the message (pk(er_1),aead(kdf3c(kdf1(kdf1(kdf1(kdf2a(kdf2a(kdf1(CK0,g2b(pk(ei_1))),k2b(dh(pk(srB[]),ei_1))),k2b(dh(pk(srB[]),siA[]))),g2b(pk(er_1))),k2b(dh(pk(er_1),ei_1))),k2b(dh(pk(er_1),siA[]))),k2b(psk[])),zero_nonce,EMPTY,hT5(pk(srB[]),pk(ei_1),aead(kdf2b(kdf1(CK0,g2b(pk(ei_1))),k2b(dh(pk(srB[]),ei_1))),zero_nonce,g2b(pk(siA[])),hT1(pk(srB[]),pk(ei_1))),aead(kdf2b(kdf2a(kdf1(CK0,g2b(pk(ei_1))),k2b(dh(pk(srB[]),ei_1))),k2b(dh(pk(srB[]),siA[]))),zero_nonce,tai64n_2,hT2(pk(srB[]),pk(ei_1),aead(kdf2b(kdf1(CK0,g2b(pk(ei_1))),k2b(dh(pk(srB[]),ei_1))),zero_nonce,g2b(pk(siA[])),hT1(pk(srB[]),pk(ei_1))))),pk(er_1),kdf3b(kdf1(kdf1(kdf1(kdf2a(kdf2a(kdf1(CK0,g2b(pk(ei_1))),k2b(dh(pk(srB[]),ei_1))),k2b(dh(pk(srB[]),siA[]))),g2b(pk(er_1))),k2b(dh(pk(er_1),ei_1))),k2b(dh(pk(er_1),siA[]))),k2b(psk[])))),mac(hash(concat(LABEL_MAC1,g2b(pk(siA[])))),concat(g2b(pk(er_1)),aead(kdf3c(kdf1(kdf1(kdf1(kdf2a(kdf2a(kdf1(CK0,g2b(pk(ei_1))),k2b(dh(pk(srB[]),ei_1))),k2b(dh(pk(srB[]),siA[]))),g2b(pk(er_1))),k2b(dh(pk(er_1),ei_1))),k2b(dh(pk(er_1),siA[]))),k2b(psk[])),zero_nonce,EMPTY,hT5(pk(srB[]),pk(ei_1),aead(kdf2b(kdf1(CK0,g2b(pk(ei_1))),k2b(dh(pk(srB[]),ei_1))),zero_nonce,g2b(pk(siA[])),hT1(pk(srB[]),pk(ei_1))),aead(kdf2b(kdf2a(kdf1(CK0,g2b(pk(ei_1))),k2b(dh(pk(srB[]),ei_1))),k2b(dh(pk(srB[]),siA[]))),zero_nonce,tai64n_2,hT2(pk(srB[]),pk(ei_1),aead(kdf2b(kdf1(CK0,g2b(pk(ei_1))),k2b(dh(pk(srB[]),ei_1))),zero_nonce,g2b(pk(siA[])),hT1(pk(srB[]),pk(ei_1))))),pk(er_1),kdf3b(kdf1(kdf1(kdf1(kdf2a(kdf2a(kdf1(CK0,g2b(pk(ei_1))),k2b(dh(pk(srB[]),ei_1))),k2b(dh(pk(srB[]),siA[]))),g2b(pk(er_1))),k2b(dh(pk(er_1),ei_1))),k2b(dh(pk(er_1),siA[]))),k2b(psk[]))))))) may be sent to the attacker at output {73}.
attacker((pk(er_1),aead(kdf3c(kdf1(kdf1(kdf1(kdf2a(kdf2a(kdf1(CK0,g2b(pk(ei_1))),k2b(dh(pk(srB[]),ei_1))),k2b(dh(pk(srB[]),siA[]))),g2b(pk(er_1))),k2b(dh(pk(er_1),ei_1))),k2b(dh(pk(er_1),siA[]))),k2b(psk[])),zero_nonce,EMPTY,hT5(pk(srB[]),pk(ei_1),aead(kdf2b(kdf1(CK0,g2b(pk(ei_1))),k2b(dh(pk(srB[]),ei_1))),zero_nonce,g2b(pk(siA[])),hT1(pk(srB[]),pk(ei_1))),aead(kdf2b(kdf2a(kdf1(CK0,g2b(pk(ei_1))),k2b(dh(pk(srB[]),ei_1))),k2b(dh(pk(srB[]),siA[]))),zero_nonce,tai64n_2,hT2(pk(srB[]),pk(ei_1),aead(kdf2b(kdf1(CK0,g2b(pk(ei_1))),k2b(dh(pk(srB[]),ei_1))),zero_nonce,g2b(pk(siA[])),hT1(pk(srB[]),pk(ei_1))))),pk(er_1),kdf3b(kdf1(kdf1(kdf1(kdf2a(kdf2a(kdf1(CK0,g2b(pk(ei_1))),k2b(dh(pk(srB[]),ei_1))),k2b(dh(pk(srB[]),siA[]))),g2b(pk(er_1))),k2b(dh(pk(er_1),ei_1))),k2b(dh(pk(er_1),siA[]))),k2b(psk[])))),mac(hash(concat(LABEL_MAC1,g2b(pk(siA[])))),concat(g2b(pk(er_1)),aead(kdf3c(kdf1(kdf1(kdf1(kdf2a(kdf2a(kdf1(CK0,g2b(pk(ei_1))),k2b(dh(pk(srB[]),ei_1))),k2b(dh(pk(srB[]),siA[]))),g2b(pk(er_1))),k2b(dh(pk(er_1),ei_1))),k2b(dh(pk(er_1),siA[]))),k2b(psk[])),zero_nonce,EMPTY,hT5(pk(srB[]),pk(ei_1),aead(kdf2b(kdf1(CK0,g2b(pk(ei_1))),k2b(dh(pk(srB[]),ei_1))),zero_nonce,g2b(pk(siA[])),hT1(pk(srB[]),pk(ei_1))),aead(kdf2b(kdf2a(kdf1(CK0,g2b(pk(ei_1))),k2b(dh(pk(srB[]),ei_1))),k2b(dh(pk(srB[]),siA[]))),zero_nonce,tai64n_2,hT2(pk(srB[]),pk(ei_1),aead(kdf2b(kdf1(CK0,g2b(pk(ei_1))),k2b(dh(pk(srB[]),ei_1))),zero_nonce,g2b(pk(siA[])),hT1(pk(srB[]),pk(ei_1))))),pk(er_1),kdf3b(kdf1(kdf1(kdf1(kdf2a(kdf2a(kdf1(CK0,g2b(pk(ei_1))),k2b(dh(pk(srB[]),ei_1))),k2b(dh(pk(srB[]),siA[]))),g2b(pk(er_1))),k2b(dh(pk(er_1),ei_1))),k2b(dh(pk(er_1),siA[]))),k2b(psk[])))))))).

12. By 11, the attacker may know (pk(er_1),aead(kdf3c(kdf1(kdf1(kdf1(kdf2a(kdf2a(kdf1(CK0,g2b(pk(ei_1))),k2b(dh(pk(srB[]),ei_1))),k2b(dh(pk(srB[]),siA[]))),g2b(pk(er_1))),k2b(dh(pk(er_1),ei_1))),k2b(dh(pk(er_1),siA[]))),k2b(psk[])),zero_nonce,EMPTY,hT5(pk(srB[]),pk(ei_1),aead(kdf2b(kdf1(CK0,g2b(pk(ei_1))),k2b(dh(pk(srB[]),ei_1))),zero_nonce,g2b(pk(siA[])),hT1(pk(srB[]),pk(ei_1))),aead(kdf2b(kdf2a(kdf1(CK0,g2b(pk(ei_1))),k2b(dh(pk(srB[]),ei_1))),k2b(dh(pk(srB[]),siA[]))),zero_nonce,tai64n_2,hT2(pk(srB[]),pk(ei_1),aead(kdf2b(kdf1(CK0,g2b(pk(ei_1))),k2b(dh(pk(srB[]),ei_1))),zero_nonce,g2b(pk(siA[])),hT1(pk(srB[]),pk(ei_1))))),pk(er_1),kdf3b(kdf1(kdf1(kdf1(kdf2a(kdf2a(kdf1(CK0,g2b(pk(ei_1))),k2b(dh(pk(srB[]),ei_1))),k2b(dh(pk(srB[]),siA[]))),g2b(pk(er_1))),k2b(dh(pk(er_1),ei_1))),k2b(dh(pk(er_1),siA[]))),k2b(psk[])))),mac(hash(concat(LABEL_MAC1,g2b(pk(siA[])))),concat(g2b(pk(er_1)),aead(kdf3c(kdf1(kdf1(kdf1(kdf2a(kdf2a(kdf1(CK0,g2b(pk(ei_1))),k2b(dh(pk(srB[]),ei_1))),k2b(dh(pk(srB[]),siA[]))),g2b(pk(er_1))),k2b(dh(pk(er_1),ei_1))),k2b(dh(pk(er_1),siA[]))),k2b(psk[])),zero_nonce,EMPTY,hT5(pk(srB[]),pk(ei_1),aead(kdf2b(kdf1(CK0,g2b(pk(ei_1))),k2b(dh(pk(srB[]),ei_1))),zero_nonce,g2b(pk(siA[])),hT1(pk(srB[]),pk(ei_1))),aead(kdf2b(kdf2a(kdf1(CK0,g2b(pk(ei_1))),k2b(dh(pk(srB[]),ei_1))),k2b(dh(pk(srB[]),siA[]))),zero_nonce,tai64n_2,hT2(pk(srB[]),pk(ei_1),aead(kdf2b(kdf1(CK0,g2b(pk(ei_1))),k2b(dh(pk(srB[]),ei_1))),zero_nonce,g2b(pk(siA[])),hT1(pk(srB[]),pk(ei_1))))),pk(er_1),kdf3b(kdf1(kdf1(kdf1(kdf2a(kdf2a(kdf1(CK0,g2b(pk(ei_1))),k2b(dh(pk(srB[]),ei_1))),k2b(dh(pk(srB[]),siA[]))),g2b(pk(er_1))),k2b(dh(pk(er_1),ei_1))),k2b(dh(pk(er_1),siA[]))),k2b(psk[]))))))).
Using the function 2-proj-3-tuple the attacker may obtain aead(kdf3c(kdf1(kdf1(kdf1(kdf2a(kdf2a(kdf1(CK0,g2b(pk(ei_1))),k2b(dh(pk(srB[]),ei_1))),k2b(dh(pk(srB[]),siA[]))),g2b(pk(er_1))),k2b(dh(pk(er_1),ei_1))),k2b(dh(pk(er_1),siA[]))),k2b(psk[])),zero_nonce,EMPTY,hT5(pk(srB[]),pk(ei_1),aead(kdf2b(kdf1(CK0,g2b(pk(ei_1))),k2b(dh(pk(srB[]),ei_1))),zero_nonce,g2b(pk(siA[])),hT1(pk(srB[]),pk(ei_1))),aead(kdf2b(kdf2a(kdf1(CK0,g2b(pk(ei_1))),k2b(dh(pk(srB[]),ei_1))),k2b(dh(pk(srB[]),siA[]))),zero_nonce,tai64n_2,hT2(pk(srB[]),pk(ei_1),aead(kdf2b(kdf1(CK0,g2b(pk(ei_1))),k2b(dh(pk(srB[]),ei_1))),zero_nonce,g2b(pk(siA[])),hT1(pk(srB[]),pk(ei_1))))),pk(er_1),kdf3b(kdf1(kdf1(kdf1(kdf2a(kdf2a(kdf1(CK0,g2b(pk(ei_1))),k2b(dh(pk(srB[]),ei_1))),k2b(dh(pk(srB[]),siA[]))),g2b(pk(er_1))),k2b(dh(pk(er_1),ei_1))),k2b(dh(pk(er_1),siA[]))),k2b(psk[])))).
attacker(aead(kdf3c(kdf1(kdf1(kdf1(kdf2a(kdf2a(kdf1(CK0,g2b(pk(ei_1))),k2b(dh(pk(srB[]),ei_1))),k2b(dh(pk(srB[]),siA[]))),g2b(pk(er_1))),k2b(dh(pk(er_1),ei_1))),k2b(dh(pk(er_1),siA[]))),k2b(psk[])),zero_nonce,EMPTY,hT5(pk(srB[]),pk(ei_1),aead(kdf2b(kdf1(CK0,g2b(pk(ei_1))),k2b(dh(pk(srB[]),ei_1))),zero_nonce,g2b(pk(siA[])),hT1(pk(srB[]),pk(ei_1))),aead(kdf2b(kdf2a(kdf1(CK0,g2b(pk(ei_1))),k2b(dh(pk(srB[]),ei_1))),k2b(dh(pk(srB[]),siA[]))),zero_nonce,tai64n_2,hT2(pk(srB[]),pk(ei_1),aead(kdf2b(kdf1(CK0,g2b(pk(ei_1))),k2b(dh(pk(srB[]),ei_1))),zero_nonce,g2b(pk(siA[])),hT1(pk(srB[]),pk(ei_1))))),pk(er_1),kdf3b(kdf1(kdf1(kdf1(kdf2a(kdf2a(kdf1(CK0,g2b(pk(ei_1))),k2b(dh(pk(srB[]),ei_1))),k2b(dh(pk(srB[]),siA[]))),g2b(pk(er_1))),k2b(dh(pk(er_1),ei_1))),k2b(dh(pk(er_1),siA[]))),k2b(psk[]))))).

13. By 11, the attacker may know (pk(er_1),aead(kdf3c(kdf1(kdf1(kdf1(kdf2a(kdf2a(kdf1(CK0,g2b(pk(ei_1))),k2b(dh(pk(srB[]),ei_1))),k2b(dh(pk(srB[]),siA[]))),g2b(pk(er_1))),k2b(dh(pk(er_1),ei_1))),k2b(dh(pk(er_1),siA[]))),k2b(psk[])),zero_nonce,EMPTY,hT5(pk(srB[]),pk(ei_1),aead(kdf2b(kdf1(CK0,g2b(pk(ei_1))),k2b(dh(pk(srB[]),ei_1))),zero_nonce,g2b(pk(siA[])),hT1(pk(srB[]),pk(ei_1))),aead(kdf2b(kdf2a(kdf1(CK0,g2b(pk(ei_1))),k2b(dh(pk(srB[]),ei_1))),k2b(dh(pk(srB[]),siA[]))),zero_nonce,tai64n_2,hT2(pk(srB[]),pk(ei_1),aead(kdf2b(kdf1(CK0,g2b(pk(ei_1))),k2b(dh(pk(srB[]),ei_1))),zero_nonce,g2b(pk(siA[])),hT1(pk(srB[]),pk(ei_1))))),pk(er_1),kdf3b(kdf1(kdf1(kdf1(kdf2a(kdf2a(kdf1(CK0,g2b(pk(ei_1))),k2b(dh(pk(srB[]),ei_1))),k2b(dh(pk(srB[]),siA[]))),g2b(pk(er_1))),k2b(dh(pk(er_1),ei_1))),k2b(dh(pk(er_1),siA[]))),k2b(psk[])))),mac(hash(concat(LABEL_MAC1,g2b(pk(siA[])))),concat(g2b(pk(er_1)),aead(kdf3c(kdf1(kdf1(kdf1(kdf2a(kdf2a(kdf1(CK0,g2b(pk(ei_1))),k2b(dh(pk(srB[]),ei_1))),k2b(dh(pk(srB[]),siA[]))),g2b(pk(er_1))),k2b(dh(pk(er_1),ei_1))),k2b(dh(pk(er_1),siA[]))),k2b(psk[])),zero_nonce,EMPTY,hT5(pk(srB[]),pk(ei_1),aead(kdf2b(kdf1(CK0,g2b(pk(ei_1))),k2b(dh(pk(srB[]),ei_1))),zero_nonce,g2b(pk(siA[])),hT1(pk(srB[]),pk(ei_1))),aead(kdf2b(kdf2a(kdf1(CK0,g2b(pk(ei_1))),k2b(dh(pk(srB[]),ei_1))),k2b(dh(pk(srB[]),siA[]))),zero_nonce,tai64n_2,hT2(pk(srB[]),pk(ei_1),aead(kdf2b(kdf1(CK0,g2b(pk(ei_1))),k2b(dh(pk(srB[]),ei_1))),zero_nonce,g2b(pk(siA[])),hT1(pk(srB[]),pk(ei_1))))),pk(er_1),kdf3b(kdf1(kdf1(kdf1(kdf2a(kdf2a(kdf1(CK0,g2b(pk(ei_1))),k2b(dh(pk(srB[]),ei_1))),k2b(dh(pk(srB[]),siA[]))),g2b(pk(er_1))),k2b(dh(pk(er_1),ei_1))),k2b(dh(pk(er_1),siA[]))),k2b(psk[]))))))).
Using the function 1-proj-3-tuple the attacker may obtain pk(er_1).
attacker(pk(er_1)).

14. By 13, the attacker may know pk(er_1).
By 12, the attacker may know aead(kdf3c(kdf1(kdf1(kdf1(kdf2a(kdf2a(kdf1(CK0,g2b(pk(ei_1))),k2b(dh(pk(srB[]),ei_1))),k2b(dh(pk(srB[]),siA[]))),g2b(pk(er_1))),k2b(dh(pk(er_1),ei_1))),k2b(dh(pk(er_1),siA[]))),k2b(psk[])),zero_nonce,EMPTY,hT5(pk(srB[]),pk(ei_1),aead(kdf2b(kdf1(CK0,g2b(pk(ei_1))),k2b(dh(pk(srB[]),ei_1))),zero_nonce,g2b(pk(siA[])),hT1(pk(srB[]),pk(ei_1))),aead(kdf2b(kdf2a(kdf1(CK0,g2b(pk(ei_1))),k2b(dh(pk(srB[]),ei_1))),k2b(dh(pk(srB[]),siA[]))),zero_nonce,tai64n_2,hT2(pk(srB[]),pk(ei_1),aead(kdf2b(kdf1(CK0,g2b(pk(ei_1))),k2b(dh(pk(srB[]),ei_1))),zero_nonce,g2b(pk(siA[])),hT1(pk(srB[]),pk(ei_1))))),pk(er_1),kdf3b(kdf1(kdf1(kdf1(kdf2a(kdf2a(kdf1(CK0,g2b(pk(ei_1))),k2b(dh(pk(srB[]),ei_1))),k2b(dh(pk(srB[]),siA[]))),g2b(pk(er_1))),k2b(dh(pk(er_1),ei_1))),k2b(dh(pk(er_1),siA[]))),k2b(psk[])))).
By 2, the attacker may know mac1r_2.
Using the function 3-tuple the attacker may obtain (pk(er_1),aead(kdf3c(kdf1(kdf1(kdf1(kdf2a(kdf2a(kdf1(CK0,g2b(pk(ei_1))),k2b(dh(pk(srB[]),ei_1))),k2b(dh(pk(srB[]),siA[]))),g2b(pk(er_1))),k2b(dh(pk(er_1),ei_1))),k2b(dh(pk(er_1),siA[]))),k2b(psk[])),zero_nonce,EMPTY,hT5(pk(srB[]),pk(ei_1),aead(kdf2b(kdf1(CK0,g2b(pk(ei_1))),k2b(dh(pk(srB[]),ei_1))),zero_nonce,g2b(pk(siA[])),hT1(pk(srB[]),pk(ei_1))),aead(kdf2b(kdf2a(kdf1(CK0,g2b(pk(ei_1))),k2b(dh(pk(srB[]),ei_1))),k2b(dh(pk(srB[]),siA[]))),zero_nonce,tai64n_2,hT2(pk(srB[]),pk(ei_1),aead(kdf2b(kdf1(CK0,g2b(pk(ei_1))),k2b(dh(pk(srB[]),ei_1))),zero_nonce,g2b(pk(siA[])),hT1(pk(srB[]),pk(ei_1))))),pk(er_1),kdf3b(kdf1(kdf1(kdf1(kdf2a(kdf2a(kdf1(CK0,g2b(pk(ei_1))),k2b(dh(pk(srB[]),ei_1))),k2b(dh(pk(srB[]),siA[]))),g2b(pk(er_1))),k2b(dh(pk(er_1),ei_1))),k2b(dh(pk(er_1),siA[]))),k2b(psk[])))),mac1r_2).
attacker((pk(er_1),aead(kdf3c(kdf1(kdf1(kdf1(kdf2a(kdf2a(kdf1(CK0,g2b(pk(ei_1))),k2b(dh(pk(srB[]),ei_1))),k2b(dh(pk(srB[]),siA[]))),g2b(pk(er_1))),k2b(dh(pk(er_1),ei_1))),k2b(dh(pk(er_1),siA[]))),k2b(psk[])),zero_nonce,EMPTY,hT5(pk(srB[]),pk(ei_1),aead(kdf2b(kdf1(CK0,g2b(pk(ei_1))),k2b(dh(pk(srB[]),ei_1))),zero_nonce,g2b(pk(siA[])),hT1(pk(srB[]),pk(ei_1))),aead(kdf2b(kdf2a(kdf1(CK0,g2b(pk(ei_1))),k2b(dh(pk(srB[]),ei_1))),k2b(dh(pk(srB[]),siA[]))),zero_nonce,tai64n_2,hT2(pk(srB[]),pk(ei_1),aead(kdf2b(kdf1(CK0,g2b(pk(ei_1))),k2b(dh(pk(srB[]),ei_1))),zero_nonce,g2b(pk(siA[])),hT1(pk(srB[]),pk(ei_1))))),pk(er_1),kdf3b(kdf1(kdf1(kdf1(kdf2a(kdf2a(kdf1(CK0,g2b(pk(ei_1))),k2b(dh(pk(srB[]),ei_1))),k2b(dh(pk(srB[]),siA[]))),g2b(pk(er_1))),k2b(dh(pk(er_1),ei_1))),k2b(dh(pk(er_1),siA[]))),k2b(psk[])))),mac1r_2)).

15. The message (pk(er_1),aead(kdf3c(kdf1(kdf1(kdf1(kdf2a(kdf2a(kdf1(CK0,g2b(pk(ei_1))),k2b(dh(pk(srB[]),ei_1))),k2b(dh(pk(srB[]),siA[]))),g2b(pk(er_1))),k2b(dh(pk(er_1),ei_1))),k2b(dh(pk(er_1),siA[]))),k2b(psk[])),zero_nonce,EMPTY,hT5(pk(srB[]),pk(ei_1),aead(kdf2b(kdf1(CK0,g2b(pk(ei_1))),k2b(dh(pk(srB[]),ei_1))),zero_nonce,g2b(pk(siA[])),hT1(pk(srB[]),pk(ei_1))),aead(kdf2b(kdf2a(kdf1(CK0,g2b(pk(ei_1))),k2b(dh(pk(srB[]),ei_1))),k2b(dh(pk(srB[]),siA[]))),zero_nonce,tai64n_2,hT2(pk(srB[]),pk(ei_1),aead(kdf2b(kdf1(CK0,g2b(pk(ei_1))),k2b(dh(pk(srB[]),ei_1))),zero_nonce,g2b(pk(siA[])),hT1(pk(srB[]),pk(ei_1))))),pk(er_1),kdf3b(kdf1(kdf1(kdf1(kdf2a(kdf2a(kdf1(CK0,g2b(pk(ei_1))),k2b(dh(pk(srB[]),ei_1))),k2b(dh(pk(srB[]),siA[]))),g2b(pk(er_1))),k2b(dh(pk(er_1),ei_1))),k2b(dh(pk(er_1),siA[]))),k2b(psk[])))),mac1r_2) that the attacker may have by 14 may be received at input {28}.
So the message aead(kdf2a(kdf3a(kdf1(kdf1(kdf1(kdf2a(kdf2a(kdf1(CK0,g2b(pk(ei_1))),k2b(dh(pk(srB[]),ei_1))),k2b(dh(pk(srB[]),siA[]))),g2b(pk(er_1))),k2b(dh(pk(er_1),ei_1))),k2b(dh(pk(er_1),siA[]))),k2b(psk[])),KEMPTY),zero_nonce,witnessI[],EMPTY) may be sent to the attacker at output {41}.
attacker(aead(kdf2a(kdf3a(kdf1(kdf1(kdf1(kdf2a(kdf2a(kdf1(CK0,g2b(pk(ei_1))),k2b(dh(pk(srB[]),ei_1))),k2b(dh(pk(srB[]),siA[]))),g2b(pk(er_1))),k2b(dh(pk(er_1),ei_1))),k2b(dh(pk(er_1),siA[]))),k2b(psk[])),KEMPTY),zero_nonce,witnessI[],EMPTY)).

16. By 15, the attacker may know aead(kdf2a(kdf3a(kdf1(kdf1(kdf1(kdf2a(kdf2a(kdf1(CK0,g2b(pk(ei_1))),k2b(dh(pk(srB[]),ei_1))),k2b(dh(pk(srB[]),siA[]))),g2b(pk(er_1))),k2b(dh(pk(er_1),ei_1))),k2b(dh(pk(er_1),siA[]))),k2b(psk[])),KEMPTY),zero_nonce,witnessI[],EMPTY).
So the attacker may know aead(kdf2a(kdf3a(kdf1(kdf1(kdf1(kdf2a(kdf2a(kdf1(CK0,g2b(pk(ei_1))),k2b(dh(pk(srB[]),ei_1))),k2b(dh(pk(srB[]),siA[]))),g2b(pk(er_1))),k2b(dh(pk(er_1),ei_1))),k2b(dh(pk(er_1),siA[]))),k2b(psk[])),KEMPTY),zero_nonce,witnessI[],EMPTY) in phase 1.
attacker_p1(aead(kdf2a(kdf3a(kdf1(kdf1(kdf1(kdf2a(kdf2a(kdf1(CK0,g2b(pk(ei_1))),k2b(dh(pk(srB[]),ei_1))),k2b(dh(pk(srB[]),siA[]))),g2b(pk(er_1))),k2b(dh(pk(er_1),ei_1))),k2b(dh(pk(er_1),siA[]))),k2b(psk[])),KEMPTY),zero_nonce,witnessI[],EMPTY)).

17. Using the function zero_nonce the attacker may obtain zero_nonce in phase 1.
attacker_p1(zero_nonce).

18. Using the function KEMPTY the attacker may obtain KEMPTY in phase 1.
attacker_p1(KEMPTY).

19. The message (pk(siA[]),pk(srB[]),psk[]) may be sent to the attacker at output {6}.
attacker((pk(siA[]),pk(srB[]),psk[])).

20. By 19, the attacker may know (pk(siA[]),pk(srB[]),psk[]).
Using the function 3-proj-3-tuple the attacker may obtain psk[].
attacker(psk[]).

21. By 20, the attacker may know psk[].
So the attacker may know psk[] in phase 1.
attacker_p1(psk[]).

22. By 21, the attacker may know psk[] in phase 1.
Using the function k2b the attacker may obtain k2b(psk[]) in phase 1.
attacker_p1(k2b(psk[])).

23. By 13, the attacker may know pk(er_1).
So the attacker may know pk(er_1) in phase 1.
attacker_p1(pk(er_1)).

24. The message pk(er_1) that the attacker may have in phase 1 by 23 may be received at input {80}.
So the message er_1 may be sent to the attacker in phase 1 at output {81}.
attacker_p1(er_1).

25. By 19, the attacker may know (pk(siA[]),pk(srB[]),psk[]).
Using the function 1-proj-3-tuple the attacker may obtain pk(siA[]).
attacker(pk(siA[])).

26. By 25, the attacker may know pk(siA[]).
So the attacker may know pk(siA[]) in phase 1.
attacker_p1(pk(siA[])).

27. By 26, the attacker may know pk(siA[]) in phase 1.
By 24, the attacker may know er_1 in phase 1.
Using the function dh the attacker may obtain dh(pk(er_1),siA[]) in phase 1.
attacker_p1(dh(pk(er_1),siA[])).

28. By 27, the attacker may know dh(pk(er_1),siA[]) in phase 1.
Using the function k2b the attacker may obtain k2b(dh(pk(er_1),siA[])) in phase 1.
attacker_p1(k2b(dh(pk(er_1),siA[]))).

29. By 9, the attacker may know pk(ei_1).
So the attacker may know pk(ei_1) in phase 1.
attacker_p1(pk(ei_1)).

30. By 29, the attacker may know pk(ei_1) in phase 1.
By 24, the attacker may know er_1 in phase 1.
Using the function dh the attacker may obtain dh(pk(er_1),ei_1) in phase 1.
attacker_p1(dh(pk(er_1),ei_1)).

31. By 30, the attacker may know dh(pk(er_1),ei_1) in phase 1.
Using the function k2b the attacker may obtain k2b(dh(pk(er_1),ei_1)) in phase 1.
attacker_p1(k2b(dh(pk(er_1),ei_1))).

32. By 23, the attacker may know pk(er_1) in phase 1.
Using the function g2b the attacker may obtain g2b(pk(er_1)) in phase 1.
attacker_p1(g2b(pk(er_1))).

33. By 19, the attacker may know (pk(siA[]),pk(srB[]),psk[]).
Using the function 2-proj-3-tuple the attacker may obtain pk(srB[]).
attacker(pk(srB[])).

34. By 33, the attacker may know pk(srB[]).
So the attacker may know pk(srB[]) in phase 1.
attacker_p1(pk(srB[])).

35. The message pk(srB[]) that the attacker may have in phase 1 by 34 may be received at input {80}.
So the message srB[] may be sent to the attacker in phase 1 at output {81}.
attacker_p1(srB[]).

36. By 26, the attacker may know pk(siA[]) in phase 1.
By 35, the attacker may know srB[] in phase 1.
Using the function dh the attacker may obtain dh(pk(srB[]),siA[]) in phase 1.
attacker_p1(dh(pk(srB[]),siA[])).

37. By 36, the attacker may know dh(pk(srB[]),siA[]) in phase 1.
Using the function k2b the attacker may obtain k2b(dh(pk(srB[]),siA[])) in phase 1.
attacker_p1(k2b(dh(pk(srB[]),siA[]))).

38. By 29, the attacker may know pk(ei_1) in phase 1.
By 35, the attacker may know srB[] in phase 1.
Using the function dh the attacker may obtain dh(pk(srB[]),ei_1) in phase 1.
attacker_p1(dh(pk(srB[]),ei_1)).

39. By 38, the attacker may know dh(pk(srB[]),ei_1) in phase 1.
Using the function k2b the attacker may obtain k2b(dh(pk(srB[]),ei_1)) in phase 1.
attacker_p1(k2b(dh(pk(srB[]),ei_1))).

40. By 29, the attacker may know pk(ei_1) in phase 1.
Using the function g2b the attacker may obtain g2b(pk(ei_1)) in phase 1.
attacker_p1(g2b(pk(ei_1))).

41. Using the function CK0 the attacker may obtain CK0 in phase 1.
attacker_p1(CK0).

42. By 41, the attacker may know CK0 in phase 1.
By 40, the attacker may know g2b(pk(ei_1)) in phase 1.
Using the function kdf1 the attacker may obtain kdf1(CK0,g2b(pk(ei_1))) in phase 1.
attacker_p1(kdf1(CK0,g2b(pk(ei_1)))).

43. By 42, the attacker may know kdf1(CK0,g2b(pk(ei_1))) in phase 1.
By 39, the attacker may know k2b(dh(pk(srB[]),ei_1)) in phase 1.
Using the function kdf2a the attacker may obtain kdf2a(kdf1(CK0,g2b(pk(ei_1))),k2b(dh(pk(srB[]),ei_1))) in phase 1.
attacker_p1(kdf2a(kdf1(CK0,g2b(pk(ei_1))),k2b(dh(pk(srB[]),ei_1)))).

44. By 43, the attacker may know kdf2a(kdf1(CK0,g2b(pk(ei_1))),k2b(dh(pk(srB[]),ei_1))) in phase 1.
By 37, the attacker may know k2b(dh(pk(srB[]),siA[])) in phase 1.
Using the function kdf2a the attacker may obtain kdf2a(kdf2a(kdf1(CK0,g2b(pk(ei_1))),k2b(dh(pk(srB[]),ei_1))),k2b(dh(pk(srB[]),siA[]))) in phase 1.
attacker_p1(kdf2a(kdf2a(kdf1(CK0,g2b(pk(ei_1))),k2b(dh(pk(srB[]),ei_1))),k2b(dh(pk(srB[]),siA[])))).

45. By 44, the attacker may know kdf2a(kdf2a(kdf1(CK0,g2b(pk(ei_1))),k2b(dh(pk(srB[]),ei_1))),k2b(dh(pk(srB[]),siA[]))) in phase 1.
By 32, the attacker may know g2b(pk(er_1)) in phase 1.
Using the function kdf1 the attacker may obtain kdf1(kdf2a(kdf2a(kdf1(CK0,g2b(pk(ei_1))),k2b(dh(pk(srB[]),ei_1))),k2b(dh(pk(srB[]),siA[]))),g2b(pk(er_1))) in phase 1.
attacker_p1(kdf1(kdf2a(kdf2a(kdf1(CK0,g2b(pk(ei_1))),k2b(dh(pk(srB[]),ei_1))),k2b(dh(pk(srB[]),siA[]))),g2b(pk(er_1)))).

46. By 45, the attacker may know kdf1(kdf2a(kdf2a(kdf1(CK0,g2b(pk(ei_1))),k2b(dh(pk(srB[]),ei_1))),k2b(dh(pk(srB[]),siA[]))),g2b(pk(er_1))) in phase 1.
By 31, the attacker may know k2b(dh(pk(er_1),ei_1)) in phase 1.
Using the function kdf1 the attacker may obtain kdf1(kdf1(kdf2a(kdf2a(kdf1(CK0,g2b(pk(ei_1))),k2b(dh(pk(srB[]),ei_1))),k2b(dh(pk(srB[]),siA[]))),g2b(pk(er_1))),k2b(dh(pk(er_1),ei_1))) in phase 1.
attacker_p1(kdf1(kdf1(kdf2a(kdf2a(kdf1(CK0,g2b(pk(ei_1))),k2b(dh(pk(srB[]),ei_1))),k2b(dh(pk(srB[]),siA[]))),g2b(pk(er_1))),k2b(dh(pk(er_1),ei_1)))).

47. By 46, the attacker may know kdf1(kdf1(kdf2a(kdf2a(kdf1(CK0,g2b(pk(ei_1))),k2b(dh(pk(srB[]),ei_1))),k2b(dh(pk(srB[]),siA[]))),g2b(pk(er_1))),k2b(dh(pk(er_1),ei_1))) in phase 1.
By 28, the attacker may know k2b(dh(pk(er_1),siA[])) in phase 1.
Using the function kdf1 the attacker may obtain kdf1(kdf1(kdf1(kdf2a(kdf2a(kdf1(CK0,g2b(pk(ei_1))),k2b(dh(pk(srB[]),ei_1))),k2b(dh(pk(srB[]),siA[]))),g2b(pk(er_1))),k2b(dh(pk(er_1),ei_1))),k2b(dh(pk(er_1),siA[]))) in phase 1.
attacker_p1(kdf1(kdf1(kdf1(kdf2a(kdf2a(kdf1(CK0,g2b(pk(ei_1))),k2b(dh(pk(srB[]),ei_1))),k2b(dh(pk(srB[]),siA[]))),g2b(pk(er_1))),k2b(dh(pk(er_1),ei_1))),k2b(dh(pk(er_1),siA[])))).

48. By 47, the attacker may know kdf1(kdf1(kdf1(kdf2a(kdf2a(kdf1(CK0,g2b(pk(ei_1))),k2b(dh(pk(srB[]),ei_1))),k2b(dh(pk(srB[]),siA[]))),g2b(pk(er_1))),k2b(dh(pk(er_1),ei_1))),k2b(dh(pk(er_1),siA[]))) in phase 1.
By 22, the attacker may know k2b(psk[]) in phase 1.
Using the function kdf3a the attacker may obtain kdf3a(kdf1(kdf1(kdf1(kdf2a(kdf2a(kdf1(CK0,g2b(pk(ei_1))),k2b(dh(pk(srB[]),ei_1))),k2b(dh(pk(srB[]),siA[]))),g2b(pk(er_1))),k2b(dh(pk(er_1),ei_1))),k2b(dh(pk(er_1),siA[]))),k2b(psk[])) in phase 1.
attacker_p1(kdf3a(kdf1(kdf1(kdf1(kdf2a(kdf2a(kdf1(CK0,g2b(pk(ei_1))),k2b(dh(pk(srB[]),ei_1))),k2b(dh(pk(srB[]),siA[]))),g2b(pk(er_1))),k2b(dh(pk(er_1),ei_1))),k2b(dh(pk(er_1),siA[]))),k2b(psk[]))).

49. By 48, the attacker may know kdf3a(kdf1(kdf1(kdf1(kdf2a(kdf2a(kdf1(CK0,g2b(pk(ei_1))),k2b(dh(pk(srB[]),ei_1))),k2b(dh(pk(srB[]),siA[]))),g2b(pk(er_1))),k2b(dh(pk(er_1),ei_1))),k2b(dh(pk(er_1),siA[]))),k2b(psk[])) in phase 1.
By 18, the attacker may know KEMPTY in phase 1.
Using the function kdf2a the attacker may obtain kdf2a(kdf3a(kdf1(kdf1(kdf1(kdf2a(kdf2a(kdf1(CK0,g2b(pk(ei_1))),k2b(dh(pk(srB[]),ei_1))),k2b(dh(pk(srB[]),siA[]))),g2b(pk(er_1))),k2b(dh(pk(er_1),ei_1))),k2b(dh(pk(er_1),siA[]))),k2b(psk[])),KEMPTY) in phase 1.
attacker_p1(kdf2a(kdf3a(kdf1(kdf1(kdf1(kdf2a(kdf2a(kdf1(CK0,g2b(pk(ei_1))),k2b(dh(pk(srB[]),ei_1))),k2b(dh(pk(srB[]),siA[]))),g2b(pk(er_1))),k2b(dh(pk(er_1),ei_1))),k2b(dh(pk(er_1),siA[]))),k2b(psk[])),KEMPTY)).

50. By 49, the attacker may know kdf2a(kdf3a(kdf1(kdf1(kdf1(kdf2a(kdf2a(kdf1(CK0,g2b(pk(ei_1))),k2b(dh(pk(srB[]),ei_1))),k2b(dh(pk(srB[]),siA[]))),g2b(pk(er_1))),k2b(dh(pk(er_1),ei_1))),k2b(dh(pk(er_1),siA[]))),k2b(psk[])),KEMPTY) in phase 1.
By 17, the attacker may know zero_nonce in phase 1.
By 16, the attacker may know aead(kdf2a(kdf3a(kdf1(kdf1(kdf1(kdf2a(kdf2a(kdf1(CK0,g2b(pk(ei_1))),k2b(dh(pk(srB[]),ei_1))),k2b(dh(pk(srB[]),siA[]))),g2b(pk(er_1))),k2b(dh(pk(er_1),ei_1))),k2b(dh(pk(er_1),siA[]))),k2b(psk[])),KEMPTY),zero_nonce,witnessI[],EMPTY) in phase 1.
By 1, the attacker may know EMPTY in phase 1.
Using the function aead_dec the attacker may obtain witnessI[] in phase 1.
attacker_p1(witnessI[]).

51. By 50, attacker_p1(witnessI[]).
The goal is reached, represented in the following fact:
attacker_p1(witnessI[]).


A more detailed output of the traces is available with
  set traceDisplay = long.

new siA: exponent creating siA_1 at {1}

new srB: exponent creating srB_1 at {3}

new psk: key creating psk_3 at {5}

out(net, (~M,~M_1,~M_2)) with ~M = pk(siA_1), ~M_1 = pk(srB_1), ~M_2 = psk_3 at {6}

event InitiatorBegin(pk(siA_1),pk(srB_1)) at {10} in copy a

new ei: exponent creating ei_2 at {11} in copy a

new tai64n: bitstring creating tai64n_3 at {23} in copy a

out(net, (~M_3,~M_4,~M_5,~M_6)) with ~M_3 = pk(ei_2), ~M_4 = aead(kdf2b(kdf1(CK0,g2b(pk(ei_2))),k2b(dh(pk(srB_1),ei_2))),zero_nonce,g2b(pk(siA_1)),hT1(pk(srB_1),pk(ei_2))), ~M_5 = aead(kdf2b(kdf2a(kdf1(CK0,g2b(pk(ei_2))),k2b(dh(pk(srB_1),ei_2))),k2b(dh(pk(srB_1),siA_1))),zero_nonce,tai64n_3,hT2(pk(srB_1),pk(ei_2),aead(kdf2b(kdf1(CK0,g2b(pk(ei_2))),k2b(dh(pk(srB_1),ei_2))),zero_nonce,g2b(pk(siA_1)),hT1(pk(srB_1),pk(ei_2))))), ~M_6 = mac(hash(concat(LABEL_MAC1,g2b(pk(srB_1)))),concat(g2b(pk(ei_2)),concat(aead(kdf2b(kdf1(CK0,g2b(pk(ei_2))),k2b(dh(pk(srB_1),ei_2))),zero_nonce,g2b(pk(siA_1)),hT1(pk(srB_1),pk(ei_2))),aead(kdf2b(kdf2a(kdf1(CK0,g2b(pk(ei_2))),k2b(dh(pk(srB_1),ei_2))),k2b(dh(pk(srB_1),siA_1))),zero_nonce,tai64n_3,hT2(pk(srB_1),pk(ei_2),aead(kdf2b(kdf1(CK0,g2b(pk(ei_2))),k2b(dh(pk(srB_1),ei_2))),zero_nonce,g2b(pk(siA_1)),hT1(pk(srB_1),pk(ei_2)))))))) at {27} in copy a

in(net, (~M_3,~M_4,~M_5,a_1)) with ~M_3 = pk(ei_2), ~M_4 = aead(kdf2b(kdf1(CK0,g2b(pk(ei_2))),k2b(dh(pk(srB_1),ei_2))),zero_nonce,g2b(pk(siA_1)),hT1(pk(srB_1),pk(ei_2))), ~M_5 = aead(kdf2b(kdf2a(kdf1(CK0,g2b(pk(ei_2))),k2b(dh(pk(srB_1),ei_2))),k2b(dh(pk(srB_1),siA_1))),zero_nonce,tai64n_3,hT2(pk(srB_1),pk(ei_2),aead(kdf2b(kdf1(CK0,g2b(pk(ei_2))),k2b(dh(pk(srB_1),ei_2))),zero_nonce,g2b(pk(siA_1)),hT1(pk(srB_1),pk(ei_2))))) at {45} in copy a_2

new er: exponent creating er_2 at {58} in copy a_2

event ResponderBegin(pk(siA_1),pk(srB_1),kdf2a(kdf3a(kdf1(kdf1(kdf1(kdf2a(kdf2a(kdf1(CK0,g2b(pk(ei_2))),k2b(dh(pk(ei_2),srB_1))),k2b(dh(pk(siA_1),srB_1))),g2b(pk(er_2))),k2b(dh(pk(ei_2),er_2))),k2b(dh(pk(siA_1),er_2))),k2b(psk_3)),KEMPTY),kdf2b(kdf3a(kdf1(kdf1(kdf1(kdf2a(kdf2a(kdf1(CK0,g2b(pk(ei_2))),k2b(dh(pk(ei_2),srB_1))),k2b(dh(pk(siA_1),srB_1))),g2b(pk(er_2))),k2b(dh(pk(ei_2),er_2))),k2b(dh(pk(siA_1),er_2))),k2b(psk_3)),KEMPTY)) at {72} in copy a_2

out(net, (~M_7,~M_8,~M_9)) with ~M_7 = pk(er_2), ~M_8 = aead(kdf3c(kdf1(kdf1(kdf1(kdf2a(kdf2a(kdf1(CK0,g2b(pk(ei_2))),k2b(dh(pk(ei_2),srB_1))),k2b(dh(pk(siA_1),srB_1))),g2b(pk(er_2))),k2b(dh(pk(ei_2),er_2))),k2b(dh(pk(siA_1),er_2))),k2b(psk_3)),zero_nonce,EMPTY,hT5(pk(srB_1),pk(ei_2),aead(kdf2b(kdf1(CK0,g2b(pk(ei_2))),k2b(dh(pk(srB_1),ei_2))),zero_nonce,g2b(pk(siA_1)),hT1(pk(srB_1),pk(ei_2))),aead(kdf2b(kdf2a(kdf1(CK0,g2b(pk(ei_2))),k2b(dh(pk(srB_1),ei_2))),k2b(dh(pk(srB_1),siA_1))),zero_nonce,tai64n_3,hT2(pk(srB_1),pk(ei_2),aead(kdf2b(kdf1(CK0,g2b(pk(ei_2))),k2b(dh(pk(srB_1),ei_2))),zero_nonce,g2b(pk(siA_1)),hT1(pk(srB_1),pk(ei_2))))),pk(er_2),kdf3b(kdf1(kdf1(kdf1(kdf2a(kdf2a(kdf1(CK0,g2b(pk(ei_2))),k2b(dh(pk(ei_2),srB_1))),k2b(dh(pk(siA_1),srB_1))),g2b(pk(er_2))),k2b(dh(pk(ei_2),er_2))),k2b(dh(pk(siA_1),er_2))),k2b(psk_3)))), ~M_9 = mac(hash(concat(LABEL_MAC1,g2b(pk(siA_1)))),concat(g2b(pk(er_2)),aead(kdf3c(kdf1(kdf1(kdf1(kdf2a(kdf2a(kdf1(CK0,g2b(pk(ei_2))),k2b(dh(pk(ei_2),srB_1))),k2b(dh(pk(siA_1),srB_1))),g2b(pk(er_2))),k2b(dh(pk(ei_2),er_2))),k2b(dh(pk(siA_1),er_2))),k2b(psk_3)),zero_nonce,EMPTY,hT5(pk(srB_1),pk(ei_2),aead(kdf2b(kdf1(CK0,g2b(pk(ei_2))),k2b(dh(pk(srB_1),ei_2))),zero_nonce,g2b(pk(siA_1)),hT1(pk(srB_1),pk(ei_2))),aead(kdf2b(kdf2a(kdf1(CK0,g2b(pk(ei_2))),k2b(dh(pk(srB_1),ei_2))),k2b(dh(pk(srB_1),siA_1))),zero_nonce,tai64n_3,hT2(pk(srB_1),pk(ei_2),aead(kdf2b(kdf1(CK0,g2b(pk(ei_2))),k2b(dh(pk(srB_1),ei_2))),zero_nonce,g2b(pk(siA_1)),hT1(pk(srB_1),pk(ei_2))))),pk(er_2),kdf3b(kdf1(kdf1(kdf1(kdf2a(kdf2a(kdf1(CK0,g2b(pk(ei_2))),k2b(dh(pk(ei_2),srB_1))),k2b(dh(pk(siA_1),srB_1))),g2b(pk(er_2))),k2b(dh(pk(ei_2),er_2))),k2b(dh(pk(siA_1),er_2))),k2b(psk_3)))))) at {73} in copy a_2

in(net, (~M_7,~M_8,a_3)) with ~M_7 = pk(er_2), ~M_8 = aead(kdf3c(kdf1(kdf1(kdf1(kdf2a(kdf2a(kdf1(CK0,g2b(pk(ei_2))),k2b(dh(pk(srB_1),ei_2))),k2b(dh(pk(srB_1),siA_1))),g2b(pk(er_2))),k2b(dh(pk(er_2),ei_2))),k2b(dh(pk(er_2),siA_1))),k2b(psk_3)),zero_nonce,EMPTY,hT5(pk(srB_1),pk(ei_2),aead(kdf2b(kdf1(CK0,g2b(pk(ei_2))),k2b(dh(pk(srB_1),ei_2))),zero_nonce,g2b(pk(siA_1)),hT1(pk(srB_1),pk(ei_2))),aead(kdf2b(kdf2a(kdf1(CK0,g2b(pk(ei_2))),k2b(dh(pk(srB_1),ei_2))),k2b(dh(pk(srB_1),siA_1))),zero_nonce,tai64n_3,hT2(pk(srB_1),pk(ei_2),aead(kdf2b(kdf1(CK0,g2b(pk(ei_2))),k2b(dh(pk(srB_1),ei_2))),zero_nonce,g2b(pk(siA_1)),hT1(pk(srB_1),pk(ei_2))))),pk(er_2),kdf3b(kdf1(kdf1(kdf1(kdf2a(kdf2a(kdf1(CK0,g2b(pk(ei_2))),k2b(dh(pk(srB_1),ei_2))),k2b(dh(pk(srB_1),siA_1))),g2b(pk(er_2))),k2b(dh(pk(er_2),ei_2))),k2b(dh(pk(er_2),siA_1))),k2b(psk_3)))) at {28} in copy a

event InitiatorDone(pk(siA_1),pk(srB_1),kdf2a(kdf3a(kdf1(kdf1(kdf1(kdf2a(kdf2a(kdf1(CK0,g2b(pk(ei_2))),k2b(dh(pk(srB_1),ei_2))),k2b(dh(pk(srB_1),siA_1))),g2b(pk(er_2))),k2b(dh(pk(er_2),ei_2))),k2b(dh(pk(er_2),siA_1))),k2b(psk_3)),KEMPTY),kdf2b(kdf3a(kdf1(kdf1(kdf1(kdf2a(kdf2a(kdf1(CK0,g2b(pk(ei_2))),k2b(dh(pk(srB_1),ei_2))),k2b(dh(pk(srB_1),siA_1))),g2b(pk(er_2))),k2b(dh(pk(er_2),ei_2))),k2b(dh(pk(er_2),siA_1))),k2b(psk_3)),KEMPTY)) at {40} in copy a

out(net, ~M_10) with ~M_10 = aead(kdf2a(kdf3a(kdf1(kdf1(kdf1(kdf2a(kdf2a(kdf1(CK0,g2b(pk(ei_2))),k2b(dh(pk(srB_1),ei_2))),k2b(dh(pk(srB_1),siA_1))),g2b(pk(er_2))),k2b(dh(pk(er_2),ei_2))),k2b(dh(pk(er_2),siA_1))),k2b(psk_3)),KEMPTY),zero_nonce,witnessI,EMPTY) at {41} in copy a

in(net, ~M_1) with ~M_1 = pk(srB_1) at {80} in copy a_4

out(net, ~M_11) with ~M_11 = srB_1 at {81} in copy a_4

in(net, ~M_7) with ~M_7 = pk(er_2) at {80} in copy a_5

out(net, ~M_12) with ~M_12 = er_2 at {81} in copy a_5

The attacker has the message aead_dec(kdf2a(kdf3a(kdf1(kdf1(kdf1(kdf2a(kdf2a(kdf1(CK0,g2b(~M_3)),k2b(dh(~M_3,~M_11))),k2b(dh(~M,~M_11))),g2b(~M_7)),k2b(dh(~M_3,~M_12))),k2b(dh(~M,~M_12))),k2b(~M_2)),KEMPTY),zero_nonce,~M_10,EMPTY) = witnessI in phase 1.
A trace has been found.
RESULT not attacker_p1(witnessI[]) is false.
Starting query not attacker_p1(witnessR[])
goal reachable: attacker_p1(witnessR[])

Derivation:
Abbreviations:
ei_1 = ei[!1 = @sid]
tai64n_2 = tai64n[!1 = @sid]
er_1 = er[mac1_1 = mac1_2,msgTs_1 = aead(kdf2b(kdf2a(kdf1(CK0,g2b(pk(ei_1))),k2b(dh(pk(srB[]),ei_1))),k2b(dh(pk(srB[]),siA[]))),zero_nonce,tai64n_2,hT2(pk(srB[]),pk(ei_1),aead(kdf2b(kdf1(CK0,g2b(pk(ei_1))),k2b(dh(pk(srB[]),ei_1))),zero_nonce,g2b(pk(siA[])),hT1(pk(srB[]),pk(ei_1))))),msgStatic_1 = aead(kdf2b(kdf1(CK0,g2b(pk(ei_1))),k2b(dh(pk(srB[]),ei_1))),zero_nonce,g2b(pk(siA[])),hT1(pk(srB[]),pk(ei_1))),Ei_1 = pk(ei_1),!1 = @sid_1]

1. Using the function EMPTY the attacker may obtain EMPTY in phase 1.
attacker_p1(EMPTY).

2. The attacker has some term mac1_2.
attacker(mac1_2).

3. The message (pk(ei_1),aead(kdf2b(kdf1(CK0,g2b(pk(ei_1))),k2b(dh(pk(srB[]),ei_1))),zero_nonce,g2b(pk(siA[])),hT1(pk(srB[]),pk(ei_1))),aead(kdf2b(kdf2a(kdf1(CK0,g2b(pk(ei_1))),k2b(dh(pk(srB[]),ei_1))),k2b(dh(pk(srB[]),siA[]))),zero_nonce,tai64n_2,hT2(pk(srB[]),pk(ei_1),aead(kdf2b(kdf1(CK0,g2b(pk(ei_1))),k2b(dh(pk(srB[]),ei_1))),zero_nonce,g2b(pk(siA[])),hT1(pk(srB[]),pk(ei_1))))),mac(hash(concat(LABEL_MAC1,g2b(pk(srB[])))),concat(g2b(pk(ei_1)),concat(aead(kdf2b(kdf1(CK0,g2b(pk(ei_1))),k2b(dh(pk(srB[]),ei_1))),zero_nonce,g2b(pk(siA[])),hT1(pk(srB[]),pk(ei_1))),aead(kdf2b(kdf2a(kdf1(CK0,g2b(pk(ei_1))),k2b(dh(pk(srB[]),ei_1))),k2b(dh(pk(srB[]),siA[]))),zero_nonce,tai64n_2,hT2(pk(srB[]),pk(ei_1),aead(kdf2b(kdf1(CK0,g2b(pk(ei_1))),k2b(dh(pk(srB[]),ei_1))),zero_nonce,g2b(pk(siA[])),hT1(pk(srB[]),pk(ei_1))))))))) may be sent to the attacker at output {27}.
attacker((pk(ei_1),aead(kdf2b(kdf1(CK0,g2b(pk(ei_1))),k2b(dh(pk(srB[]),ei_1))),zero_nonce,g2b(pk(siA[])),hT1(pk(srB[]),pk(ei_1))),aead(kdf2b(kdf2a(kdf1(CK0,g2b(pk(ei_1))),k2b(dh(pk(srB[]),ei_1))),k2b(dh(pk(srB[]),siA[]))),zero_nonce,tai64n_2,hT2(pk(srB[]),pk(ei_1),aead(kdf2b(kdf1(CK0,g2b(pk(ei_1))),k2b(dh(pk(srB[]),ei_1))),zero_nonce,g2b(pk(siA[])),hT1(pk(srB[]),pk(ei_1))))),mac(hash(concat(LABEL_MAC1,g2b(pk(srB[])))),concat(g2b(pk(ei_1)),concat(aead(kdf2b(kdf1(CK0,g2b(pk(ei_1))),k2b(dh(pk(srB[]),ei_1))),zero_nonce,g2b(pk(siA[])),hT1(pk(srB[]),pk(ei_1))),aead(kdf2b(kdf2a(kdf1(CK0,g2b(pk(ei_1))),k2b(dh(pk(srB[]),ei_1))),k2b(dh(pk(srB[]),siA[]))),zero_nonce,tai64n_2,hT2(pk(srB[]),pk(ei_1),aead(kdf2b(kdf1(CK0,g2b(pk(ei_1))),k2b(dh(pk(srB[]),ei_1))),zero_nonce,g2b(pk(siA[])),hT1(pk(srB[]),pk(ei_1)))))))))).

4. By 3, the attacker may know (pk(ei_1),aead(kdf2b(kdf1(CK0,g2b(pk(ei_1))),k2b(dh(pk(srB[]),ei_1))),zero_nonce,g2b(pk(siA[])),hT1(pk(srB[]),pk(ei_1))),aead(kdf2b(kdf2a(kdf1(CK0,g2b(pk(ei_1))),k2b(dh(pk(srB[]),ei_1))),k2b(dh(pk(srB[]),siA[]))),zero_nonce,tai64n_2,hT2(pk(srB[]),pk(ei_1),aead(kdf2b(kdf1(CK0,g2b(pk(ei_1))),k2b(dh(pk(srB[]),ei_1))),zero_nonce,g2b(pk(siA[])),hT1(pk(srB[]),pk(ei_1))))),mac(hash(concat(LABEL_MAC1,g2b(pk(srB[])))),concat(g2b(pk(ei_1)),concat(aead(kdf2b(kdf1(CK0,g2b(pk(ei_1))),k2b(dh(pk(srB[]),ei_1))),zero_nonce,g2b(pk(siA[])),hT1(pk(srB[]),pk(ei_1))),aead(kdf2b(kdf2a(kdf1(CK0,g2b(pk(ei_1))),k2b(dh(pk(srB[]),ei_1))),k2b(dh(pk(srB[]),siA[]))),zero_nonce,tai64n_2,hT2(pk(srB[]),pk(ei_1),aead(kdf2b(kdf1(CK0,g2b(pk(ei_1))),k2b(dh(pk(srB[]),ei_1))),zero_nonce,g2b(pk(siA[])),hT1(pk(srB[]),pk(ei_1))))))))).
Using the function 3-proj-4-tuple the attacker may obtain aead(kdf2b(kdf2a(kdf1(CK0,g2b(pk(ei_1))),k2b(dh(pk(srB[]),ei_1))),k2b(dh(pk(srB[]),siA[]))),zero_nonce,tai64n_2,hT2(pk(srB[]),pk(ei_1),aead(kdf2b(kdf1(CK0,g2b(pk(ei_1))),k2b(dh(pk(srB[]),ei_1))),zero_nonce,g2b(pk(siA[])),hT1(pk(srB[]),pk(ei_1))))).
attacker(aead(kdf2b(kdf2a(kdf1(CK0,g2b(pk(ei_1))),k2b(dh(pk(srB[]),ei_1))),k2b(dh(pk(srB[]),siA[]))),zero_nonce,tai64n_2,hT2(pk(srB[]),pk(ei_1),aead(kdf2b(kdf1(CK0,g2b(pk(ei_1))),k2b(dh(pk(srB[]),ei_1))),zero_nonce,g2b(pk(siA[])),hT1(pk(srB[]),pk(ei_1)))))).

5. The message (pk(ei_1),aead(kdf2b(kdf1(CK0,g2b(pk(ei_1))),k2b(dh(pk(srB[]),ei_1))),zero_nonce,g2b(pk(siA[])),hT1(pk(srB[]),pk(ei_1))),aead(kdf2b(kdf2a(kdf1(CK0,g2b(pk(ei_1))),k2b(dh(pk(srB[]),ei_1))),k2b(dh(pk(siA[]),srB[]))),zero_nonce,tai64n_2,hT2(pk(srB[]),pk(ei_1),aead(kdf2b(kdf1(CK0,g2b(pk(ei_1))),k2b(dh(pk(srB[]),ei_1))),zero_nonce,g2b(pk(siA[])),hT1(pk(srB[]),pk(ei_1))))),mac(hash(concat(LABEL_MAC1,g2b(pk(srB[])))),concat(g2b(pk(ei_1)),concat(aead(kdf2b(kdf1(CK0,g2b(pk(ei_1))),k2b(dh(pk(srB[]),ei_1))),zero_nonce,g2b(pk(siA[])),hT1(pk(srB[]),pk(ei_1))),aead(kdf2b(kdf2a(kdf1(CK0,g2b(pk(ei_1))),k2b(dh(pk(srB[]),ei_1))),k2b(dh(pk(siA[]),srB[]))),zero_nonce,tai64n_2,hT2(pk(srB[]),pk(ei_1),aead(kdf2b(kdf1(CK0,g2b(pk(ei_1))),k2b(dh(pk(srB[]),ei_1))),zero_nonce,g2b(pk(siA[])),hT1(pk(srB[]),pk(ei_1))))))))) may be sent to the attacker at output {27}.
attacker((pk(ei_1),aead(kdf2b(kdf1(CK0,g2b(pk(ei_1))),k2b(dh(pk(srB[]),ei_1))),zero_nonce,g2b(pk(siA[])),hT1(pk(srB[]),pk(ei_1))),aead(kdf2b(kdf2a(kdf1(CK0,g2b(pk(ei_1))),k2b(dh(pk(srB[]),ei_1))),k2b(dh(pk(siA[]),srB[]))),zero_nonce,tai64n_2,hT2(pk(srB[]),pk(ei_1),aead(kdf2b(kdf1(CK0,g2b(pk(ei_1))),k2b(dh(pk(srB[]),ei_1))),zero_nonce,g2b(pk(siA[])),hT1(pk(srB[]),pk(ei_1))))),mac(hash(concat(LABEL_MAC1,g2b(pk(srB[])))),concat(g2b(pk(ei_1)),concat(aead(kdf2b(kdf1(CK0,g2b(pk(ei_1))),k2b(dh(pk(srB[]),ei_1))),zero_nonce,g2b(pk(siA[])),hT1(pk(srB[]),pk(ei_1))),aead(kdf2b(kdf2a(kdf1(CK0,g2b(pk(ei_1))),k2b(dh(pk(srB[]),ei_1))),k2b(dh(pk(siA[]),srB[]))),zero_nonce,tai64n_2,hT2(pk(srB[]),pk(ei_1),aead(kdf2b(kdf1(CK0,g2b(pk(ei_1))),k2b(dh(pk(srB[]),ei_1))),zero_nonce,g2b(pk(siA[])),hT1(pk(srB[]),pk(ei_1)))))))))).

6. By 5, the attacker may know (pk(ei_1),aead(kdf2b(kdf1(CK0,g2b(pk(ei_1))),k2b(dh(pk(srB[]),ei_1))),zero_nonce,g2b(pk(siA[])),hT1(pk(srB[]),pk(ei_1))),aead(kdf2b(kdf2a(kdf1(CK0,g2b(pk(ei_1))),k2b(dh(pk(srB[]),ei_1))),k2b(dh(pk(siA[]),srB[]))),zero_nonce,tai64n_2,hT2(pk(srB[]),pk(ei_1),aead(kdf2b(kdf1(CK0,g2b(pk(ei_1))),k2b(dh(pk(srB[]),ei_1))),zero_nonce,g2b(pk(siA[])),hT1(pk(srB[]),pk(ei_1))))),mac(hash(concat(LABEL_MAC1,g2b(pk(srB[])))),concat(g2b(pk(ei_1)),concat(aead(kdf2b(kdf1(CK0,g2b(pk(ei_1))),k2b(dh(pk(srB[]),ei_1))),zero_nonce,g2b(pk(siA[])),hT1(pk(srB[]),pk(ei_1))),aead(kdf2b(kdf2a(kdf1(CK0,g2b(pk(ei_1))),k2b(dh(pk(srB[]),ei_1))),k2b(dh(pk(siA[]),srB[]))),zero_nonce,tai64n_2,hT2(pk(srB[]),pk(ei_1),aead(kdf2b(kdf1(CK0,g2b(pk(ei_1))),k2b(dh(pk(srB[]),ei_1))),zero_nonce,g2b(pk(siA[])),hT1(pk(srB[]),pk(ei_1))))))))).
Using the function 2-proj-4-tuple the attacker may obtain aead(kdf2b(kdf1(CK0,g2b(pk(ei_1))),k2b(dh(pk(srB[]),ei_1))),zero_nonce,g2b(pk(siA[])),hT1(pk(srB[]),pk(ei_1))).
attacker(aead(kdf2b(kdf1(CK0,g2b(pk(ei_1))),k2b(dh(pk(srB[]),ei_1))),zero_nonce,g2b(pk(siA[])),hT1(pk(srB[]),pk(ei_1)))).

7. The message (pk(ei_1),aead(kdf2b(kdf1(CK0,g2b(pk(ei_1))),k2b(dh(pk(ei_1),srB[]))),zero_nonce,g2b(pk(siA[])),hT1(pk(srB[]),pk(ei_1))),aead(kdf2b(kdf2a(kdf1(CK0,g2b(pk(ei_1))),k2b(dh(pk(ei_1),srB[]))),k2b(dh(pk(siA[]),srB[]))),zero_nonce,tai64n_2,hT2(pk(srB[]),pk(ei_1),aead(kdf2b(kdf1(CK0,g2b(pk(ei_1))),k2b(dh(pk(ei_1),srB[]))),zero_nonce,g2b(pk(siA[])),hT1(pk(srB[]),pk(ei_1))))),mac(hash(concat(LABEL_MAC1,g2b(pk(srB[])))),concat(g2b(pk(ei_1)),concat(aead(kdf2b(kdf1(CK0,g2b(pk(ei_1))),k2b(dh(pk(ei_1),srB[]))),zero_nonce,g2b(pk(siA[])),hT1(pk(srB[]),pk(ei_1))),aead(kdf2b(kdf2a(kdf1(CK0,g2b(pk(ei_1))),k2b(dh(pk(ei_1),srB[]))),k2b(dh(pk(siA[]),srB[]))),zero_nonce,tai64n_2,hT2(pk(srB[]),pk(ei_1),aead(kdf2b(kdf1(CK0,g2b(pk(ei_1))),k2b(dh(pk(ei_1),srB[]))),zero_nonce,g2b(pk(siA[])),hT1(pk(srB[]),pk(ei_1))))))))) may be sent to the attacker at output {27}.
attacker((pk(ei_1),aead(kdf2b(kdf1(CK0,g2b(pk(ei_1))),k2b(dh(pk(ei_1),srB[]))),zero_nonce,g2b(pk(siA[])),hT1(pk(srB[]),pk(ei_1))),aead(kdf2b(kdf2a(kdf1(CK0,g2b(pk(ei_1))),k2b(dh(pk(ei_1),srB[]))),k2b(dh(pk(siA[]),srB[]))),zero_nonce,tai64n_2,hT2(pk(srB[]),pk(ei_1),aead(kdf2b(kdf1(CK0,g2b(pk(ei_1))),k2b(dh(pk(ei_1),srB[]))),zero_nonce,g2b(pk(siA[])),hT1(pk(srB[]),pk(ei_1))))),mac(hash(concat(LABEL_MAC1,g2b(pk(srB[])))),concat(g2b(pk(ei_1)),concat(aead(kdf2b(kdf1(CK0,g2b(pk(ei_1))),k2b(dh(pk(ei_1),srB[]))),zero_nonce,g2b(pk(siA[])),hT1(pk(srB[]),pk(ei_1))),aead(kdf2b(kdf2a(kdf1(CK0,g2b(pk(ei_1))),k2b(dh(pk(ei_1),srB[]))),k2b(dh(pk(siA[]),srB[]))),zero_nonce,tai64n_2,hT2(pk(srB[]),pk(ei_1),aead(kdf2b(kdf1(CK0,g2b(pk(ei_1))),k2b(dh(pk(ei_1),srB[]))),zero_nonce,g2b(pk(siA[])),hT1(pk(srB[]),pk(ei_1)))))))))).

8. By 7, the attacker may know (pk(ei_1),aead(kdf2b(kdf1(CK0,g2b(pk(ei_1))),k2b(dh(pk(ei_1),srB[]))),zero_nonce,g2b(pk(siA[])),hT1(pk(srB[]),pk(ei_1))),aead(kdf2b(kdf2a(kdf1(CK0,g2b(pk(ei_1))),k2b(dh(pk(ei_1),srB[]))),k2b(dh(pk(siA[]),srB[]))),zero_nonce,tai64n_2,hT2(pk(srB[]),pk(ei_1),aead(kdf2b(kdf1(CK0,g2b(pk(ei_1))),k2b(dh(pk(ei_1),srB[]))),zero_nonce,g2b(pk(siA[])),hT1(pk(srB[]),pk(ei_1))))),mac(hash(concat(LABEL_MAC1,g2b(pk(srB[])))),concat(g2b(pk(ei_1)),concat(aead(kdf2b(kdf1(CK0,g2b(pk(ei_1))),k2b(dh(pk(ei_1),srB[]))),zero_nonce,g2b(pk(siA[])),hT1(pk(srB[]),pk(ei_1))),aead(kdf2b(kdf2a(kdf1(CK0,g2b(pk(ei_1))),k2b(dh(pk(ei_1),srB[]))),k2b(dh(pk(siA[]),srB[]))),zero_nonce,tai64n_2,hT2(pk(srB[]),pk(ei_1),aead(kdf2b(kdf1(CK0,g2b(pk(ei_1))),k2b(dh(pk(ei_1),srB[]))),zero_nonce,g2b(pk(siA[])),hT1(pk(srB[]),pk(ei_1))))))))).
Using the function 1-proj-4-tuple the attacker may obtain pk(ei_1).
attacker(pk(ei_1)).

9. By 8, the attacker may know pk(ei_1).
By 6, the attacker may know aead(kdf2b(kdf1(CK0,g2b(pk(ei_1))),k2b(dh(pk(srB[]),ei_1))),zero_nonce,g2b(pk(siA[])),hT1(pk(srB[]),pk(ei_1))).
By 4, the attacker may know aead(kdf2b(kdf2a(kdf1(CK0,g2b(pk(ei_1))),k2b(dh(pk(srB[]),ei_1))),k2b(dh(pk(srB[]),siA[]))),zero_nonce,tai64n_2,hT2(pk(srB[]),pk(ei_1),aead(kdf2b(kdf1(CK0,g2b(pk(ei_1))),k2b(dh(pk(srB[]),ei_1))),zero_nonce,g2b(pk(siA[])),hT1(pk(srB[]),pk(ei_1))))).
By 2, the attacker may know mac1_2.
Using the function 4-tuple the attacker may obtain (pk(ei_1),aead(kdf2b(kdf1(CK0,g2b(pk(ei_1))),k2b(dh(pk(srB[]),ei_1))),zero_nonce,g2b(pk(siA[])),hT1(pk(srB[]),pk(ei_1))),aead(kdf2b(kdf2a(kdf1(CK0,g2b(pk(ei_1))),k2b(dh(pk(srB[]),ei_1))),k2b(dh(pk(srB[]),siA[]))),zero_nonce,tai64n_2,hT2(pk(srB[]),pk(ei_1),aead(kdf2b(kdf1(CK0,g2b(pk(ei_1))),k2b(dh(pk(srB[]),ei_1))),zero_nonce,g2b(pk(siA[])),hT1(pk(srB[]),pk(ei_1))))),mac1_2).
attacker((pk(ei_1),aead(kdf2b(kdf1(CK0,g2b(pk(ei_1))),k2b(dh(pk(srB[]),ei_1))),zero_nonce,g2b(pk(siA[])),hT1(pk(srB[]),pk(ei_1))),aead(kdf2b(kdf2a(kdf1(CK0,g2b(pk(ei_1))),k2b(dh(pk(srB[]),ei_1))),k2b(dh(pk(srB[]),siA[]))),zero_nonce,tai64n_2,hT2(pk(srB[]),pk(ei_1),aead(kdf2b(kdf1(CK0,g2b(pk(ei_1))),k2b(dh(pk(srB[]),ei_1))),zero_nonce,g2b(pk(siA[])),hT1(pk(srB[]),pk(ei_1))))),mac1_2)).

10. The attacker has some term mac1r_2.
attacker(mac1r_2).

11. The message (pk(ei_1),aead(kdf2b(kdf1(CK0,g2b(pk(ei_1))),k2b(dh(pk(srB[]),ei_1))),zero_nonce,g2b(pk(siA[])),hT1(pk(srB[]),pk(ei_1))),aead(kdf2b(kdf2a(kdf1(CK0,g2b(pk(ei_1))),k2b(dh(pk(srB[]),ei_1))),k2b(dh(pk(srB[]),siA[]))),zero_nonce,tai64n_2,hT2(pk(srB[]),pk(ei_1),aead(kdf2b(kdf1(CK0,g2b(pk(ei_1))),k2b(dh(pk(srB[]),ei_1))),zero_nonce,g2b(pk(siA[])),hT1(pk(srB[]),pk(ei_1))))),mac1_2) that the attacker may have by 9 may be received at input {45}.
So the message (pk(er_1),aead(kdf3c(kdf1(kdf1(kdf1(kdf2a(kdf2a(kdf1(CK0,g2b(pk(ei_1))),k2b(dh(pk(srB[]),ei_1))),k2b(dh(pk(srB[]),siA[]))),g2b(pk(er_1))),k2b(dh(pk(er_1),ei_1))),k2b(dh(pk(er_1),siA[]))),k2b(psk[])),zero_nonce,EMPTY,hT5(pk(srB[]),pk(ei_1),aead(kdf2b(kdf1(CK0,g2b(pk(ei_1))),k2b(dh(pk(srB[]),ei_1))),zero_nonce,g2b(pk(siA[])),hT1(pk(srB[]),pk(ei_1))),aead(kdf2b(kdf2a(kdf1(CK0,g2b(pk(ei_1))),k2b(dh(pk(srB[]),ei_1))),k2b(dh(pk(srB[]),siA[]))),zero_nonce,tai64n_2,hT2(pk(srB[]),pk(ei_1),aead(kdf2b(kdf1(CK0,g2b(pk(ei_1))),k2b(dh(pk(srB[]),ei_1))),zero_nonce,g2b(pk(siA[])),hT1(pk(srB[]),pk(ei_1))))),pk(er_1),kdf3b(kdf1(kdf1(kdf1(kdf2a(kdf2a(kdf1(CK0,g2b(pk(ei_1))),k2b(dh(pk(srB[]),ei_1))),k2b(dh(pk(srB[]),siA[]))),g2b(pk(er_1))),k2b(dh(pk(er_1),ei_1))),k2b(dh(pk(er_1),siA[]))),k2b(psk[])))),mac(hash(concat(LABEL_MAC1,g2b(pk(siA[])))),concat(g2b(pk(er_1)),aead(kdf3c(kdf1(kdf1(kdf1(kdf2a(kdf2a(kdf1(CK0,g2b(pk(ei_1))),k2b(dh(pk(srB[]),ei_1))),k2b(dh(pk(srB[]),siA[]))),g2b(pk(er_1))),k2b(dh(pk(er_1),ei_1))),k2b(dh(pk(er_1),siA[]))),k2b(psk[])),zero_nonce,EMPTY,hT5(pk(srB[]),pk(ei_1),aead(kdf2b(kdf1(CK0,g2b(pk(ei_1))),k2b(dh(pk(srB[]),ei_1))),zero_nonce,g2b(pk(siA[])),hT1(pk(srB[]),pk(ei_1))),aead(kdf2b(kdf2a(kdf1(CK0,g2b(pk(ei_1))),k2b(dh(pk(srB[]),ei_1))),k2b(dh(pk(srB[]),siA[]))),zero_nonce,tai64n_2,hT2(pk(srB[]),pk(ei_1),aead(kdf2b(kdf1(CK0,g2b(pk(ei_1))),k2b(dh(pk(srB[]),ei_1))),zero_nonce,g2b(pk(siA[])),hT1(pk(srB[]),pk(ei_1))))),pk(er_1),kdf3b(kdf1(kdf1(kdf1(kdf2a(kdf2a(kdf1(CK0,g2b(pk(ei_1))),k2b(dh(pk(srB[]),ei_1))),k2b(dh(pk(srB[]),siA[]))),g2b(pk(er_1))),k2b(dh(pk(er_1),ei_1))),k2b(dh(pk(er_1),siA[]))),k2b(psk[]))))))) may be sent to the attacker at output {73}.
attacker((pk(er_1),aead(kdf3c(kdf1(kdf1(kdf1(kdf2a(kdf2a(kdf1(CK0,g2b(pk(ei_1))),k2b(dh(pk(srB[]),ei_1))),k2b(dh(pk(srB[]),siA[]))),g2b(pk(er_1))),k2b(dh(pk(er_1),ei_1))),k2b(dh(pk(er_1),siA[]))),k2b(psk[])),zero_nonce,EMPTY,hT5(pk(srB[]),pk(ei_1),aead(kdf2b(kdf1(CK0,g2b(pk(ei_1))),k2b(dh(pk(srB[]),ei_1))),zero_nonce,g2b(pk(siA[])),hT1(pk(srB[]),pk(ei_1))),aead(kdf2b(kdf2a(kdf1(CK0,g2b(pk(ei_1))),k2b(dh(pk(srB[]),ei_1))),k2b(dh(pk(srB[]),siA[]))),zero_nonce,tai64n_2,hT2(pk(srB[]),pk(ei_1),aead(kdf2b(kdf1(CK0,g2b(pk(ei_1))),k2b(dh(pk(srB[]),ei_1))),zero_nonce,g2b(pk(siA[])),hT1(pk(srB[]),pk(ei_1))))),pk(er_1),kdf3b(kdf1(kdf1(kdf1(kdf2a(kdf2a(kdf1(CK0,g2b(pk(ei_1))),k2b(dh(pk(srB[]),ei_1))),k2b(dh(pk(srB[]),siA[]))),g2b(pk(er_1))),k2b(dh(pk(er_1),ei_1))),k2b(dh(pk(er_1),siA[]))),k2b(psk[])))),mac(hash(concat(LABEL_MAC1,g2b(pk(siA[])))),concat(g2b(pk(er_1)),aead(kdf3c(kdf1(kdf1(kdf1(kdf2a(kdf2a(kdf1(CK0,g2b(pk(ei_1))),k2b(dh(pk(srB[]),ei_1))),k2b(dh(pk(srB[]),siA[]))),g2b(pk(er_1))),k2b(dh(pk(er_1),ei_1))),k2b(dh(pk(er_1),siA[]))),k2b(psk[])),zero_nonce,EMPTY,hT5(pk(srB[]),pk(ei_1),aead(kdf2b(kdf1(CK0,g2b(pk(ei_1))),k2b(dh(pk(srB[]),ei_1))),zero_nonce,g2b(pk(siA[])),hT1(pk(srB[]),pk(ei_1))),aead(kdf2b(kdf2a(kdf1(CK0,g2b(pk(ei_1))),k2b(dh(pk(srB[]),ei_1))),k2b(dh(pk(srB[]),siA[]))),zero_nonce,tai64n_2,hT2(pk(srB[]),pk(ei_1),aead(kdf2b(kdf1(CK0,g2b(pk(ei_1))),k2b(dh(pk(srB[]),ei_1))),zero_nonce,g2b(pk(siA[])),hT1(pk(srB[]),pk(ei_1))))),pk(er_1),kdf3b(kdf1(kdf1(kdf1(kdf2a(kdf2a(kdf1(CK0,g2b(pk(ei_1))),k2b(dh(pk(srB[]),ei_1))),k2b(dh(pk(srB[]),siA[]))),g2b(pk(er_1))),k2b(dh(pk(er_1),ei_1))),k2b(dh(pk(er_1),siA[]))),k2b(psk[])))))))).

12. By 11, the attacker may know (pk(er_1),aead(kdf3c(kdf1(kdf1(kdf1(kdf2a(kdf2a(kdf1(CK0,g2b(pk(ei_1))),k2b(dh(pk(srB[]),ei_1))),k2b(dh(pk(srB[]),siA[]))),g2b(pk(er_1))),k2b(dh(pk(er_1),ei_1))),k2b(dh(pk(er_1),siA[]))),k2b(psk[])),zero_nonce,EMPTY,hT5(pk(srB[]),pk(ei_1),aead(kdf2b(kdf1(CK0,g2b(pk(ei_1))),k2b(dh(pk(srB[]),ei_1))),zero_nonce,g2b(pk(siA[])),hT1(pk(srB[]),pk(ei_1))),aead(kdf2b(kdf2a(kdf1(CK0,g2b(pk(ei_1))),k2b(dh(pk(srB[]),ei_1))),k2b(dh(pk(srB[]),siA[]))),zero_nonce,tai64n_2,hT2(pk(srB[]),pk(ei_1),aead(kdf2b(kdf1(CK0,g2b(pk(ei_1))),k2b(dh(pk(srB[]),ei_1))),zero_nonce,g2b(pk(siA[])),hT1(pk(srB[]),pk(ei_1))))),pk(er_1),kdf3b(kdf1(kdf1(kdf1(kdf2a(kdf2a(kdf1(CK0,g2b(pk(ei_1))),k2b(dh(pk(srB[]),ei_1))),k2b(dh(pk(srB[]),siA[]))),g2b(pk(er_1))),k2b(dh(pk(er_1),ei_1))),k2b(dh(pk(er_1),siA[]))),k2b(psk[])))),mac(hash(concat(LABEL_MAC1,g2b(pk(siA[])))),concat(g2b(pk(er_1)),aead(kdf3c(kdf1(kdf1(kdf1(kdf2a(kdf2a(kdf1(CK0,g2b(pk(ei_1))),k2b(dh(pk(srB[]),ei_1))),k2b(dh(pk(srB[]),siA[]))),g2b(pk(er_1))),k2b(dh(pk(er_1),ei_1))),k2b(dh(pk(er_1),siA[]))),k2b(psk[])),zero_nonce,EMPTY,hT5(pk(srB[]),pk(ei_1),aead(kdf2b(kdf1(CK0,g2b(pk(ei_1))),k2b(dh(pk(srB[]),ei_1))),zero_nonce,g2b(pk(siA[])),hT1(pk(srB[]),pk(ei_1))),aead(kdf2b(kdf2a(kdf1(CK0,g2b(pk(ei_1))),k2b(dh(pk(srB[]),ei_1))),k2b(dh(pk(srB[]),siA[]))),zero_nonce,tai64n_2,hT2(pk(srB[]),pk(ei_1),aead(kdf2b(kdf1(CK0,g2b(pk(ei_1))),k2b(dh(pk(srB[]),ei_1))),zero_nonce,g2b(pk(siA[])),hT1(pk(srB[]),pk(ei_1))))),pk(er_1),kdf3b(kdf1(kdf1(kdf1(kdf2a(kdf2a(kdf1(CK0,g2b(pk(ei_1))),k2b(dh(pk(srB[]),ei_1))),k2b(dh(pk(srB[]),siA[]))),g2b(pk(er_1))),k2b(dh(pk(er_1),ei_1))),k2b(dh(pk(er_1),siA[]))),k2b(psk[]))))))).
Using the function 2-proj-3-tuple the attacker may obtain aead(kdf3c(kdf1(kdf1(kdf1(kdf2a(kdf2a(kdf1(CK0,g2b(pk(ei_1))),k2b(dh(pk(srB[]),ei_1))),k2b(dh(pk(srB[]),siA[]))),g2b(pk(er_1))),k2b(dh(pk(er_1),ei_1))),k2b(dh(pk(er_1),siA[]))),k2b(psk[])),zero_nonce,EMPTY,hT5(pk(srB[]),pk(ei_1),aead(kdf2b(kdf1(CK0,g2b(pk(ei_1))),k2b(dh(pk(srB[]),ei_1))),zero_nonce,g2b(pk(siA[])),hT1(pk(srB[]),pk(ei_1))),aead(kdf2b(kdf2a(kdf1(CK0,g2b(pk(ei_1))),k2b(dh(pk(srB[]),ei_1))),k2b(dh(pk(srB[]),siA[]))),zero_nonce,tai64n_2,hT2(pk(srB[]),pk(ei_1),aead(kdf2b(kdf1(CK0,g2b(pk(ei_1))),k2b(dh(pk(srB[]),ei_1))),zero_nonce,g2b(pk(siA[])),hT1(pk(srB[]),pk(ei_1))))),pk(er_1),kdf3b(kdf1(kdf1(kdf1(kdf2a(kdf2a(kdf1(CK0,g2b(pk(ei_1))),k2b(dh(pk(srB[]),ei_1))),k2b(dh(pk(srB[]),siA[]))),g2b(pk(er_1))),k2b(dh(pk(er_1),ei_1))),k2b(dh(pk(er_1),siA[]))),k2b(psk[])))).
attacker(aead(kdf3c(kdf1(kdf1(kdf1(kdf2a(kdf2a(kdf1(CK0,g2b(pk(ei_1))),k2b(dh(pk(srB[]),ei_1))),k2b(dh(pk(srB[]),siA[]))),g2b(pk(er_1))),k2b(dh(pk(er_1),ei_1))),k2b(dh(pk(er_1),siA[]))),k2b(psk[])),zero_nonce,EMPTY,hT5(pk(srB[]),pk(ei_1),aead(kdf2b(kdf1(CK0,g2b(pk(ei_1))),k2b(dh(pk(srB[]),ei_1))),zero_nonce,g2b(pk(siA[])),hT1(pk(srB[]),pk(ei_1))),aead(kdf2b(kdf2a(kdf1(CK0,g2b(pk(ei_1))),k2b(dh(pk(srB[]),ei_1))),k2b(dh(pk(srB[]),siA[]))),zero_nonce,tai64n_2,hT2(pk(srB[]),pk(ei_1),aead(kdf2b(kdf1(CK0,g2b(pk(ei_1))),k2b(dh(pk(srB[]),ei_1))),zero_nonce,g2b(pk(siA[])),hT1(pk(srB[]),pk(ei_1))))),pk(er_1),kdf3b(kdf1(kdf1(kdf1(kdf2a(kdf2a(kdf1(CK0,g2b(pk(ei_1))),k2b(dh(pk(srB[]),ei_1))),k2b(dh(pk(srB[]),siA[]))),g2b(pk(er_1))),k2b(dh(pk(er_1),ei_1))),k2b(dh(pk(er_1),siA[]))),k2b(psk[]))))).

13. By 11, the attacker may know (pk(er_1),aead(kdf3c(kdf1(kdf1(kdf1(kdf2a(kdf2a(kdf1(CK0,g2b(pk(ei_1))),k2b(dh(pk(srB[]),ei_1))),k2b(dh(pk(srB[]),siA[]))),g2b(pk(er_1))),k2b(dh(pk(er_1),ei_1))),k2b(dh(pk(er_1),siA[]))),k2b(psk[])),zero_nonce,EMPTY,hT5(pk(srB[]),pk(ei_1),aead(kdf2b(kdf1(CK0,g2b(pk(ei_1))),k2b(dh(pk(srB[]),ei_1))),zero_nonce,g2b(pk(siA[])),hT1(pk(srB[]),pk(ei_1))),aead(kdf2b(kdf2a(kdf1(CK0,g2b(pk(ei_1))),k2b(dh(pk(srB[]),ei_1))),k2b(dh(pk(srB[]),siA[]))),zero_nonce,tai64n_2,hT2(pk(srB[]),pk(ei_1),aead(kdf2b(kdf1(CK0,g2b(pk(ei_1))),k2b(dh(pk(srB[]),ei_1))),zero_nonce,g2b(pk(siA[])),hT1(pk(srB[]),pk(ei_1))))),pk(er_1),kdf3b(kdf1(kdf1(kdf1(kdf2a(kdf2a(kdf1(CK0,g2b(pk(ei_1))),k2b(dh(pk(srB[]),ei_1))),k2b(dh(pk(srB[]),siA[]))),g2b(pk(er_1))),k2b(dh(pk(er_1),ei_1))),k2b(dh(pk(er_1),siA[]))),k2b(psk[])))),mac(hash(concat(LABEL_MAC1,g2b(pk(siA[])))),concat(g2b(pk(er_1)),aead(kdf3c(kdf1(kdf1(kdf1(kdf2a(kdf2a(kdf1(CK0,g2b(pk(ei_1))),k2b(dh(pk(srB[]),ei_1))),k2b(dh(pk(srB[]),siA[]))),g2b(pk(er_1))),k2b(dh(pk(er_1),ei_1))),k2b(dh(pk(er_1),siA[]))),k2b(psk[])),zero_nonce,EMPTY,hT5(pk(srB[]),pk(ei_1),aead(kdf2b(kdf1(CK0,g2b(pk(ei_1))),k2b(dh(pk(srB[]),ei_1))),zero_nonce,g2b(pk(siA[])),hT1(pk(srB[]),pk(ei_1))),aead(kdf2b(kdf2a(kdf1(CK0,g2b(pk(ei_1))),k2b(dh(pk(srB[]),ei_1))),k2b(dh(pk(srB[]),siA[]))),zero_nonce,tai64n_2,hT2(pk(srB[]),pk(ei_1),aead(kdf2b(kdf1(CK0,g2b(pk(ei_1))),k2b(dh(pk(srB[]),ei_1))),zero_nonce,g2b(pk(siA[])),hT1(pk(srB[]),pk(ei_1))))),pk(er_1),kdf3b(kdf1(kdf1(kdf1(kdf2a(kdf2a(kdf1(CK0,g2b(pk(ei_1))),k2b(dh(pk(srB[]),ei_1))),k2b(dh(pk(srB[]),siA[]))),g2b(pk(er_1))),k2b(dh(pk(er_1),ei_1))),k2b(dh(pk(er_1),siA[]))),k2b(psk[]))))))).
Using the function 1-proj-3-tuple the attacker may obtain pk(er_1).
attacker(pk(er_1)).

14. By 13, the attacker may know pk(er_1).
By 12, the attacker may know aead(kdf3c(kdf1(kdf1(kdf1(kdf2a(kdf2a(kdf1(CK0,g2b(pk(ei_1))),k2b(dh(pk(srB[]),ei_1))),k2b(dh(pk(srB[]),siA[]))),g2b(pk(er_1))),k2b(dh(pk(er_1),ei_1))),k2b(dh(pk(er_1),siA[]))),k2b(psk[])),zero_nonce,EMPTY,hT5(pk(srB[]),pk(ei_1),aead(kdf2b(kdf1(CK0,g2b(pk(ei_1))),k2b(dh(pk(srB[]),ei_1))),zero_nonce,g2b(pk(siA[])),hT1(pk(srB[]),pk(ei_1))),aead(kdf2b(kdf2a(kdf1(CK0,g2b(pk(ei_1))),k2b(dh(pk(srB[]),ei_1))),k2b(dh(pk(srB[]),siA[]))),zero_nonce,tai64n_2,hT2(pk(srB[]),pk(ei_1),aead(kdf2b(kdf1(CK0,g2b(pk(ei_1))),k2b(dh(pk(srB[]),ei_1))),zero_nonce,g2b(pk(siA[])),hT1(pk(srB[]),pk(ei_1))))),pk(er_1),kdf3b(kdf1(kdf1(kdf1(kdf2a(kdf2a(kdf1(CK0,g2b(pk(ei_1))),k2b(dh(pk(srB[]),ei_1))),k2b(dh(pk(srB[]),siA[]))),g2b(pk(er_1))),k2b(dh(pk(er_1),ei_1))),k2b(dh(pk(er_1),siA[]))),k2b(psk[])))).
By 10, the attacker may know mac1r_2.
Using the function 3-tuple the attacker may obtain (pk(er_1),aead(kdf3c(kdf1(kdf1(kdf1(kdf2a(kdf2a(kdf1(CK0,g2b(pk(ei_1))),k2b(dh(pk(srB[]),ei_1))),k2b(dh(pk(srB[]),siA[]))),g2b(pk(er_1))),k2b(dh(pk(er_1),ei_1))),k2b(dh(pk(er_1),siA[]))),k2b(psk[])),zero_nonce,EMPTY,hT5(pk(srB[]),pk(ei_1),aead(kdf2b(kdf1(CK0,g2b(pk(ei_1))),k2b(dh(pk(srB[]),ei_1))),zero_nonce,g2b(pk(siA[])),hT1(pk(srB[]),pk(ei_1))),aead(kdf2b(kdf2a(kdf1(CK0,g2b(pk(ei_1))),k2b(dh(pk(srB[]),ei_1))),k2b(dh(pk(srB[]),siA[]))),zero_nonce,tai64n_2,hT2(pk(srB[]),pk(ei_1),aead(kdf2b(kdf1(CK0,g2b(pk(ei_1))),k2b(dh(pk(srB[]),ei_1))),zero_nonce,g2b(pk(siA[])),hT1(pk(srB[]),pk(ei_1))))),pk(er_1),kdf3b(kdf1(kdf1(kdf1(kdf2a(kdf2a(kdf1(CK0,g2b(pk(ei_1))),k2b(dh(pk(srB[]),ei_1))),k2b(dh(pk(srB[]),siA[]))),g2b(pk(er_1))),k2b(dh(pk(er_1),ei_1))),k2b(dh(pk(er_1),siA[]))),k2b(psk[])))),mac1r_2).
attacker((pk(er_1),aead(kdf3c(kdf1(kdf1(kdf1(kdf2a(kdf2a(kdf1(CK0,g2b(pk(ei_1))),k2b(dh(pk(srB[]),ei_1))),k2b(dh(pk(srB[]),siA[]))),g2b(pk(er_1))),k2b(dh(pk(er_1),ei_1))),k2b(dh(pk(er_1),siA[]))),k2b(psk[])),zero_nonce,EMPTY,hT5(pk(srB[]),pk(ei_1),aead(kdf2b(kdf1(CK0,g2b(pk(ei_1))),k2b(dh(pk(srB[]),ei_1))),zero_nonce,g2b(pk(siA[])),hT1(pk(srB[]),pk(ei_1))),aead(kdf2b(kdf2a(kdf1(CK0,g2b(pk(ei_1))),k2b(dh(pk(srB[]),ei_1))),k2b(dh(pk(srB[]),siA[]))),zero_nonce,tai64n_2,hT2(pk(srB[]),pk(ei_1),aead(kdf2b(kdf1(CK0,g2b(pk(ei_1))),k2b(dh(pk(srB[]),ei_1))),zero_nonce,g2b(pk(siA[])),hT1(pk(srB[]),pk(ei_1))))),pk(er_1),kdf3b(kdf1(kdf1(kdf1(kdf2a(kdf2a(kdf1(CK0,g2b(pk(ei_1))),k2b(dh(pk(srB[]),ei_1))),k2b(dh(pk(srB[]),siA[]))),g2b(pk(er_1))),k2b(dh(pk(er_1),ei_1))),k2b(dh(pk(er_1),siA[]))),k2b(psk[])))),mac1r_2)).

15. The message (pk(er_1),aead(kdf3c(kdf1(kdf1(kdf1(kdf2a(kdf2a(kdf1(CK0,g2b(pk(ei_1))),k2b(dh(pk(srB[]),ei_1))),k2b(dh(pk(srB[]),siA[]))),g2b(pk(er_1))),k2b(dh(pk(er_1),ei_1))),k2b(dh(pk(er_1),siA[]))),k2b(psk[])),zero_nonce,EMPTY,hT5(pk(srB[]),pk(ei_1),aead(kdf2b(kdf1(CK0,g2b(pk(ei_1))),k2b(dh(pk(srB[]),ei_1))),zero_nonce,g2b(pk(siA[])),hT1(pk(srB[]),pk(ei_1))),aead(kdf2b(kdf2a(kdf1(CK0,g2b(pk(ei_1))),k2b(dh(pk(srB[]),ei_1))),k2b(dh(pk(srB[]),siA[]))),zero_nonce,tai64n_2,hT2(pk(srB[]),pk(ei_1),aead(kdf2b(kdf1(CK0,g2b(pk(ei_1))),k2b(dh(pk(srB[]),ei_1))),zero_nonce,g2b(pk(siA[])),hT1(pk(srB[]),pk(ei_1))))),pk(er_1),kdf3b(kdf1(kdf1(kdf1(kdf2a(kdf2a(kdf1(CK0,g2b(pk(ei_1))),k2b(dh(pk(srB[]),ei_1))),k2b(dh(pk(srB[]),siA[]))),g2b(pk(er_1))),k2b(dh(pk(er_1),ei_1))),k2b(dh(pk(er_1),siA[]))),k2b(psk[])))),mac1r_2) that the attacker may have by 14 may be received at input {28}.
So the message aead(kdf2a(kdf3a(kdf1(kdf1(kdf1(kdf2a(kdf2a(kdf1(CK0,g2b(pk(ei_1))),k2b(dh(pk(srB[]),ei_1))),k2b(dh(pk(srB[]),siA[]))),g2b(pk(er_1))),k2b(dh(pk(er_1),ei_1))),k2b(dh(pk(er_1),siA[]))),k2b(psk[])),KEMPTY),zero_nonce,witnessI[],EMPTY) may be sent to the attacker at output {41}.
attacker(aead(kdf2a(kdf3a(kdf1(kdf1(kdf1(kdf2a(kdf2a(kdf1(CK0,g2b(pk(ei_1))),k2b(dh(pk(srB[]),ei_1))),k2b(dh(pk(srB[]),siA[]))),g2b(pk(er_1))),k2b(dh(pk(er_1),ei_1))),k2b(dh(pk(er_1),siA[]))),k2b(psk[])),KEMPTY),zero_nonce,witnessI[],EMPTY)).

16. The message (pk(ei_1),aead(kdf2b(kdf1(CK0,g2b(pk(ei_1))),k2b(dh(pk(srB[]),ei_1))),zero_nonce,g2b(pk(siA[])),hT1(pk(srB[]),pk(ei_1))),aead(kdf2b(kdf2a(kdf1(CK0,g2b(pk(ei_1))),k2b(dh(pk(srB[]),ei_1))),k2b(dh(pk(srB[]),siA[]))),zero_nonce,tai64n_2,hT2(pk(srB[]),pk(ei_1),aead(kdf2b(kdf1(CK0,g2b(pk(ei_1))),k2b(dh(pk(srB[]),ei_1))),zero_nonce,g2b(pk(siA[])),hT1(pk(srB[]),pk(ei_1))))),mac1_2) that the attacker may have by 9 may be received at input {45}.
The message aead(kdf2a(kdf3a(kdf1(kdf1(kdf1(kdf2a(kdf2a(kdf1(CK0,g2b(pk(ei_1))),k2b(dh(pk(srB[]),ei_1))),k2b(dh(pk(srB[]),siA[]))),g2b(pk(er_1))),k2b(dh(pk(er_1),ei_1))),k2b(dh(pk(er_1),siA[]))),k2b(psk[])),KEMPTY),zero_nonce,witnessI[],EMPTY) that the attacker may have by 15 may be received at input {74}.
So the message aead(kdf2b(kdf3a(kdf1(kdf1(kdf1(kdf2a(kdf2a(kdf1(CK0,g2b(pk(ei_1))),k2b(dh(pk(srB[]),ei_1))),k2b(dh(pk(srB[]),siA[]))),g2b(pk(er_1))),k2b(dh(pk(er_1),ei_1))),k2b(dh(pk(er_1),siA[]))),k2b(psk[])),KEMPTY),zero_nonce,witnessR[],EMPTY) may be sent to the attacker at output {77}.
attacker(aead(kdf2b(kdf3a(kdf1(kdf1(kdf1(kdf2a(kdf2a(kdf1(CK0,g2b(pk(ei_1))),k2b(dh(pk(srB[]),ei_1))),k2b(dh(pk(srB[]),siA[]))),g2b(pk(er_1))),k2b(dh(pk(er_1),ei_1))),k2b(dh(pk(er_1),siA[]))),k2b(psk[])),KEMPTY),zero_nonce,witnessR[],EMPTY)).

17. By 16, the attacker may know aead(kdf2b(kdf3a(kdf1(kdf1(kdf1(kdf2a(kdf2a(kdf1(CK0,g2b(pk(ei_1))),k2b(dh(pk(srB[]),ei_1))),k2b(dh(pk(srB[]),siA[]))),g2b(pk(er_1))),k2b(dh(pk(er_1),ei_1))),k2b(dh(pk(er_1),siA[]))),k2b(psk[])),KEMPTY),zero_nonce,witnessR[],EMPTY).
So the attacker may know aead(kdf2b(kdf3a(kdf1(kdf1(kdf1(kdf2a(kdf2a(kdf1(CK0,g2b(pk(ei_1))),k2b(dh(pk(srB[]),ei_1))),k2b(dh(pk(srB[]),siA[]))),g2b(pk(er_1))),k2b(dh(pk(er_1),ei_1))),k2b(dh(pk(er_1),siA[]))),k2b(psk[])),KEMPTY),zero_nonce,witnessR[],EMPTY) in phase 1.
attacker_p1(aead(kdf2b(kdf3a(kdf1(kdf1(kdf1(kdf2a(kdf2a(kdf1(CK0,g2b(pk(ei_1))),k2b(dh(pk(srB[]),ei_1))),k2b(dh(pk(srB[]),siA[]))),g2b(pk(er_1))),k2b(dh(pk(er_1),ei_1))),k2b(dh(pk(er_1),siA[]))),k2b(psk[])),KEMPTY),zero_nonce,witnessR[],EMPTY)).

18. Using the function zero_nonce the attacker may obtain zero_nonce in phase 1.
attacker_p1(zero_nonce).

19. Using the function KEMPTY the attacker may obtain KEMPTY in phase 1.
attacker_p1(KEMPTY).

20. The message (pk(siA[]),pk(srB[]),psk[]) may be sent to the attacker at output {6}.
attacker((pk(siA[]),pk(srB[]),psk[])).

21. By 20, the attacker may know (pk(siA[]),pk(srB[]),psk[]).
Using the function 3-proj-3-tuple the attacker may obtain psk[].
attacker(psk[]).

22. By 21, the attacker may know psk[].
So the attacker may know psk[] in phase 1.
attacker_p1(psk[]).

23. By 22, the attacker may know psk[] in phase 1.
Using the function k2b the attacker may obtain k2b(psk[]) in phase 1.
attacker_p1(k2b(psk[])).

24. By 13, the attacker may know pk(er_1).
So the attacker may know pk(er_1) in phase 1.
attacker_p1(pk(er_1)).

25. The message pk(er_1) that the attacker may have in phase 1 by 24 may be received at input {80}.
So the message er_1 may be sent to the attacker in phase 1 at output {81}.
attacker_p1(er_1).

26. By 20, the attacker may know (pk(siA[]),pk(srB[]),psk[]).
Using the function 1-proj-3-tuple the attacker may obtain pk(siA[]).
attacker(pk(siA[])).

27. By 26, the attacker may know pk(siA[]).
So the attacker may know pk(siA[]) in phase 1.
attacker_p1(pk(siA[])).

28. By 27, the attacker may know pk(siA[]) in phase 1.
By 25, the attacker may know er_1 in phase 1.
Using the function dh the attacker may obtain dh(pk(er_1),siA[]) in phase 1.
attacker_p1(dh(pk(er_1),siA[])).

29. By 28, the attacker may know dh(pk(er_1),siA[]) in phase 1.
Using the function k2b the attacker may obtain k2b(dh(pk(er_1),siA[])) in phase 1.
attacker_p1(k2b(dh(pk(er_1),siA[]))).

30. By 8, the attacker may know pk(ei_1).
So the attacker may know pk(ei_1) in phase 1.
attacker_p1(pk(ei_1)).

31. By 30, the attacker may know pk(ei_1) in phase 1.
By 25, the attacker may know er_1 in phase 1.
Using the function dh the attacker may obtain dh(pk(er_1),ei_1) in phase 1.
attacker_p1(dh(pk(er_1),ei_1)).

32. By 31, the attacker may know dh(pk(er_1),ei_1) in phase 1.
Using the function k2b the attacker may obtain k2b(dh(pk(er_1),ei_1)) in phase 1.
attacker_p1(k2b(dh(pk(er_1),ei_1))).

33. By 24, the attacker may know pk(er_1) in phase 1.
Using the function g2b the attacker may obtain g2b(pk(er_1)) in phase 1.
attacker_p1(g2b(pk(er_1))).

34. By 20, the attacker may know (pk(siA[]),pk(srB[]),psk[]).
Using the function 2-proj-3-tuple the attacker may obtain pk(srB[]).
attacker(pk(srB[])).

35. By 34, the attacker may know pk(srB[]).
So the attacker may know pk(srB[]) in phase 1.
attacker_p1(pk(srB[])).

36. The message pk(srB[]) that the attacker may have in phase 1 by 35 may be received at input {80}.
So the message srB[] may be sent to the attacker in phase 1 at output {81}.
attacker_p1(srB[]).

37. By 27, the attacker may know pk(siA[]) in phase 1.
By 36, the attacker may know srB[] in phase 1.
Using the function dh the attacker may obtain dh(pk(srB[]),siA[]) in phase 1.
attacker_p1(dh(pk(srB[]),siA[])).

38. By 37, the attacker may know dh(pk(srB[]),siA[]) in phase 1.
Using the function k2b the attacker may obtain k2b(dh(pk(srB[]),siA[])) in phase 1.
attacker_p1(k2b(dh(pk(srB[]),siA[]))).

39. By 30, the attacker may know pk(ei_1) in phase 1.
By 36, the attacker may know srB[] in phase 1.
Using the function dh the attacker may obtain dh(pk(srB[]),ei_1) in phase 1.
attacker_p1(dh(pk(srB[]),ei_1)).

40. By 39, the attacker may know dh(pk(srB[]),ei_1) in phase 1.
Using the function k2b the attacker may obtain k2b(dh(pk(srB[]),ei_1)) in phase 1.
attacker_p1(k2b(dh(pk(srB[]),ei_1))).

41. By 30, the attacker may know pk(ei_1) in phase 1.
Using the function g2b the attacker may obtain g2b(pk(ei_1)) in phase 1.
attacker_p1(g2b(pk(ei_1))).

42. Using the function CK0 the attacker may obtain CK0 in phase 1.
attacker_p1(CK0).

43. By 42, the attacker may know CK0 in phase 1.
By 41, the attacker may know g2b(pk(ei_1)) in phase 1.
Using the function kdf1 the attacker may obtain kdf1(CK0,g2b(pk(ei_1))) in phase 1.
attacker_p1(kdf1(CK0,g2b(pk(ei_1)))).

44. By 43, the attacker may know kdf1(CK0,g2b(pk(ei_1))) in phase 1.
By 40, the attacker may know k2b(dh(pk(srB[]),ei_1)) in phase 1.
Using the function kdf2a the attacker may obtain kdf2a(kdf1(CK0,g2b(pk(ei_1))),k2b(dh(pk(srB[]),ei_1))) in phase 1.
attacker_p1(kdf2a(kdf1(CK0,g2b(pk(ei_1))),k2b(dh(pk(srB[]),ei_1)))).

45. By 44, the attacker may know kdf2a(kdf1(CK0,g2b(pk(ei_1))),k2b(dh(pk(srB[]),ei_1))) in phase 1.
By 38, the attacker may know k2b(dh(pk(srB[]),siA[])) in phase 1.
Using the function kdf2a the attacker may obtain kdf2a(kdf2a(kdf1(CK0,g2b(pk(ei_1))),k2b(dh(pk(srB[]),ei_1))),k2b(dh(pk(srB[]),siA[]))) in phase 1.
attacker_p1(kdf2a(kdf2a(kdf1(CK0,g2b(pk(ei_1))),k2b(dh(pk(srB[]),ei_1))),k2b(dh(pk(srB[]),siA[])))).

46. By 45, the attacker may know kdf2a(kdf2a(kdf1(CK0,g2b(pk(ei_1))),k2b(dh(pk(srB[]),ei_1))),k2b(dh(pk(srB[]),siA[]))) in phase 1.
By 33, the attacker may know g2b(pk(er_1)) in phase 1.
Using the function kdf1 the attacker may obtain kdf1(kdf2a(kdf2a(kdf1(CK0,g2b(pk(ei_1))),k2b(dh(pk(srB[]),ei_1))),k2b(dh(pk(srB[]),siA[]))),g2b(pk(er_1))) in phase 1.
attacker_p1(kdf1(kdf2a(kdf2a(kdf1(CK0,g2b(pk(ei_1))),k2b(dh(pk(srB[]),ei_1))),k2b(dh(pk(srB[]),siA[]))),g2b(pk(er_1)))).

47. By 46, the attacker may know kdf1(kdf2a(kdf2a(kdf1(CK0,g2b(pk(ei_1))),k2b(dh(pk(srB[]),ei_1))),k2b(dh(pk(srB[]),siA[]))),g2b(pk(er_1))) in phase 1.
By 32, the attacker may know k2b(dh(pk(er_1),ei_1)) in phase 1.
Using the function kdf1 the attacker may obtain kdf1(kdf1(kdf2a(kdf2a(kdf1(CK0,g2b(pk(ei_1))),k2b(dh(pk(srB[]),ei_1))),k2b(dh(pk(srB[]),siA[]))),g2b(pk(er_1))),k2b(dh(pk(er_1),ei_1))) in phase 1.
attacker_p1(kdf1(kdf1(kdf2a(kdf2a(kdf1(CK0,g2b(pk(ei_1))),k2b(dh(pk(srB[]),ei_1))),k2b(dh(pk(srB[]),siA[]))),g2b(pk(er_1))),k2b(dh(pk(er_1),ei_1)))).

48. By 47, the attacker may know kdf1(kdf1(kdf2a(kdf2a(kdf1(CK0,g2b(pk(ei_1))),k2b(dh(pk(srB[]),ei_1))),k2b(dh(pk(srB[]),siA[]))),g2b(pk(er_1))),k2b(dh(pk(er_1),ei_1))) in phase 1.
By 29, the attacker may know k2b(dh(pk(er_1),siA[])) in phase 1.
Using the function kdf1 the attacker may obtain kdf1(kdf1(kdf1(kdf2a(kdf2a(kdf1(CK0,g2b(pk(ei_1))),k2b(dh(pk(srB[]),ei_1))),k2b(dh(pk(srB[]),siA[]))),g2b(pk(er_1))),k2b(dh(pk(er_1),ei_1))),k2b(dh(pk(er_1),siA[]))) in phase 1.
attacker_p1(kdf1(kdf1(kdf1(kdf2a(kdf2a(kdf1(CK0,g2b(pk(ei_1))),k2b(dh(pk(srB[]),ei_1))),k2b(dh(pk(srB[]),siA[]))),g2b(pk(er_1))),k2b(dh(pk(er_1),ei_1))),k2b(dh(pk(er_1),siA[])))).

49. By 48, the attacker may know kdf1(kdf1(kdf1(kdf2a(kdf2a(kdf1(CK0,g2b(pk(ei_1))),k2b(dh(pk(srB[]),ei_1))),k2b(dh(pk(srB[]),siA[]))),g2b(pk(er_1))),k2b(dh(pk(er_1),ei_1))),k2b(dh(pk(er_1),siA[]))) in phase 1.
By 23, the attacker may know k2b(psk[]) in phase 1.
Using the function kdf3a the attacker may obtain kdf3a(kdf1(kdf1(kdf1(kdf2a(kdf2a(kdf1(CK0,g2b(pk(ei_1))),k2b(dh(pk(srB[]),ei_1))),k2b(dh(pk(srB[]),siA[]))),g2b(pk(er_1))),k2b(dh(pk(er_1),ei_1))),k2b(dh(pk(er_1),siA[]))),k2b(psk[])) in phase 1.
attacker_p1(kdf3a(kdf1(kdf1(kdf1(kdf2a(kdf2a(kdf1(CK0,g2b(pk(ei_1))),k2b(dh(pk(srB[]),ei_1))),k2b(dh(pk(srB[]),siA[]))),g2b(pk(er_1))),k2b(dh(pk(er_1),ei_1))),k2b(dh(pk(er_1),siA[]))),k2b(psk[]))).

50. By 49, the attacker may know kdf3a(kdf1(kdf1(kdf1(kdf2a(kdf2a(kdf1(CK0,g2b(pk(ei_1))),k2b(dh(pk(srB[]),ei_1))),k2b(dh(pk(srB[]),siA[]))),g2b(pk(er_1))),k2b(dh(pk(er_1),ei_1))),k2b(dh(pk(er_1),siA[]))),k2b(psk[])) in phase 1.
By 19, the attacker may know KEMPTY in phase 1.
Using the function kdf2b the attacker may obtain kdf2b(kdf3a(kdf1(kdf1(kdf1(kdf2a(kdf2a(kdf1(CK0,g2b(pk(ei_1))),k2b(dh(pk(srB[]),ei_1))),k2b(dh(pk(srB[]),siA[]))),g2b(pk(er_1))),k2b(dh(pk(er_1),ei_1))),k2b(dh(pk(er_1),siA[]))),k2b(psk[])),KEMPTY) in phase 1.
attacker_p1(kdf2b(kdf3a(kdf1(kdf1(kdf1(kdf2a(kdf2a(kdf1(CK0,g2b(pk(ei_1))),k2b(dh(pk(srB[]),ei_1))),k2b(dh(pk(srB[]),siA[]))),g2b(pk(er_1))),k2b(dh(pk(er_1),ei_1))),k2b(dh(pk(er_1),siA[]))),k2b(psk[])),KEMPTY)).

51. By 50, the attacker may know kdf2b(kdf3a(kdf1(kdf1(kdf1(kdf2a(kdf2a(kdf1(CK0,g2b(pk(ei_1))),k2b(dh(pk(srB[]),ei_1))),k2b(dh(pk(srB[]),siA[]))),g2b(pk(er_1))),k2b(dh(pk(er_1),ei_1))),k2b(dh(pk(er_1),siA[]))),k2b(psk[])),KEMPTY) in phase 1.
By 18, the attacker may know zero_nonce in phase 1.
By 17, the attacker may know aead(kdf2b(kdf3a(kdf1(kdf1(kdf1(kdf2a(kdf2a(kdf1(CK0,g2b(pk(ei_1))),k2b(dh(pk(srB[]),ei_1))),k2b(dh(pk(srB[]),siA[]))),g2b(pk(er_1))),k2b(dh(pk(er_1),ei_1))),k2b(dh(pk(er_1),siA[]))),k2b(psk[])),KEMPTY),zero_nonce,witnessR[],EMPTY) in phase 1.
By 1, the attacker may know EMPTY in phase 1.
Using the function aead_dec the attacker may obtain witnessR[] in phase 1.
attacker_p1(witnessR[]).

52. By 51, attacker_p1(witnessR[]).
The goal is reached, represented in the following fact:
attacker_p1(witnessR[]).


A more detailed output of the traces is available with
  set traceDisplay = long.

new siA: exponent creating siA_1 at {1}

new srB: exponent creating srB_1 at {3}

new psk: key creating psk_3 at {5}

out(net, (~M,~M_1,~M_2)) with ~M = pk(siA_1), ~M_1 = pk(srB_1), ~M_2 = psk_3 at {6}

event InitiatorBegin(pk(siA_1),pk(srB_1)) at {10} in copy a

new ei: exponent creating ei_2 at {11} in copy a

new tai64n: bitstring creating tai64n_3 at {23} in copy a

out(net, (~M_3,~M_4,~M_5,~M_6)) with ~M_3 = pk(ei_2), ~M_4 = aead(kdf2b(kdf1(CK0,g2b(pk(ei_2))),k2b(dh(pk(srB_1),ei_2))),zero_nonce,g2b(pk(siA_1)),hT1(pk(srB_1),pk(ei_2))), ~M_5 = aead(kdf2b(kdf2a(kdf1(CK0,g2b(pk(ei_2))),k2b(dh(pk(srB_1),ei_2))),k2b(dh(pk(srB_1),siA_1))),zero_nonce,tai64n_3,hT2(pk(srB_1),pk(ei_2),aead(kdf2b(kdf1(CK0,g2b(pk(ei_2))),k2b(dh(pk(srB_1),ei_2))),zero_nonce,g2b(pk(siA_1)),hT1(pk(srB_1),pk(ei_2))))), ~M_6 = mac(hash(concat(LABEL_MAC1,g2b(pk(srB_1)))),concat(g2b(pk(ei_2)),concat(aead(kdf2b(kdf1(CK0,g2b(pk(ei_2))),k2b(dh(pk(srB_1),ei_2))),zero_nonce,g2b(pk(siA_1)),hT1(pk(srB_1),pk(ei_2))),aead(kdf2b(kdf2a(kdf1(CK0,g2b(pk(ei_2))),k2b(dh(pk(srB_1),ei_2))),k2b(dh(pk(srB_1),siA_1))),zero_nonce,tai64n_3,hT2(pk(srB_1),pk(ei_2),aead(kdf2b(kdf1(CK0,g2b(pk(ei_2))),k2b(dh(pk(srB_1),ei_2))),zero_nonce,g2b(pk(siA_1)),hT1(pk(srB_1),pk(ei_2)))))))) at {27} in copy a

in(net, (~M_3,~M_4,~M_5,a_1)) with ~M_3 = pk(ei_2), ~M_4 = aead(kdf2b(kdf1(CK0,g2b(pk(ei_2))),k2b(dh(pk(srB_1),ei_2))),zero_nonce,g2b(pk(siA_1)),hT1(pk(srB_1),pk(ei_2))), ~M_5 = aead(kdf2b(kdf2a(kdf1(CK0,g2b(pk(ei_2))),k2b(dh(pk(srB_1),ei_2))),k2b(dh(pk(srB_1),siA_1))),zero_nonce,tai64n_3,hT2(pk(srB_1),pk(ei_2),aead(kdf2b(kdf1(CK0,g2b(pk(ei_2))),k2b(dh(pk(srB_1),ei_2))),zero_nonce,g2b(pk(siA_1)),hT1(pk(srB_1),pk(ei_2))))) at {45} in copy a_2

new er: exponent creating er_2 at {58} in copy a_2

event ResponderBegin(pk(siA_1),pk(srB_1),kdf2a(kdf3a(kdf1(kdf1(kdf1(kdf2a(kdf2a(kdf1(CK0,g2b(pk(ei_2))),k2b(dh(pk(ei_2),srB_1))),k2b(dh(pk(siA_1),srB_1))),g2b(pk(er_2))),k2b(dh(pk(ei_2),er_2))),k2b(dh(pk(siA_1),er_2))),k2b(psk_3)),KEMPTY),kdf2b(kdf3a(kdf1(kdf1(kdf1(kdf2a(kdf2a(kdf1(CK0,g2b(pk(ei_2))),k2b(dh(pk(ei_2),srB_1))),k2b(dh(pk(siA_1),srB_1))),g2b(pk(er_2))),k2b(dh(pk(ei_2),er_2))),k2b(dh(pk(siA_1),er_2))),k2b(psk_3)),KEMPTY)) at {72} in copy a_2

out(net, (~M_7,~M_8,~M_9)) with ~M_7 = pk(er_2), ~M_8 = aead(kdf3c(kdf1(kdf1(kdf1(kdf2a(kdf2a(kdf1(CK0,g2b(pk(ei_2))),k2b(dh(pk(ei_2),srB_1))),k2b(dh(pk(siA_1),srB_1))),g2b(pk(er_2))),k2b(dh(pk(ei_2),er_2))),k2b(dh(pk(siA_1),er_2))),k2b(psk_3)),zero_nonce,EMPTY,hT5(pk(srB_1),pk(ei_2),aead(kdf2b(kdf1(CK0,g2b(pk(ei_2))),k2b(dh(pk(srB_1),ei_2))),zero_nonce,g2b(pk(siA_1)),hT1(pk(srB_1),pk(ei_2))),aead(kdf2b(kdf2a(kdf1(CK0,g2b(pk(ei_2))),k2b(dh(pk(srB_1),ei_2))),k2b(dh(pk(srB_1),siA_1))),zero_nonce,tai64n_3,hT2(pk(srB_1),pk(ei_2),aead(kdf2b(kdf1(CK0,g2b(pk(ei_2))),k2b(dh(pk(srB_1),ei_2))),zero_nonce,g2b(pk(siA_1)),hT1(pk(srB_1),pk(ei_2))))),pk(er_2),kdf3b(kdf1(kdf1(kdf1(kdf2a(kdf2a(kdf1(CK0,g2b(pk(ei_2))),k2b(dh(pk(ei_2),srB_1))),k2b(dh(pk(siA_1),srB_1))),g2b(pk(er_2))),k2b(dh(pk(ei_2),er_2))),k2b(dh(pk(siA_1),er_2))),k2b(psk_3)))), ~M_9 = mac(hash(concat(LABEL_MAC1,g2b(pk(siA_1)))),concat(g2b(pk(er_2)),aead(kdf3c(kdf1(kdf1(kdf1(kdf2a(kdf2a(kdf1(CK0,g2b(pk(ei_2))),k2b(dh(pk(ei_2),srB_1))),k2b(dh(pk(siA_1),srB_1))),g2b(pk(er_2))),k2b(dh(pk(ei_2),er_2))),k2b(dh(pk(siA_1),er_2))),k2b(psk_3)),zero_nonce,EMPTY,hT5(pk(srB_1),pk(ei_2),aead(kdf2b(kdf1(CK0,g2b(pk(ei_2))),k2b(dh(pk(srB_1),ei_2))),zero_nonce,g2b(pk(siA_1)),hT1(pk(srB_1),pk(ei_2))),aead(kdf2b(kdf2a(kdf1(CK0,g2b(pk(ei_2))),k2b(dh(pk(srB_1),ei_2))),k2b(dh(pk(srB_1),siA_1))),zero_nonce,tai64n_3,hT2(pk(srB_1),pk(ei_2),aead(kdf2b(kdf1(CK0,g2b(pk(ei_2))),k2b(dh(pk(srB_1),ei_2))),zero_nonce,g2b(pk(siA_1)),hT1(pk(srB_1),pk(ei_2))))),pk(er_2),kdf3b(kdf1(kdf1(kdf1(kdf2a(kdf2a(kdf1(CK0,g2b(pk(ei_2))),k2b(dh(pk(ei_2),srB_1))),k2b(dh(pk(siA_1),srB_1))),g2b(pk(er_2))),k2b(dh(pk(ei_2),er_2))),k2b(dh(pk(siA_1),er_2))),k2b(psk_3)))))) at {73} in copy a_2

in(net, (~M_7,~M_8,a_3)) with ~M_7 = pk(er_2), ~M_8 = aead(kdf3c(kdf1(kdf1(kdf1(kdf2a(kdf2a(kdf1(CK0,g2b(pk(ei_2))),k2b(dh(pk(srB_1),ei_2))),k2b(dh(pk(srB_1),siA_1))),g2b(pk(er_2))),k2b(dh(pk(er_2),ei_2))),k2b(dh(pk(er_2),siA_1))),k2b(psk_3)),zero_nonce,EMPTY,hT5(pk(srB_1),pk(ei_2),aead(kdf2b(kdf1(CK0,g2b(pk(ei_2))),k2b(dh(pk(srB_1),ei_2))),zero_nonce,g2b(pk(siA_1)),hT1(pk(srB_1),pk(ei_2))),aead(kdf2b(kdf2a(kdf1(CK0,g2b(pk(ei_2))),k2b(dh(pk(srB_1),ei_2))),k2b(dh(pk(srB_1),siA_1))),zero_nonce,tai64n_3,hT2(pk(srB_1),pk(ei_2),aead(kdf2b(kdf1(CK0,g2b(pk(ei_2))),k2b(dh(pk(srB_1),ei_2))),zero_nonce,g2b(pk(siA_1)),hT1(pk(srB_1),pk(ei_2))))),pk(er_2),kdf3b(kdf1(kdf1(kdf1(kdf2a(kdf2a(kdf1(CK0,g2b(pk(ei_2))),k2b(dh(pk(srB_1),ei_2))),k2b(dh(pk(srB_1),siA_1))),g2b(pk(er_2))),k2b(dh(pk(er_2),ei_2))),k2b(dh(pk(er_2),siA_1))),k2b(psk_3)))) at {28} in copy a

event InitiatorDone(pk(siA_1),pk(srB_1),kdf2a(kdf3a(kdf1(kdf1(kdf1(kdf2a(kdf2a(kdf1(CK0,g2b(pk(ei_2))),k2b(dh(pk(srB_1),ei_2))),k2b(dh(pk(srB_1),siA_1))),g2b(pk(er_2))),k2b(dh(pk(er_2),ei_2))),k2b(dh(pk(er_2),siA_1))),k2b(psk_3)),KEMPTY),kdf2b(kdf3a(kdf1(kdf1(kdf1(kdf2a(kdf2a(kdf1(CK0,g2b(pk(ei_2))),k2b(dh(pk(srB_1),ei_2))),k2b(dh(pk(srB_1),siA_1))),g2b(pk(er_2))),k2b(dh(pk(er_2),ei_2))),k2b(dh(pk(er_2),siA_1))),k2b(psk_3)),KEMPTY)) at {40} in copy a

out(net, ~M_10) with ~M_10 = aead(kdf2a(kdf3a(kdf1(kdf1(kdf1(kdf2a(kdf2a(kdf1(CK0,g2b(pk(ei_2))),k2b(dh(pk(srB_1),ei_2))),k2b(dh(pk(srB_1),siA_1))),g2b(pk(er_2))),k2b(dh(pk(er_2),ei_2))),k2b(dh(pk(er_2),siA_1))),k2b(psk_3)),KEMPTY),zero_nonce,witnessI,EMPTY) at {41} in copy a

in(net, ~M_10) with ~M_10 = aead(kdf2a(kdf3a(kdf1(kdf1(kdf1(kdf2a(kdf2a(kdf1(CK0,g2b(pk(ei_2))),k2b(dh(pk(srB_1),ei_2))),k2b(dh(pk(srB_1),siA_1))),g2b(pk(er_2))),k2b(dh(pk(er_2),ei_2))),k2b(dh(pk(er_2),siA_1))),k2b(psk_3)),KEMPTY),zero_nonce,witnessI,EMPTY) at {74} in copy a_2

event ResponderDone(pk(siA_1),pk(srB_1),kdf2a(kdf3a(kdf1(kdf1(kdf1(kdf2a(kdf2a(kdf1(CK0,g2b(pk(ei_2))),k2b(dh(pk(ei_2),srB_1))),k2b(dh(pk(siA_1),srB_1))),g2b(pk(er_2))),k2b(dh(pk(ei_2),er_2))),k2b(dh(pk(siA_1),er_2))),k2b(psk_3)),KEMPTY),kdf2b(kdf3a(kdf1(kdf1(kdf1(kdf2a(kdf2a(kdf1(CK0,g2b(pk(ei_2))),k2b(dh(pk(ei_2),srB_1))),k2b(dh(pk(siA_1),srB_1))),g2b(pk(er_2))),k2b(dh(pk(ei_2),er_2))),k2b(dh(pk(siA_1),er_2))),k2b(psk_3)),KEMPTY)) at {76} in copy a_2

out(net, ~M_11) with ~M_11 = aead(kdf2b(kdf3a(kdf1(kdf1(kdf1(kdf2a(kdf2a(kdf1(CK0,g2b(pk(ei_2))),k2b(dh(pk(ei_2),srB_1))),k2b(dh(pk(siA_1),srB_1))),g2b(pk(er_2))),k2b(dh(pk(ei_2),er_2))),k2b(dh(pk(siA_1),er_2))),k2b(psk_3)),KEMPTY),zero_nonce,witnessR,EMPTY) at {77} in copy a_2

in(net, ~M_1) with ~M_1 = pk(srB_1) at {80} in copy a_4

out(net, ~M_12) with ~M_12 = srB_1 at {81} in copy a_4

in(net, ~M_7) with ~M_7 = pk(er_2) at {80} in copy a_5

out(net, ~M_13) with ~M_13 = er_2 at {81} in copy a_5

The attacker has the message aead_dec(kdf2b(kdf3a(kdf1(kdf1(kdf1(kdf2a(kdf2a(kdf1(CK0,g2b(~M_3)),k2b(dh(~M_3,~M_12))),k2b(dh(~M,~M_12))),g2b(~M_7)),k2b(dh(~M_3,~M_13))),k2b(dh(~M,~M_13))),k2b(~M_2)),KEMPTY),zero_nonce,~M_11,EMPTY) = witnessR in phase 1.
A trace has been found.
RESULT not attacker_p1(witnessR[]) is false.

--------------------------------------------------------------
Verification summary:

Query not attacker_p1(witnessI[]) is false.

Query not attacker_p1(witnessR[]) is false.

--------------------------------------------------------------

